Archive member included to satisfy reference by file (symbol)

C:/ST/STM32CubeIDE_1.18.0/STM32CubeIDE/plugins/com.st.stm32cube.ide.mcu.externaltools.gnu-tools-for-stm32.13.3.rel1.win32_1.0.0.202411081344/tools/bin/../lib/gcc/arm-none-eabi/13.3.1/../../../../arm-none-eabi/lib/thumb/v7e-m+dp/hard\libm.a(libm_a-wf_acos.o)
                              ./Core/Src/main.o (acosf)
C:/ST/STM32CubeIDE_1.18.0/STM32CubeIDE/plugins/com.st.stm32cube.ide.mcu.externaltools.gnu-tools-for-stm32.13.3.rel1.win32_1.0.0.202411081344/tools/bin/../lib/gcc/arm-none-eabi/13.3.1/../../../../arm-none-eabi/lib/thumb/v7e-m+dp/hard\libm.a(libm_a-wf_sqrt.o)
                              ./Core/Src/main.o (sqrtf)
C:/ST/STM32CubeIDE_1.18.0/STM32CubeIDE/plugins/com.st.stm32cube.ide.mcu.externaltools.gnu-tools-for-stm32.13.3.rel1.win32_1.0.0.202411081344/tools/bin/../lib/gcc/arm-none-eabi/13.3.1/../../../../arm-none-eabi/lib/thumb/v7e-m+dp/hard\libm.a(libm_a-sf_atan.o)
                              ./Core/Src/main.o (atanf)
C:/ST/STM32CubeIDE_1.18.0/STM32CubeIDE/plugins/com.st.stm32cube.ide.mcu.externaltools.gnu-tools-for-stm32.13.3.rel1.win32_1.0.0.202411081344/tools/bin/../lib/gcc/arm-none-eabi/13.3.1/../../../../arm-none-eabi/lib/thumb/v7e-m+dp/hard\libm.a(libm_a-sf_fabs.o)
                              C:/ST/STM32CubeIDE_1.18.0/STM32CubeIDE/plugins/com.st.stm32cube.ide.mcu.externaltools.gnu-tools-for-stm32.13.3.rel1.win32_1.0.0.202411081344/tools/bin/../lib/gcc/arm-none-eabi/13.3.1/../../../../arm-none-eabi/lib/thumb/v7e-m+dp/hard\libm.a(libm_a-wf_acos.o) (fabsf)
C:/ST/STM32CubeIDE_1.18.0/STM32CubeIDE/plugins/com.st.stm32cube.ide.mcu.externaltools.gnu-tools-for-stm32.13.3.rel1.win32_1.0.0.202411081344/tools/bin/../lib/gcc/arm-none-eabi/13.3.1/../../../../arm-none-eabi/lib/thumb/v7e-m+dp/hard\libm.a(libm_a-sf_nan.o)
                              C:/ST/STM32CubeIDE_1.18.0/STM32CubeIDE/plugins/com.st.stm32cube.ide.mcu.externaltools.gnu-tools-for-stm32.13.3.rel1.win32_1.0.0.202411081344/tools/bin/../lib/gcc/arm-none-eabi/13.3.1/../../../../arm-none-eabi/lib/thumb/v7e-m+dp/hard\libm.a(libm_a-wf_acos.o) (nanf)
C:/ST/STM32CubeIDE_1.18.0/STM32CubeIDE/plugins/com.st.stm32cube.ide.mcu.externaltools.gnu-tools-for-stm32.13.3.rel1.win32_1.0.0.202411081344/tools/bin/../lib/gcc/arm-none-eabi/13.3.1/../../../../arm-none-eabi/lib/thumb/v7e-m+dp/hard\libm.a(libm_a-ef_sqrt.o)
                              C:/ST/STM32CubeIDE_1.18.0/STM32CubeIDE/plugins/com.st.stm32cube.ide.mcu.externaltools.gnu-tools-for-stm32.13.3.rel1.win32_1.0.0.202411081344/tools/bin/../lib/gcc/arm-none-eabi/13.3.1/../../../../arm-none-eabi/lib/thumb/v7e-m+dp/hard\libm.a(libm_a-wf_sqrt.o) (__ieee754_sqrtf)
C:/ST/STM32CubeIDE_1.18.0/STM32CubeIDE/plugins/com.st.stm32cube.ide.mcu.externaltools.gnu-tools-for-stm32.13.3.rel1.win32_1.0.0.202411081344/tools/bin/../lib/gcc/arm-none-eabi/13.3.1/../../../../arm-none-eabi/lib/thumb/v7e-m+dp/hard\libm.a(libm_a-ef_acos.o)
                              C:/ST/STM32CubeIDE_1.18.0/STM32CubeIDE/plugins/com.st.stm32cube.ide.mcu.externaltools.gnu-tools-for-stm32.13.3.rel1.win32_1.0.0.202411081344/tools/bin/../lib/gcc/arm-none-eabi/13.3.1/../../../../arm-none-eabi/lib/thumb/v7e-m+dp/hard\libm.a(libm_a-wf_acos.o) (__ieee754_acosf)
C:/ST/STM32CubeIDE_1.18.0/STM32CubeIDE/plugins/com.st.stm32cube.ide.mcu.externaltools.gnu-tools-for-stm32.13.3.rel1.win32_1.0.0.202411081344/tools/bin/../lib/gcc/arm-none-eabi/13.3.1/../../../../arm-none-eabi/lib/thumb/v7e-m+dp/hard\libc_nano.a(libc_a-assert.o)
                              ./Core/Src/main.o (__assert_func)
C:/ST/STM32CubeIDE_1.18.0/STM32CubeIDE/plugins/com.st.stm32cube.ide.mcu.externaltools.gnu-tools-for-stm32.13.3.rel1.win32_1.0.0.202411081344/tools/bin/../lib/gcc/arm-none-eabi/13.3.1/../../../../arm-none-eabi/lib/thumb/v7e-m+dp/hard\libc_nano.a(libc_a-exit.o)
                              C:/ST/STM32CubeIDE_1.18.0/STM32CubeIDE/plugins/com.st.stm32cube.ide.mcu.externaltools.gnu-tools-for-stm32.13.3.rel1.win32_1.0.0.202411081344/tools/bin/../lib/gcc/arm-none-eabi/13.3.1/../../../../arm-none-eabi/lib/thumb/v7e-m+dp/hard/crt0.o (exit)
C:/ST/STM32CubeIDE_1.18.0/STM32CubeIDE/plugins/com.st.stm32cube.ide.mcu.externaltools.gnu-tools-for-stm32.13.3.rel1.win32_1.0.0.202411081344/tools/bin/../lib/gcc/arm-none-eabi/13.3.1/../../../../arm-none-eabi/lib/thumb/v7e-m+dp/hard\libc_nano.a(libc_a-findfp.o)
                              C:/ST/STM32CubeIDE_1.18.0/STM32CubeIDE/plugins/com.st.stm32cube.ide.mcu.externaltools.gnu-tools-for-stm32.13.3.rel1.win32_1.0.0.202411081344/tools/bin/../lib/gcc/arm-none-eabi/13.3.1/../../../../arm-none-eabi/lib/thumb/v7e-m+dp/hard\libc_nano.a(libc_a-exit.o) (__stdio_exit_handler)
C:/ST/STM32CubeIDE_1.18.0/STM32CubeIDE/plugins/com.st.stm32cube.ide.mcu.externaltools.gnu-tools-for-stm32.13.3.rel1.win32_1.0.0.202411081344/tools/bin/../lib/gcc/arm-none-eabi/13.3.1/../../../../arm-none-eabi/lib/thumb/v7e-m+dp/hard\libc_nano.a(libc_a-fprintf.o)
[...]
Memory Configuration

Name             Origin             Length             Attributes
FLASH            0x08000000         0x00200000         xr
DTCMRAM          0x20000000         0x00020000         xrw
RAM_D1           0x24000000         0x00080000         xrw
RAM_D2           0x30000000         0x00048000         xrw
RAM_D3           0x38000000         0x00010000         xrw
ITCMRAM          0x00000000         0x00010000         xrw
*default*        0x00000000         0xffffffff

Linker script and memory map

LOAD C:/ST/STM32CubeIDE_1.18.0/STM32CubeIDE/plugins/com.st.stm32cube.ide.mcu.externaltools.gnu-tools-for-stm32.13.3.rel1.win32_1.0.0.202411081344/tools/bin/../lib/gcc/arm-none-eabi/13.3.1/thumb/v7e-m+dp/hard/crti.o
LOAD C:/ST/STM32CubeIDE_1.18.0/STM32CubeIDE/plugins/com.st.stm32cube.ide.mcu.externaltools.gnu-tools-for-stm32.13.3.rel1.win32_1.0.0.202411081344/tools/bin/../lib/gcc/arm-none-eabi/13.3.1/thumb/v7e-m+dp/hard/crtbegin.o
LOAD C:/ST/STM32CubeIDE_1.18.0/STM32CubeIDE/plugins/com.st.stm32cube.ide.mcu.externaltools.gnu-tools-for-stm32.13.3.rel1.win32_1.0.0.202411081344/tools/bin/../lib/gcc/arm-none-eabi/13.3.1/../../../../arm-none-eabi/lib/thumb/v7e-m+dp/hard/crt0.o
LOAD ./Core/Src/CircularBuffer.o
LOAD ./Core/Src/PID.o
LOAD ./Core/Src/main.o
LOAD ./Core/Src/stm32h7xx_hal_msp.o
LOAD ./Core/Src/stm32h7xx_it.o
LOAD ./Core/Src/syscalls.o
LOAD ./Core/Src/sysmem.o
LOAD ./Core/Src/system_stm32h7xx.o
LOAD ./Core/Startup/startup_stm32h753zitx.o
LOAD ./Drivers/BSP/STM32H7xx_Nucleo/stm32h7xx_nucleo.o
LOAD ./Drivers/STM32H7xx_HAL_Driver/Src/stm32h7xx_hal.o
LOAD ./Drivers/STM32H7xx_HAL_Driver/Src/stm32h7xx_hal_adc.o
LOAD ./Drivers/STM32H7xx_HAL_Driver/Src/stm32h7xx_hal_adc_ex.o
LOAD ./Drivers/STM32H7xx_HAL_Driver/Src/stm32h7xx_hal_cortex.o
LOAD ./Drivers/STM32H7xx_HAL_Driver/Src/stm32h7xx_hal_dma.o
LOAD ./Drivers/STM32H7xx_HAL_Driver/Src/stm32h7xx_hal_dma_ex.o
LOAD ./Drivers/STM32H7xx_HAL_Driver/Src/stm32h7xx_hal_exti.o
LOAD ./Drivers/STM32H7xx_HAL_Driver/Src/stm32h7xx_hal_flash.o
LOAD ./Drivers/STM32H7xx_HAL_Driver/Src/stm32h7xx_hal_flash_ex.o
LOAD ./Drivers/STM32H7xx_HAL_Driver/Src/stm32h7xx_hal_gpio.o
LOAD ./Drivers/STM32H7xx_HAL_Driver/Src/stm32h7xx_hal_hsem.o
LOAD ./Drivers/STM32H7xx_HAL_Driver/Src/stm32h7xx_hal_i2c.o
LOAD ./Drivers/STM32H7xx_HAL_Driver/Src/stm32h7xx_hal_i2c_ex.o
LOAD ./Drivers/STM32H7xx_HAL_Driver/Src/stm32h7xx_hal_mdma.o
LOAD ./Drivers/STM32H7xx_HAL_Driver/Src/stm32h7xx_hal_pwr.o
LOAD ./Drivers/STM32H7xx_HAL_Driver/Src/stm32h7xx_hal_pwr_ex.o
LOAD ./Drivers/STM32H7xx_HAL_Driver/Src/stm32h7xx_hal_rcc.o
LOAD ./Drivers/STM32H7xx_HAL_Driver/Src/stm32h7xx_hal_rcc_ex.o
LOAD ./Drivers/STM32H7xx_HAL_Driver/Src/stm32h7xx_hal_tim.o
LOAD ./Drivers/STM32H7xx_HAL_Driver/Src/stm32h7xx_hal_tim_ex.o
LOAD ./Drivers/STM32H7xx_HAL_Driver/Src/stm32h7xx_hal_uart.o
LOAD ./Drivers/STM32H7xx_HAL_Driver/Src/stm32h7xx_hal_uart_ex.o
LOAD ./Drivers/STM32H7xx_HAL_Driver/Src/stm32h7xx_hal_usart.o
LOAD ./Drivers/STM32H7xx_HAL_Driver/Src/stm32h7xx_hal_usart_ex.o
START GROUP
LOAD C:/ST/STM32CubeIDE_1.18.0/STM32CubeIDE/plugins/com.st.stm32cube.ide.mcu.externaltools.gnu-tools-for-stm32.13.3.rel1.win32_1.0.0.202411081344/tools/bin/../lib/gcc/arm-none-eabi/13.3.1/../../../../arm-none-eabi/lib/thumb/v7e-m+dp/hard\libstdc++_nano.a
LOAD C:/ST/STM32CubeIDE_1.18.0/STM32CubeIDE/plugins/com.st.stm32cube.ide.mcu.externaltools.gnu-tools-for-stm32.13.3.rel1.win32_1.0.0.202411081344/tools/bin/../lib/gcc/arm-none-eabi/13.3.1/../../../../arm-none-eabi/lib/thumb/v7e-m+dp/hard\libsupc++_nano.a
END GROUP
LOAD C:/ST/STM32CubeIDE_1.18.0/STM32CubeIDE/plugins/com.st.stm32cube.ide.mcu.externaltools.gnu-tools-for-stm32.13.3.rel1.win32_1.0.0.202411081344/tools/bin/../lib/gcc/arm-none-eabi/13.3.1/../../../../arm-none-eabi/lib/thumb/v7e-m+dp/hard\libstdc++_nano.a
LOAD C:/ST/STM32CubeIDE_1.18.0/STM32CubeIDE/plugins/com.st.stm32cube.ide.mcu.externaltools.gnu-tools-for-stm32.13.3.rel1.win32_1.0.0.202411081344/tools/bin/../lib/gcc/arm-none-eabi/13.3.1/../../../../arm-none-eabi/lib/thumb/v7e-m+dp/hard\libm.a
LOAD C:/ST/STM32CubeIDE_1.18.0/STM32CubeIDE/plugins/com.st.stm32cube.ide.mcu.externaltools.gnu-tools-for-stm32.13.3.rel1.win32_1.0.0.202411081344/tools/bin/../lib/gcc/arm-none-eabi/13.3.1/../../../../arm-none-eabi/lib/thumb/v7e-m+dp/hard\libc_nano.a
START GROUP
LOAD C:/ST/STM32CubeIDE_1.18.0/STM32CubeIDE/plugins/com.st.stm32cube.ide.mcu.externaltools.gnu-tools-for-stm32.13.3.rel1.win32_1.0.0.202411081344/tools/bin/../lib/gcc/arm-none-eabi/13.3.1/thumb/v7e-m+dp/hard\libgcc.a
LOAD C:/ST/STM32CubeIDE_1.18.0/STM32CubeIDE/plugins/com.st.stm32cube.ide.mcu.externaltools.gnu-tools-for-stm32.13.3.rel1.win32_1.0.0.202411081344/tools/bin/../lib/gcc/arm-none-eabi/13.3.1/../../../../arm-none-eabi/lib/thumb/v7e-m+dp/hard\libc_nano.a
END GROUP
START GROUP
LOAD C:/ST/STM32CubeIDE_1.18.0/STM32CubeIDE/plugins/com.st.stm32cube.ide.mcu.externaltools.gnu-tools-for-stm32.13.3.rel1.win32_1.0.0.202411081344/tools/bin/../lib/gcc/arm-none-eabi/13.3.1/thumb/v7e-m+dp/hard\libgcc.a
LOAD C:/ST/STM32CubeIDE_1.18.0/STM32CubeIDE/plugins/com.st.stm32cube.ide.mcu.externaltools.gnu-tools-for-stm32.13.3.rel1.win32_1.0.0.202411081344/tools/bin/../lib/gcc/arm-none-eabi/13.3.1/../../../../arm-none-eabi/lib/thumb/v7e-m+dp/hard\libc_nano.a
END GROUP
LOAD C:/ST/STM32CubeIDE_1.18.0/STM32CubeIDE/plugins/com.st.stm32cube.ide.mcu.externaltools.gnu-tools-for-stm32.13.3.rel1.win32_1.0.0.202411081344/tools/bin/../lib/gcc/arm-none-eabi/13.3.1/thumb/v7e-m+dp/hard/crtend.o
LOAD C:/ST/STM32CubeIDE_1.18.0/STM32CubeIDE/plugins/com.st.stm32cube.ide.mcu.externaltools.gnu-tools-for-stm32.13.3.rel1.win32_1.0.0.202411081344/tools/bin/../lib/gcc/arm-none-eabi/13.3.1/thumb/v7e-m+dp/hard/crtn.o
                0x24080000                        _estack = (ORIGIN (RAM_D1) + LENGTH (RAM_D1))
                0x00000200                        _Min_Heap_Size = 0x200
                0x00000400                        _Min_Stack_Size = 0x400

.isr_vector     0x08000000      0x298
                0x08000000                        . = ALIGN (0x4)
 *(.isr_vector)
 .isr_vector    0x08000000      0x298 ./Core/Startup/startup_stm32h753zitx.o
                0x08000000                g_pfnVectors
                0x08000298                        . = ALIGN (0x4)

.text           0x080002a0     0xefcc
                0x080002a0                        . = ALIGN (0x4)
 *(.text)
 .text          0x080002a0       0x40 C:/ST/STM32CubeIDE_1.18.0/STM32CubeIDE/plugins/com.st.stm32cube.ide.mcu.externaltools.gnu-tools-for-stm32.13.3.rel1.win32_1.0.0.202411081344/tools/bin/../lib/gcc/arm-none-eabi/13.3.1/thumb/v7e-m+dp/hard/crtbegin.o
 .text          0x080002e0       0xa0 C:/ST/STM32CubeIDE_1.18.0/STM32CubeIDE/plugins/com.st.stm32cube.ide.mcu.externaltools.gnu-tools-for-stm32.13.3.rel1.win32_1.0.0.202411081344/tools/bin/../lib/gcc/arm-none-eabi/13.3.1/../../../../arm-none-eabi/lib/thumb/v7e-m+dp/hard\libc_nano.a(libc_a-memchr.o)
                0x080002e0                memchr
 .text          0x08000380       0x30 C:/ST/STM32CubeIDE_1.18.0/STM32CubeIDE/plugins/com.st.stm32cube.ide.mcu.externaltools.gnu-tools-for-stm32.13.3.rel1.win32_1.0.0.202411081344/tools/bin/../lib/gcc/arm-none-eabi/13.3.1/thumb/v7e-m+dp/hard\libgcc.a(_aeabi_uldivmod.o)
                0x08000380                __aeabi_uldivmod
 .text          0x080003b0      0x2f8 C:/ST/STM32CubeIDE_1.18.0/STM32CubeIDE/plugins/com.st.stm32cube.ide.mcu.externaltools.gnu-tools-for-stm32.13.3.rel1.win32_1.0.0.202411081344/tools/bin/../lib/gcc/arm-none-eabi/13.3.1/thumb/v7e-m+dp/hard\libgcc.a(_udivmoddi4.o)
                0x080003b0                __udivmoddi4
 .text          0x080006a8        0x4 C:/ST/STM32CubeIDE_1.18.0/STM32CubeIDE/plugins/com.st.stm32cube.ide.mcu.externaltools.gnu-tools-for-stm32.13.3.rel1.win32_1.0.0.202411081344/tools/bin/../lib/gcc/arm-none-eabi/13.3.1/thumb/v7e-m+dp/hard\libgcc.a(_dvmd_tls.o)
                0x080006a8                __aeabi_idiv0
                0x080006a8                __aeabi_ldiv0
 *(.text*)
 .text._ZN14CircularBufferC2Ev
                0x080006ac       0x26 ./Core/Src/CircularBuffer.o
                0x080006ac                CircularBuffer::CircularBuffer()
                0x080006ac                CircularBuffer::CircularBuffer()
 *fill*         0x080006d2        0x2 
 .text._Z41__static_initialization_and_destruction_0v
                0x080006d4       0x14 ./Core/Src/PID.o
 .text._GLOBAL__sub_I_errors
                0x080006e8        0xa ./Core/Src/PID.o
 .text._ZSt4acosf
                0x080006f2       0x20 ./Core/Src/main.o
                0x080006f2                std::acos(float)
 .text._ZSt4atanf
                0x08000712       0x20 ./Core/Src/main.o
                0x08000712                std::atan(float)
 .text._ZSt4sqrtf
                0x08000732       0x20 ./Core/Src/main.o
                0x08000732                std::sqrt(float)
 .text._ZN5Eigen8internal5all_tC2Ev
                0x08000752       0x16 ./Core/Src/main.o
                0x08000752                Eigen::internal::all_t::all_t()
                0x08000752                Eigen::internal::all_t::all_t()
 .text.HAL_TIM_IC_CaptureCallback
                0x08000768       0x7c ./Core/Src/main.o
                0x08000768                HAL_TIM_IC_CaptureCallback
 *fill*         0x080007e4        0x4 
 .text.main     0x080007e8      0x144 ./Core/Src/main.o
                0x080007e8                main
 .text._Z18SystemClock_Configv
                0x0800092c      0x120 ./Core/Src/main.o
                0x0800092c                SystemClock_Config()
 .text._ZL19MX_USART3_UART_Initv
                0x08000a4c       0xc0 ./Core/Src/main.o
 .text._ZL12MX_ADC1_Initv
                0x08000b0c      0x118 ./Core/Src/main.o
 .text._ZL12MX_TIM1_Initv
                0x08000c24      0x160 ./Core/Src/main.o
 .text._ZL12MX_GPIO_Initv
                0x08000d84      0x1d8 ./Core/Src/main.o
 *fill*         0x08000f5c        0x4 
 .text._Z21rectangular2SphericalPfS_
                0x08000f60      0x114 ./Core/Src/main.o
                0x08000f60                rectangular2Spherical(float*, float*)
 .text._Z13jacobianGuessPfPA2_f
                0x08001074      0x1b0 ./Core/Src/main.o
                0x08001074                jacobianGuess(float*, float (*) [2])
 .text._Z13functionGuessPfPA2_fS_
                0x08001224      0x1fa ./Core/Src/main.o
                0x08001224                functionGuess(float*, float (*) [2], float*)
 *fill*         0x0800141e        0x2 
 .text._Z22calculateTrilaterationPfS_
                0x08001420      0x17c ./Core/Src/main.o
                0x08001420                calculateTrilateration(float*, float*)
 .text.Error_Handler
                0x0800159c        0xc ./Core/Src/main.o
                0x0800159c                Error_Handler
 .text._ZN5Eigen8symbolic10SymbolExprINS_8internal17symbolic_last_tagEEC2Ev
                0x080015a8       0x16 ./Core/Src/main.o
                0x080015a8                Eigen::symbolic::SymbolExpr<Eigen::internal::symbolic_last_tag>::SymbolExpr()
                0x080015a8                Eigen::symbolic::SymbolExpr<Eigen::internal::symbolic_last_tag>::SymbolExpr()
 .text._ZN5Eigen8internal8FixedIntILi1EEC2Ev
                0x080015be       0x16 ./Core/Src/main.o
                0x080015be                Eigen::internal::FixedInt<1>::FixedInt()
                0x080015be                Eigen::internal::FixedInt<1>::FixedInt()
 .text._ZNK5Eigen8internal8FixedIntILi1EEclEv
                0x080015d4       0x16 ./Core/Src/main.o
                0x080015d4                Eigen::internal::FixedInt<1>::operator()() const
 .text._ZNK5Eigen8symbolic8BaseExprINS0_10SymbolExprINS_8internal17symbolic_last_tagEEEEplILi1EEENS0_7AddExprIS5_NS0_9ValueExprINS3_8FixedIntIXT_EEEEEEESB_
                0x080015ea       0x36 ./Core/Src/main.o
                0x080015ea                Eigen::symbolic::AddExpr<Eigen::symbolic::SymbolExpr<Eigen::internal::symbolic_last_tag>, Eigen::symbolic::ValueExpr<Eigen::internal::FixedInt<1> > > Eigen::symbolic::BaseExpr<Eigen::symbolic::SymbolExpr<Eigen::internal::symbolic_last_tag> >::operator+<1>(Eigen::internal::FixedInt<1>) const
 .text._ZN5Eigen8internal22ignore_unused_variableIiEEvRKT_
                0x08001620       0x14 ./Core/Src/main.o
                0x08001620                void Eigen::internal::ignore_unused_variable<int>(int const&)
 .text._ZN5Eigen6MatrixIdLi3ELi3ELi0ELi3ELi3EEC2Ev
                0x08001634       0x1e ./Core/Src/main.o
                0x08001634                Eigen::Matrix<double, 3, 3, 0, 3, 3>::Matrix()
                0x08001634                Eigen::Matrix<double, 3, 3, 0, 3, 3>::Matrix()
 .text._ZN5Eigen9DenseBaseINS_6MatrixIdLi3ELi3ELi0ELi3ELi3EEEElsERKd
                0x08001652       0x1e ./Core/Src/main.o
                0x08001652                Eigen::DenseBase<Eigen::Matrix<double, 3, 3, 0, 3, 3> >::operator<<(double const&)
 .text._ZN5Eigen16CommaInitializerINS_6MatrixIdLi3ELi3ELi0ELi3ELi3EEEED2Ev
                0x08001670       0x18 ./Core/Src/main.o
                0x08001670                Eigen::CommaInitializer<Eigen::Matrix<double, 3, 3, 0, 3, 3> >::~CommaInitializer()
                0x08001670                Eigen::CommaInitializer<Eigen::Matrix<double, 3, 3, 0, 3, 3> >::~CommaInitializer()
 .text._ZN5Eigen16CommaInitializerINS_6MatrixIdLi3ELi3ELi0ELi3ELi3EEEEcmERKd
                0x08001688       0xe0 ./Core/Src/main.o
                0x08001688                Eigen::CommaInitializer<Eigen::Matrix<double, 3, 3, 0, 3, 3> >::operator,(double const&)
 .text._ZNK5Eigen10MatrixBaseINS_6MatrixIdLi3ELi3ELi0ELi3ELi3EEEE7inverseEv
                0x08001768       0x54 ./Core/Src/main.o
                0x08001768                Eigen::MatrixBase<Eigen::Matrix<double, 3, 3, 0, 3, 3> >::inverse() const
 .text._ZN5Eigen6MatrixIdLi3ELi3ELi0ELi3ELi3EEC2INS_7InverseIS1_EEEERKNS_9EigenBaseIT_EE
                0x080017bc       0x26 ./Core/Src/main.o
                0x080017bc                Eigen::Matrix<double, 3, 3, 0, 3, 3>::Matrix<Eigen::Inverse<Eigen::Matrix<double, 3, 3, 0, 3, 3> > >(Eigen::EigenBase<Eigen::Inverse<Eigen::Matrix<double, 3, 3, 0, 3, 3> > > const&)
                0x080017bc                Eigen::Matrix<double, 3, 3, 0, 3, 3>::Matrix<Eigen::Inverse<Eigen::Matrix<double, 3, 3, 0, 3, 3> > >(Eigen::EigenBase<Eigen::Inverse<Eigen::Matrix<double, 3, 3, 0, 3, 3> > > const&)
 .text._ZN5Eigen6MatrixIdLi3ELi1ELi0ELi3ELi1EEC2Ev
                0x080017e2       0x1e ./Core/Src/main.o
                0x080017e2                Eigen::Matrix<double, 3, 1, 0, 3, 1>::Matrix()
                0x080017e2                Eigen::Matrix<double, 3, 1, 0, 3, 1>::Matrix()
 .text._ZN5Eigen9DenseBaseINS_6MatrixIdLi3ELi1ELi0ELi3ELi1EEEElsERKd
                0x08001800       0x1e ./Core/Src/main.o
                0x08001800                Eigen::DenseBase<Eigen::Matrix<double, 3, 1, 0, 3, 1> >::operator<<(double const&)
 .text._ZN5Eigen16CommaInitializerINS_6MatrixIdLi3ELi1ELi0ELi3ELi1EEEED2Ev
                0x0800181e       0x18 ./Core/Src/main.o
                0x0800181e                Eigen::CommaInitializer<Eigen::Matrix<double, 3, 1, 0, 3, 1> >::~CommaInitializer()
                0x0800181e                Eigen::CommaInitializer<Eigen::Matrix<double, 3, 1, 0, 3, 1> >::~CommaInitializer()
 *fill*         0x08001836        0x2 
 .text._ZN5Eigen16CommaInitializerINS_6MatrixIdLi3ELi1ELi0ELi3ELi1EEEEcmERKd
                0x08001838       0xe0 ./Core/Src/main.o
                0x08001838                Eigen::CommaInitializer<Eigen::Matrix<double, 3, 1, 0, 3, 1> >::operator,(double const&)
 .text._ZNK5Eigen10MatrixBaseINS_6MatrixIdLi3ELi3ELi0ELi3ELi3EEEEmlINS1_IdLi3ELi1ELi0ELi3ELi1EEEEEKNS_7ProductIS2_T_Li0EEERKNS0_IS7_EE
                0x08001918       0x2e ./Core/Src/main.o
                0x08001918                Eigen::Product<Eigen::Matrix<double, 3, 3, 0, 3, 3>, Eigen::Matrix<double, 3, 1, 0, 3, 1>, 0> const Eigen::MatrixBase<Eigen::Matrix<double, 3, 3, 0, 3, 3> >::operator*<Eigen::Matrix<double, 3, 1, 0, 3, 1> >(Eigen::MatrixBase<Eigen::Matrix<double, 3, 1, 0, 3, 1> > const&) const
 .text._ZN5Eigen6MatrixIdLi3ELi1ELi0ELi3ELi1EEaSINS_7ProductINS0_IdLi3ELi3ELi0ELi3ELi3EEES1_Li0EEEEERS1_RKNS_9DenseBaseIT_EE
                0x08001946       0x1e ./Core/Src/main.o
                0x08001946                Eigen::Matrix<double, 3, 1, 0, 3, 1>& Eigen::Matrix<double, 3, 1, 0, 3, 1>::operator=<Eigen::Product<Eigen::Matrix<double, 3, 3, 0, 3, 3>, Eigen::Matrix<double, 3, 1, 0, 3, 1>, 0> >(Eigen::DenseBase<Eigen::Product<Eigen::Matrix<double, 3, 3, 0, 3, 3>, Eigen::Matrix<double, 3, 1, 0, 3, 1>, 0> > const&)
 .text._ZN5Eigen15DenseCoeffsBaseINS_6MatrixIdLi3ELi1ELi0ELi3ELi1EEELi1EEixEi
                0x08001964       0x4c ./Core/Src/main.o
                0x08001964                Eigen::DenseCoeffsBase<Eigen::Matrix<double, 3, 1, 0, 3, 1>, 1>::operator[](int)
 .text._ZNK5Eigen8symbolic8BaseExprINS0_10SymbolExprINS_8internal17symbolic_last_tagEEEE7derivedEv
                0x080019b0       0x16 ./Core/Src/main.o
                0x080019b0                Eigen::symbolic::BaseExpr<Eigen::symbolic::SymbolExpr<Eigen::internal::symbolic_last_tag> >::derived() const
 .text._ZN5Eigen8symbolic9ValueExprINS_8internal8FixedIntILi1EEEEC2Ev
                0x080019c6       0x16 ./Core/Src/main.o
                0x080019c6                Eigen::symbolic::ValueExpr<Eigen::internal::FixedInt<1> >::ValueExpr()
                0x080019c6                Eigen::symbolic::ValueExpr<Eigen::internal::FixedInt<1> >::ValueExpr()
 .text._ZN5Eigen8symbolic7AddExprINS0_10SymbolExprINS_8internal17symbolic_last_tagEEENS0_9ValueExprINS3_8FixedIntILi1EEEEEEC2ERKS5_RKS9_
                0x080019dc       0x1a ./Core/Src/main.o
                0x080019dc                Eigen::symbolic::AddExpr<Eigen::symbolic::SymbolExpr<Eigen::internal::symbolic_last_tag>, Eigen::symbolic::ValueExpr<Eigen::internal::FixedInt<1> > >::AddExpr(Eigen::symbolic::SymbolExpr<Eigen::internal::symbolic_last_tag> const&, Eigen::symbolic::ValueExpr<Eigen::internal::FixedInt<1> > const&)
                0x080019dc                Eigen::symbolic::AddExpr<Eigen::symbolic::SymbolExpr<Eigen::internal::symbolic_last_tag>, Eigen::symbolic::ValueExpr<Eigen::internal::FixedInt<1> > >::AddExpr(Eigen::symbolic::SymbolExpr<Eigen::internal::symbolic_last_tag> const&, Eigen::symbolic::ValueExpr<Eigen::internal::FixedInt<1> > const&)
 .text._ZN5Eigen10MatrixBaseINS_6MatrixIdLi3ELi3ELi0ELi3ELi3EEEEC2Ev
                0x080019f6       0x18 ./Core/Src/main.o
                0x080019f6                Eigen::MatrixBase<Eigen::Matrix<double, 3, 3, 0, 3, 3> >::MatrixBase()
                0x080019f6                Eigen::MatrixBase<Eigen::Matrix<double, 3, 3, 0, 3, 3> >::MatrixBase()
 .text._ZN5Eigen15PlainObjectBaseINS_6MatrixIdLi3ELi3ELi0ELi3ELi3EEEEC2Ev
                0x08001a0e       0x20 ./Core/Src/main.o
                0x08001a0e                Eigen::PlainObjectBase<Eigen::Matrix<double, 3, 3, 0, 3, 3> >::PlainObjectBase()
                0x08001a0e                Eigen::PlainObjectBase<Eigen::Matrix<double, 3, 3, 0, 3, 3> >::PlainObjectBase()
 .text._ZN5Eigen15PlainObjectBaseINS_6MatrixIdLi3ELi3ELi0ELi3ELi3EEEE22_check_template_paramsEv
                0x08001a2e        0xe ./Core/Src/main.o
                0x08001a2e                Eigen::PlainObjectBase<Eigen::Matrix<double, 3, 3, 0, 3, 3> >::_check_template_params()
 .text._ZN5Eigen16CommaInitializerINS_6MatrixIdLi3ELi3ELi0ELi3ELi3EEEEC2ERS2_RKd
                0x08001a3c       0x80 ./Core/Src/main.o
                0x08001a3c                Eigen::CommaInitializer<Eigen::Matrix<double, 3, 3, 0, 3, 3> >::CommaInitializer(Eigen::Matrix<double, 3, 3, 0, 3, 3>&, double const&)
                0x08001a3c                Eigen::CommaInitializer<Eigen::Matrix<double, 3, 3, 0, 3, 3> >::CommaInitializer(Eigen::Matrix<double, 3, 3, 0, 3, 3>&, double const&)
 .text._ZN5Eigen16CommaInitializerINS_6MatrixIdLi3ELi3ELi0ELi3ELi3EEEE8finishedEv
                0x08001abc       0x6c ./Core/Src/main.o
                0x08001abc                Eigen::CommaInitializer<Eigen::Matrix<double, 3, 3, 0, 3, 3> >::finished()
 .text._ZNK5Eigen15PlainObjectBaseINS_6MatrixIdLi3ELi3ELi0ELi3ELi3EEEE4colsEv
                0x08001b28       0x16 ./Core/Src/main.o
                0x08001b28                Eigen::PlainObjectBase<Eigen::Matrix<double, 3, 3, 0, 3, 3> >::cols() const
 .text._ZNK5Eigen15PlainObjectBaseINS_6MatrixIdLi3ELi3ELi0ELi3ELi3EEEE4rowsEv
                0x08001b3e       0x16 ./Core/Src/main.o
                0x08001b3e                Eigen::PlainObjectBase<Eigen::Matrix<double, 3, 3, 0, 3, 3> >::rows() const
 .text._ZN5Eigen15PlainObjectBaseINS_6MatrixIdLi3ELi3ELi0ELi3ELi3EEEE8coeffRefEii
                0x08001b54       0x32 ./Core/Src/main.o
                0x08001b54                Eigen::PlainObjectBase<Eigen::Matrix<double, 3, 3, 0, 3, 3> >::coeffRef(int, int)
 .text._ZNK5Eigen9EigenBaseINS_6MatrixIdLi3ELi3ELi0ELi3ELi3EEEE4rowsEv
                0x08001b86       0x20 ./Core/Src/main.o
                0x08001b86                Eigen::EigenBase<Eigen::Matrix<double, 3, 3, 0, 3, 3> >::rows() const
 .text._ZNK5Eigen9EigenBaseINS_6MatrixIdLi3ELi3ELi0ELi3ELi3EEEE4colsEv
                0x08001ba6       0x20 ./Core/Src/main.o
                0x08001ba6                Eigen::EigenBase<Eigen::Matrix<double, 3, 3, 0, 3, 3> >::cols() const
 .text._ZNK5Eigen9EigenBaseINS_6MatrixIdLi3ELi3ELi0ELi3ELi3EEEE7derivedEv
                0x08001bc6       0x16 ./Core/Src/main.o
                0x08001bc6                Eigen::EigenBase<Eigen::Matrix<double, 3, 3, 0, 3, 3> >::derived() const
 .text._ZN5Eigen10MatrixBaseINS_7InverseINS_6MatrixIdLi3ELi3ELi0ELi3ELi3EEEEEEC2Ev
                0x08001bdc       0x18 ./Core/Src/main.o
                0x08001bdc                Eigen::MatrixBase<Eigen::Inverse<Eigen::Matrix<double, 3, 3, 0, 3, 3> > >::MatrixBase()
                0x08001bdc                Eigen::MatrixBase<Eigen::Inverse<Eigen::Matrix<double, 3, 3, 0, 3, 3> > >::MatrixBase()
 .text._ZN5Eigen11InverseImplINS_6MatrixIdLi3ELi3ELi0ELi3ELi3EEENS_5DenseEEC2Ev
                0x08001bf4       0x18 ./Core/Src/main.o
                0x08001bf4                Eigen::InverseImpl<Eigen::Matrix<double, 3, 3, 0, 3, 3>, Eigen::Dense>::InverseImpl()
                0x08001bf4                Eigen::InverseImpl<Eigen::Matrix<double, 3, 3, 0, 3, 3>, Eigen::Dense>::InverseImpl()
 .text._ZN5Eigen7InverseINS_6MatrixIdLi3ELi3ELi0ELi3ELi3EEEEC2ERKS2_
                0x08001c0c       0x20 ./Core/Src/main.o
                0x08001c0c                Eigen::Inverse<Eigen::Matrix<double, 3, 3, 0, 3, 3> >::Inverse(Eigen::Matrix<double, 3, 3, 0, 3, 3> const&)
                0x08001c0c                Eigen::Inverse<Eigen::Matrix<double, 3, 3, 0, 3, 3> >::Inverse(Eigen::Matrix<double, 3, 3, 0, 3, 3> const&)
 .text._ZNK5Eigen9EigenBaseINS_7InverseINS_6MatrixIdLi3ELi3ELi0ELi3ELi3EEEEEE7derivedEv
                0x08001c2c       0x16 ./Core/Src/main.o
                0x08001c2c                Eigen::EigenBase<Eigen::Inverse<Eigen::Matrix<double, 3, 3, 0, 3, 3> > >::derived() const
 .text._ZN5Eigen15PlainObjectBaseINS_6MatrixIdLi3ELi3ELi0ELi3ELi3EEEEC2INS_7InverseIS2_EEEERKNS_9DenseBaseIT_EE
                0x08001c42       0x36 ./Core/Src/main.o
                0x08001c42                Eigen::PlainObjectBase<Eigen::Matrix<double, 3, 3, 0, 3, 3> >::PlainObjectBase<Eigen::Inverse<Eigen::Matrix<double, 3, 3, 0, 3, 3> > >(Eigen::DenseBase<Eigen::Inverse<Eigen::Matrix<double, 3, 3, 0, 3, 3> > > const&)
                0x08001c42                Eigen::PlainObjectBase<Eigen::Matrix<double, 3, 3, 0, 3, 3> >::PlainObjectBase<Eigen::Inverse<Eigen::Matrix<double, 3, 3, 0, 3, 3> > >(Eigen::DenseBase<Eigen::Inverse<Eigen::Matrix<double, 3, 3, 0, 3, 3> > > const&)
 .text._ZN5Eigen10MatrixBaseINS_6MatrixIdLi3ELi1ELi0ELi3ELi1EEEEC2Ev
                0x08001c78       0x18 ./Core/Src/main.o
                0x08001c78                Eigen::MatrixBase<Eigen::Matrix<double, 3, 1, 0, 3, 1> >::MatrixBase()
                0x08001c78                Eigen::MatrixBase<Eigen::Matrix<double, 3, 1, 0, 3, 1> >::MatrixBase()
 .text._ZN5Eigen15PlainObjectBaseINS_6MatrixIdLi3ELi1ELi0ELi3ELi1EEEEC2Ev
                0x08001c90       0x20 ./Core/Src/main.o
                0x08001c90                Eigen::PlainObjectBase<Eigen::Matrix<double, 3, 1, 0, 3, 1> >::PlainObjectBase()
                0x08001c90                Eigen::PlainObjectBase<Eigen::Matrix<double, 3, 1, 0, 3, 1> >::PlainObjectBase()
 .text._ZN5Eigen15PlainObjectBaseINS_6MatrixIdLi3ELi1ELi0ELi3ELi1EEEE22_check_template_paramsEv
                0x08001cb0        0xe ./Core/Src/main.o
                0x08001cb0                Eigen::PlainObjectBase<Eigen::Matrix<double, 3, 1, 0, 3, 1> >::_check_template_params()
 *fill*         0x08001cbe        0x2 
 .text._ZN5Eigen16CommaInitializerINS_6MatrixIdLi3ELi1ELi0ELi3ELi1EEEEC2ERS2_RKd
                0x08001cc0       0x80 ./Core/Src/main.o
                0x08001cc0                Eigen::CommaInitializer<Eigen::Matrix<double, 3, 1, 0, 3, 1> >::CommaInitializer(Eigen::Matrix<double, 3, 1, 0, 3, 1>&, double const&)
                0x08001cc0                Eigen::CommaInitializer<Eigen::Matrix<double, 3, 1, 0, 3, 1> >::CommaInitializer(Eigen::Matrix<double, 3, 1, 0, 3, 1>&, double const&)
 .text._ZN5Eigen16CommaInitializerINS_6MatrixIdLi3ELi1ELi0ELi3ELi1EEEE8finishedEv
                0x08001d40       0x6c ./Core/Src/main.o
                0x08001d40                Eigen::CommaInitializer<Eigen::Matrix<double, 3, 1, 0, 3, 1> >::finished()
 .text._ZNK5Eigen15PlainObjectBaseINS_6MatrixIdLi3ELi1ELi0ELi3ELi1EEEE4colsEv
                0x08001dac       0x16 ./Core/Src/main.o
                0x08001dac                Eigen::PlainObjectBase<Eigen::Matrix<double, 3, 1, 0, 3, 1> >::cols() const
 .text._ZNK5Eigen15PlainObjectBaseINS_6MatrixIdLi3ELi1ELi0ELi3ELi1EEEE4rowsEv
                0x08001dc2       0x16 ./Core/Src/main.o
                0x08001dc2                Eigen::PlainObjectBase<Eigen::Matrix<double, 3, 1, 0, 3, 1> >::rows() const
 .text._ZN5Eigen15PlainObjectBaseINS_6MatrixIdLi3ELi1ELi0ELi3ELi1EEEE8coeffRefEii
                0x08001dd8       0x32 ./Core/Src/main.o
                0x08001dd8                Eigen::PlainObjectBase<Eigen::Matrix<double, 3, 1, 0, 3, 1> >::coeffRef(int, int)
 .text._ZNK5Eigen9EigenBaseINS_6MatrixIdLi3ELi1ELi0ELi3ELi1EEEE7derivedEv
                0x08001e0a       0x16 ./Core/Src/main.o
                0x08001e0a                Eigen::EigenBase<Eigen::Matrix<double, 3, 1, 0, 3, 1> >::derived() const
 .text._ZN5Eigen10MatrixBaseINS_7ProductINS_6MatrixIdLi3ELi3ELi0ELi3ELi3EEENS2_IdLi3ELi1ELi0ELi3ELi1EEELi0EEEEC2Ev
                0x08001e20       0x18 ./Core/Src/main.o
                0x08001e20                Eigen::MatrixBase<Eigen::Product<Eigen::Matrix<double, 3, 3, 0, 3, 3>, Eigen::Matrix<double, 3, 1, 0, 3, 1>, 0> >::MatrixBase()
                0x08001e20                Eigen::MatrixBase<Eigen::Product<Eigen::Matrix<double, 3, 3, 0, 3, 3>, Eigen::Matrix<double, 3, 1, 0, 3, 1>, 0> >::MatrixBase()
 .text._ZN5Eigen8internal18dense_product_baseINS_6MatrixIdLi3ELi3ELi0ELi3ELi3EEENS2_IdLi3ELi1ELi0ELi3ELi1EEELi0ELi3EEC2Ev
                0x08001e38       0x18 ./Core/Src/main.o
                0x08001e38                Eigen::internal::dense_product_base<Eigen::Matrix<double, 3, 3, 0, 3, 3>, Eigen::Matrix<double, 3, 1, 0, 3, 1>, 0, 3>::dense_product_base()
                0x08001e38                Eigen::internal::dense_product_base<Eigen::Matrix<double, 3, 3, 0, 3, 3>, Eigen::Matrix<double, 3, 1, 0, 3, 1>, 0, 3>::dense_product_base()
 .text._ZN5Eigen11ProductImplINS_6MatrixIdLi3ELi3ELi0ELi3ELi3EEENS1_IdLi3ELi1ELi0ELi3ELi1EEELi0ENS_5DenseEEC2Ev
                0x08001e50       0x18 ./Core/Src/main.o
                0x08001e50                Eigen::ProductImpl<Eigen::Matrix<double, 3, 3, 0, 3, 3>, Eigen::Matrix<double, 3, 1, 0, 3, 1>, 0, Eigen::Dense>::ProductImpl()
                0x08001e50                Eigen::ProductImpl<Eigen::Matrix<double, 3, 3, 0, 3, 3>, Eigen::Matrix<double, 3, 1, 0, 3, 1>, 0, Eigen::Dense>::ProductImpl()
 .text._ZN5Eigen7ProductINS_6MatrixIdLi3ELi3ELi0ELi3ELi3EEENS1_IdLi3ELi1ELi0ELi3ELi1EEELi0EEC2ERKS2_RKS3_
                0x08001e68       0x58 ./Core/Src/main.o
                0x08001e68                Eigen::Product<Eigen::Matrix<double, 3, 3, 0, 3, 3>, Eigen::Matrix<double, 3, 1, 0, 3, 1>, 0>::Product(Eigen::Matrix<double, 3, 3, 0, 3, 3> const&, Eigen::Matrix<double, 3, 1, 0, 3, 1> const&)
                0x08001e68                Eigen::Product<Eigen::Matrix<double, 3, 3, 0, 3, 3>, Eigen::Matrix<double, 3, 1, 0, 3, 1>, 0>::Product(Eigen::Matrix<double, 3, 3, 0, 3, 3> const&, Eigen::Matrix<double, 3, 1, 0, 3, 1> const&)
 .text._ZN5Eigen15PlainObjectBaseINS_6MatrixIdLi3ELi1ELi0ELi3ELi1EEEE4_setINS_7ProductINS1_IdLi3ELi3ELi0ELi3ELi3EEES2_Li0EEEEERS2_RKNS_9DenseBaseIT_EE
                0x08001ec0       0x32 ./Core/Src/main.o
                0x08001ec0                Eigen::Matrix<double, 3, 1, 0, 3, 1>& Eigen::PlainObjectBase<Eigen::Matrix<double, 3, 1, 0, 3, 1> >::_set<Eigen::Product<Eigen::Matrix<double, 3, 3, 0, 3, 3>, Eigen::Matrix<double, 3, 1, 0, 3, 1>, 0> >(Eigen::DenseBase<Eigen::Product<Eigen::Matrix<double, 3, 3, 0, 3, 3>, Eigen::Matrix<double, 3, 1, 0, 3, 1>, 0> > const&)
 .text._ZNK5Eigen9EigenBaseINS_6MatrixIdLi3ELi1ELi0ELi3ELi1EEEE4sizeEv
                0x08001ef2       0x24 ./Core/Src/main.o
                0x08001ef2                Eigen::EigenBase<Eigen::Matrix<double, 3, 1, 0, 3, 1> >::size() const
 .text._ZN5Eigen8internal9evaluatorINS_15PlainObjectBaseINS_6MatrixIdLi3ELi1ELi0ELi3ELi1EEEEEED2Ev
                0x08001f16       0x18 ./Core/Src/main.o
                0x08001f16                Eigen::internal::evaluator<Eigen::PlainObjectBase<Eigen::Matrix<double, 3, 1, 0, 3, 1> > >::~evaluator()
                0x08001f16                Eigen::internal::evaluator<Eigen::PlainObjectBase<Eigen::Matrix<double, 3, 1, 0, 3, 1> > >::~evaluator()
 .text._ZN5Eigen8internal9evaluatorINS_6MatrixIdLi3ELi1ELi0ELi3ELi1EEEED2Ev
                0x08001f2e       0x1a ./Core/Src/main.o
                0x08001f2e                Eigen::internal::evaluator<Eigen::Matrix<double, 3, 1, 0, 3, 1> >::~evaluator()
                0x08001f2e                Eigen::internal::evaluator<Eigen::Matrix<double, 3, 1, 0, 3, 1> >::~evaluator()
 .text._ZN5Eigen15DenseCoeffsBaseINS_6MatrixIdLi3ELi1ELi0ELi3ELi1EEELi1EE8coeffRefEi
                0x08001f48       0x42 ./Core/Src/main.o
                0x08001f48                Eigen::DenseCoeffsBase<Eigen::Matrix<double, 3, 1, 0, 3, 1>, 1>::coeffRef(int)
 .text._ZN5Eigen9DenseBaseINS_6MatrixIdLi3ELi3ELi0ELi3ELi3EEEEC2Ev
                0x08001f8a       0x16 ./Core/Src/main.o
                0x08001f8a                Eigen::DenseBase<Eigen::Matrix<double, 3, 3, 0, 3, 3> >::DenseBase()
                0x08001f8a                Eigen::DenseBase<Eigen::Matrix<double, 3, 3, 0, 3, 3> >::DenseBase()
 .text._ZN5Eigen12DenseStorageIdLi9ELi3ELi3ELi0EEC2Ev
                0x08001fa0       0x1a ./Core/Src/main.o
                0x08001fa0                Eigen::DenseStorage<double, 9, 3, 3, 0>::DenseStorage()
                0x08001fa0                Eigen::DenseStorage<double, 9, 3, 3, 0>::DenseStorage()
 .text._ZN5Eigen12DenseStorageIdLi9ELi3ELi3ELi0EE4colsEv
                0x08001fba       0x10 ./Core/Src/main.o
                0x08001fba                Eigen::DenseStorage<double, 9, 3, 3, 0>::cols()
 .text._ZN5Eigen12DenseStorageIdLi9ELi3ELi3ELi0EE4rowsEv
                0x08001fca       0x10 ./Core/Src/main.o
                0x08001fca                Eigen::DenseStorage<double, 9, 3, 3, 0>::rows()
 .text._ZN5Eigen12DenseStorageIdLi9ELi3ELi3ELi0EE4dataEv
                0x08001fda       0x16 ./Core/Src/main.o
                0x08001fda                Eigen::DenseStorage<double, 9, 3, 3, 0>::data()
 .text._ZN5Eigen9DenseBaseINS_7InverseINS_6MatrixIdLi3ELi3ELi0ELi3ELi3EEEEEEC2Ev
                0x08001ff0       0x16 ./Core/Src/main.o
                0x08001ff0                Eigen::DenseBase<Eigen::Inverse<Eigen::Matrix<double, 3, 3, 0, 3, 3> > >::DenseBase()
                0x08001ff0                Eigen::DenseBase<Eigen::Inverse<Eigen::Matrix<double, 3, 3, 0, 3, 3> > >::DenseBase()
 .text._ZNK5Eigen7InverseINS_6MatrixIdLi3ELi3ELi0ELi3ELi3EEEE4rowsEv
                0x08002006       0x1c ./Core/Src/main.o
                0x08002006                Eigen::Inverse<Eigen::Matrix<double, 3, 3, 0, 3, 3> >::rows() const
 .text._ZNK5Eigen7InverseINS_6MatrixIdLi3ELi3ELi0ELi3ELi3EEEE4colsEv
                0x08002022       0x1c ./Core/Src/main.o
                0x08002022                Eigen::Inverse<Eigen::Matrix<double, 3, 3, 0, 3, 3> >::cols() const
 .text._ZN5Eigen15PlainObjectBaseINS_6MatrixIdLi3ELi3ELi0ELi3ELi3EEEE10resizeLikeINS_7InverseIS2_EEEEvRKNS_9EigenBaseIT_EE
                0x0800203e       0x60 ./Core/Src/main.o
                0x0800203e                void Eigen::PlainObjectBase<Eigen::Matrix<double, 3, 3, 0, 3, 3> >::resizeLike<Eigen::Inverse<Eigen::Matrix<double, 3, 3, 0, 3, 3> > >(Eigen::EigenBase<Eigen::Inverse<Eigen::Matrix<double, 3, 3, 0, 3, 3> > > const&)
 .text._ZN5Eigen15PlainObjectBaseINS_6MatrixIdLi3ELi3ELi0ELi3ELi3EEEE12_set_noaliasINS_7InverseIS2_EEEERS2_RKNS_9DenseBaseIT_EE
                0x0800209e       0x42 ./Core/Src/main.o
                0x0800209e                Eigen::Matrix<double, 3, 3, 0, 3, 3>& Eigen::PlainObjectBase<Eigen::Matrix<double, 3, 3, 0, 3, 3> >::_set_noalias<Eigen::Inverse<Eigen::Matrix<double, 3, 3, 0, 3, 3> > >(Eigen::DenseBase<Eigen::Inverse<Eigen::Matrix<double, 3, 3, 0, 3, 3> > > const&)
 .text._ZN5Eigen9DenseBaseINS_6MatrixIdLi3ELi1ELi0ELi3ELi1EEEEC2Ev
                0x080020e0       0x16 ./Core/Src/main.o
                0x080020e0                Eigen::DenseBase<Eigen::Matrix<double, 3, 1, 0, 3, 1> >::DenseBase()
                0x080020e0                Eigen::DenseBase<Eigen::Matrix<double, 3, 1, 0, 3, 1> >::DenseBase()
 .text._ZN5Eigen12DenseStorageIdLi3ELi3ELi1ELi0EEC2Ev
                0x080020f6       0x1a ./Core/Src/main.o
                0x080020f6                Eigen::DenseStorage<double, 3, 3, 1, 0>::DenseStorage()
                0x080020f6                Eigen::DenseStorage<double, 3, 3, 1, 0>::DenseStorage()
 .text._ZN5Eigen12DenseStorageIdLi3ELi3ELi1ELi0EE4colsEv
                0x08002110       0x10 ./Core/Src/main.o
                0x08002110                Eigen::DenseStorage<double, 3, 3, 1, 0>::cols()
 .text._ZN5Eigen12DenseStorageIdLi3ELi3ELi1ELi0EE4rowsEv
                0x08002120       0x10 ./Core/Src/main.o
                0x08002120                Eigen::DenseStorage<double, 3, 3, 1, 0>::rows()
 .text._ZN5Eigen12DenseStorageIdLi3ELi3ELi1ELi0EE4dataEv
                0x08002130       0x16 ./Core/Src/main.o
                0x08002130                Eigen::DenseStorage<double, 3, 3, 1, 0>::data()
 .text._ZN5Eigen9DenseBaseINS_7ProductINS_6MatrixIdLi3ELi3ELi0ELi3ELi3EEENS2_IdLi3ELi1ELi0ELi3ELi1EEELi0EEEEC2Ev
                0x08002146       0x16 ./Core/Src/main.o
                0x08002146                Eigen::DenseBase<Eigen::Product<Eigen::Matrix<double, 3, 3, 0, 3, 3>, Eigen::Matrix<double, 3, 1, 0, 3, 1>, 0> >::DenseBase()
                0x08002146                Eigen::DenseBase<Eigen::Product<Eigen::Matrix<double, 3, 3, 0, 3, 3>, Eigen::Matrix<double, 3, 1, 0, 3, 1>, 0> >::DenseBase()
 .text._ZN5Eigen9EigenBaseINS_6MatrixIdLi3ELi1ELi0ELi3ELi1EEEE7derivedEv
                0x0800215c       0x16 ./Core/Src/main.o
                0x0800215c                Eigen::EigenBase<Eigen::Matrix<double, 3, 1, 0, 3, 1> >::derived()
 .text._ZNK5Eigen9EigenBaseINS_7ProductINS_6MatrixIdLi3ELi3ELi0ELi3ELi3EEENS2_IdLi3ELi1ELi0ELi3ELi1EEELi0EEEE7derivedEv
                0x08002172       0x16 ./Core/Src/main.o
                0x08002172                Eigen::EigenBase<Eigen::Product<Eigen::Matrix<double, 3, 3, 0, 3, 3>, Eigen::Matrix<double, 3, 1, 0, 3, 1>, 0> >::derived() const
 .text._ZN5Eigen8internal15call_assignmentINS_6MatrixIdLi3ELi1ELi0ELi3ELi1EEENS_7ProductINS2_IdLi3ELi3ELi0ELi3ELi3EEES3_Li0EEEEEvRT_RKT0_
                0x08002188       0x2a ./Core/Src/main.o
                0x08002188                void Eigen::internal::call_assignment<Eigen::Matrix<double, 3, 1, 0, 3, 1>, Eigen::Product<Eigen::Matrix<double, 3, 3, 0, 3, 3>, Eigen::Matrix<double, 3, 1, 0, 3, 1>, 0> >(Eigen::Matrix<double, 3, 1, 0, 3, 1>&, Eigen::Product<Eigen::Matrix<double, 3, 3, 0, 3, 3>, Eigen::Matrix<double, 3, 1, 0, 3, 1>, 0> const&)
 .text._ZNK5Eigen9EigenBaseINS_6MatrixIdLi3ELi1ELi0ELi3ELi1EEEE4rowsEv
                0x080021b2       0x20 ./Core/Src/main.o
                0x080021b2                Eigen::EigenBase<Eigen::Matrix<double, 3, 1, 0, 3, 1> >::rows() const
 .text._ZNK5Eigen9EigenBaseINS_6MatrixIdLi3ELi1ELi0ELi3ELi1EEEE4colsEv
                0x080021d2       0x20 ./Core/Src/main.o
                0x080021d2                Eigen::EigenBase<Eigen::Matrix<double, 3, 1, 0, 3, 1> >::cols() const
 .text._ZN5Eigen8internal9evaluatorINS_6MatrixIdLi3ELi1ELi0ELi3ELi1EEEEC2ERKS3_
                0x080021f2       0x20 ./Core/Src/main.o
                0x080021f2                Eigen::internal::evaluator<Eigen::Matrix<double, 3, 1, 0, 3, 1> >::evaluator(Eigen::Matrix<double, 3, 1, 0, 3, 1> const&)
                0x080021f2                Eigen::internal::evaluator<Eigen::Matrix<double, 3, 1, 0, 3, 1> >::evaluator(Eigen::Matrix<double, 3, 1, 0, 3, 1> const&)
 .text._ZN5Eigen8internal14evaluator_baseINS_6MatrixIdLi3ELi1ELi0ELi3ELi1EEEED2Ev
                0x08002212       0x16 ./Core/Src/main.o
                0x08002212                Eigen::internal::evaluator_base<Eigen::Matrix<double, 3, 1, 0, 3, 1> >::~evaluator_base()
                0x08002212                Eigen::internal::evaluator_base<Eigen::Matrix<double, 3, 1, 0, 3, 1> >::~evaluator_base()
 .text._ZN5Eigen8internal9evaluatorINS_15PlainObjectBaseINS_6MatrixIdLi3ELi1ELi0ELi3ELi1EEEEEE8coeffRefEi
                0x08002228       0x20 ./Core/Src/main.o
                0x08002228                Eigen::internal::evaluator<Eigen::PlainObjectBase<Eigen::Matrix<double, 3, 1, 0, 3, 1> > >::coeffRef(int)
 .text._ZN5Eigen8internal11plain_arrayIdLi9ELi0ELi0EEC2Ev
                0x08002248       0x16 ./Core/Src/main.o
                0x08002248                Eigen::internal::plain_array<double, 9, 0, 0>::plain_array()
                0x08002248                Eigen::internal::plain_array<double, 9, 0, 0>::plain_array()
 *fill*         0x0800225e        0x2 
 .text._ZN5Eigen15PlainObjectBaseINS_6MatrixIdLi3ELi3ELi0ELi3ELi3EEEE6resizeEii
                0x08002260       0x64 ./Core/Src/main.o
                0x08002260                Eigen::PlainObjectBase<Eigen::Matrix<double, 3, 3, 0, 3, 3> >::resize(int, int)
 .text._ZN5Eigen9EigenBaseINS_6MatrixIdLi3ELi3ELi0ELi3ELi3EEEE7derivedEv
                0x080022c4       0x16 ./Core/Src/main.o
                0x080022c4                Eigen::EigenBase<Eigen::Matrix<double, 3, 3, 0, 3, 3> >::derived()
 .text._ZN5Eigen8internal9assign_opIddEC2Ev
                0x080022da       0x16 ./Core/Src/main.o
                0x080022da                Eigen::internal::assign_op<double, double>::assign_op()
                0x080022da                Eigen::internal::assign_op<double, double>::assign_op()
 .text._ZN5Eigen8internal24call_assignment_no_aliasINS_6MatrixIdLi3ELi3ELi0ELi3ELi3EEENS_7InverseIS3_EENS0_9assign_opIddEEEEvRT_RKT0_RKT1_
                0x080022f0       0x22 ./Core/Src/main.o
                0x080022f0                void Eigen::internal::call_assignment_no_alias<Eigen::Matrix<double, 3, 3, 0, 3, 3>, Eigen::Inverse<Eigen::Matrix<double, 3, 3, 0, 3, 3> >, Eigen::internal::assign_op<double, double> >(Eigen::Matrix<double, 3, 3, 0, 3, 3>&, Eigen::Inverse<Eigen::Matrix<double, 3, 3, 0, 3, 3> > const&, Eigen::internal::assign_op<double, double> const&)
 .text._ZN5Eigen8internal11plain_arrayIdLi3ELi0ELi0EEC2Ev
                0x08002312       0x16 ./Core/Src/main.o
                0x08002312                Eigen::internal::plain_array<double, 3, 0, 0>::plain_array()
                0x08002312                Eigen::internal::plain_array<double, 3, 0, 0>::plain_array()
 .text._ZN5Eigen8internal15call_assignmentINS_6MatrixIdLi3ELi1ELi0ELi3ELi1EEENS_7ProductINS2_IdLi3ELi3ELi0ELi3ELi3EEES3_Li0EEENS0_9assign_opIddEEEEvRT_RKT0_RKT1_NS0_9enable_ifIXsrNS0_25evaluator_assume_aliasingISB_NS0_16evaluator_traitsISB_E5ShapeEEE5valueEPvE4typeE
                0x08002328       0x30 ./Core/Src/main.o
                0x08002328                void Eigen::internal::call_assignment<Eigen::Matrix<double, 3, 1, 0, 3, 1>, Eigen::Product<Eigen::Matrix<double, 3, 3, 0, 3, 3>, Eigen::Matrix<double, 3, 1, 0, 3, 1>, 0>, Eigen::internal::assign_op<double, double> >(Eigen::Matrix<double, 3, 1, 0, 3, 1>&, Eigen::Product<Eigen::Matrix<double, 3, 3, 0, 3, 3>, Eigen::Matrix<double, 3, 1, 0, 3, 1>, 0> const&, Eigen::internal::assign_op<double, double> const&, Eigen::internal::enable_if<Eigen::internal::evaluator_assume_aliasing<Eigen::Product<Eigen::Matrix<double, 3, 3, 0, 3, 3>, Eigen::Matrix<double, 3, 1, 0, 3, 1>, 0>, Eigen::internal::evaluator_traits<Eigen::Product<Eigen::Matrix<double, 3, 3, 0, 3, 3>, Eigen::Matrix<double, 3, 1, 0, 3, 1>, 0> >::Shape>::value, void*>::type)
 .text._ZN5Eigen8internal9evaluatorINS_15PlainObjectBaseINS_6MatrixIdLi3ELi1ELi0ELi3ELi1EEEEEEC2ERKS5_
                0x08002358       0x2e ./Core/Src/main.o
                0x08002358                Eigen::internal::evaluator<Eigen::PlainObjectBase<Eigen::Matrix<double, 3, 1, 0, 3, 1> > >::evaluator(Eigen::PlainObjectBase<Eigen::Matrix<double, 3, 1, 0, 3, 1> > const&)
                0x08002358                Eigen::internal::evaluator<Eigen::PlainObjectBase<Eigen::Matrix<double, 3, 1, 0, 3, 1> > >::evaluator(Eigen::PlainObjectBase<Eigen::Matrix<double, 3, 1, 0, 3, 1> > const&)
 .text._ZN5Eigen8internal28check_static_allocation_sizeIdLi9EEEvv
                0x08002386        0xe ./Core/Src/main.o
                0x08002386                void Eigen::internal::check_static_allocation_size<double, 9>()
 .text._ZN5Eigen12DenseStorageIdLi9ELi3ELi3ELi0EE6resizeEiii
                0x08002394       0x1a ./Core/Src/main.o
                0x08002394                Eigen::DenseStorage<double, 9, 3, 3, 0>::resize(int, int, int)
 *fill*         0x080023ae        0x2 
 .text._ZN5Eigen8internal10AssignmentINS_6MatrixIdLi3ELi3ELi0ELi3ELi3EEENS_7InverseIS3_EENS0_9assign_opIddEENS0_11Dense2DenseEvE3runERS3_RKS5_RKS7_
                0x080023b0       0xcc ./Core/Src/main.o
                0x080023b0                Eigen::internal::Assignment<Eigen::Matrix<double, 3, 3, 0, 3, 3>, Eigen::Inverse<Eigen::Matrix<double, 3, 3, 0, 3, 3> >, Eigen::internal::assign_op<double, double>, Eigen::internal::Dense2Dense, void>::run(Eigen::Matrix<double, 3, 3, 0, 3, 3>&, Eigen::Inverse<Eigen::Matrix<double, 3, 3, 0, 3, 3> > const&, Eigen::internal::assign_op<double, double> const&)
 .text._ZN5Eigen8internal28check_static_allocation_sizeIdLi3EEEvv
                0x0800247c        0xe ./Core/Src/main.o
                0x0800247c                void Eigen::internal::check_static_allocation_size<double, 3>()
 .text._ZN5Eigen6MatrixIdLi3ELi1ELi0ELi3ELi1EEC2INS_7ProductINS0_IdLi3ELi3ELi0ELi3ELi3EEES1_Li0EEEEERKT_
                0x0800248a       0x2a ./Core/Src/main.o
                0x0800248a                Eigen::Matrix<double, 3, 1, 0, 3, 1>::Matrix<Eigen::Product<Eigen::Matrix<double, 3, 3, 0, 3, 3>, Eigen::Matrix<double, 3, 1, 0, 3, 1>, 0> >(Eigen::Product<Eigen::Matrix<double, 3, 3, 0, 3, 3>, Eigen::Matrix<double, 3, 1, 0, 3, 1>, 0> const&)
                0x0800248a                Eigen::Matrix<double, 3, 1, 0, 3, 1>::Matrix<Eigen::Product<Eigen::Matrix<double, 3, 3, 0, 3, 3>, Eigen::Matrix<double, 3, 1, 0, 3, 1>, 0> >(Eigen::Product<Eigen::Matrix<double, 3, 3, 0, 3, 3>, Eigen::Matrix<double, 3, 1, 0, 3, 1>, 0> const&)
 .text._ZN5Eigen8internal24call_assignment_no_aliasINS_6MatrixIdLi3ELi1ELi0ELi3ELi1EEES3_NS0_9assign_opIddEEEEvRT_RKT0_RKT1_
                0x080024b4       0x22 ./Core/Src/main.o
                0x080024b4                void Eigen::internal::call_assignment_no_alias<Eigen::Matrix<double, 3, 1, 0, 3, 1>, Eigen::Matrix<double, 3, 1, 0, 3, 1>, Eigen::internal::assign_op<double, double> >(Eigen::Matrix<double, 3, 1, 0, 3, 1>&, Eigen::Matrix<double, 3, 1, 0, 3, 1> const&, Eigen::internal::assign_op<double, double> const&)
 .text._ZNK5Eigen15PlainObjectBaseINS_6MatrixIdLi3ELi1ELi0ELi3ELi1EEEE4dataEv
                0x080024d6       0x1a ./Core/Src/main.o
                0x080024d6                Eigen::PlainObjectBase<Eigen::Matrix<double, 3, 1, 0, 3, 1> >::data() const
 .text._ZN5Eigen8internal14evaluator_baseINS_6MatrixIdLi3ELi1ELi0ELi3ELi1EEEEC2Ev
                0x080024f0       0x16 ./Core/Src/main.o
                0x080024f0                Eigen::internal::evaluator_base<Eigen::Matrix<double, 3, 1, 0, 3, 1> >::evaluator_base()
                0x080024f0                Eigen::internal::evaluator_base<Eigen::Matrix<double, 3, 1, 0, 3, 1> >::evaluator_base()
 .text._ZN5Eigen8internal30plainobjectbase_evaluator_dataIdLi0EEC2EPKdi
                0x08002506       0x24 ./Core/Src/main.o
                0x08002506                Eigen::internal::plainobjectbase_evaluator_data<double, 0>::plainobjectbase_evaluator_data(double const*, int)
                0x08002506                Eigen::internal::plainobjectbase_evaluator_data<double, 0>::plainobjectbase_evaluator_data(double const*, int)
 .text._ZNK5Eigen7InverseINS_6MatrixIdLi3ELi3ELi0ELi3ELi3EEEE16nestedExpressionEv
                0x0800252a       0x18 ./Core/Src/main.o
                0x0800252a                Eigen::Inverse<Eigen::Matrix<double, 3, 3, 0, 3, 3> >::nestedExpression() const
 .text._ZN5Eigen8internal15compute_inverseINS_6MatrixIdLi3ELi3ELi0ELi3ELi3EEES3_Li3EE3runERKS3_RS3_
                0x08002542       0xbe ./Core/Src/main.o
                0x08002542                Eigen::internal::compute_inverse<Eigen::Matrix<double, 3, 3, 0, 3, 3>, Eigen::Matrix<double, 3, 3, 0, 3, 3>, 3>::run(Eigen::Matrix<double, 3, 3, 0, 3, 3> const&, Eigen::Matrix<double, 3, 3, 0, 3, 3>&)
 .text._ZN5Eigen15PlainObjectBaseINS_6MatrixIdLi3ELi1ELi0ELi3ELi1EEEE6_init1INS_7ProductINS1_IdLi3ELi3ELi0ELi3ELi3EEES2_Li0EEES7_EEvRKNS_9DenseBaseIT0_EE
                0x08002600       0x1a ./Core/Src/main.o
                0x08002600                void Eigen::PlainObjectBase<Eigen::Matrix<double, 3, 1, 0, 3, 1> >::_init1<Eigen::Product<Eigen::Matrix<double, 3, 3, 0, 3, 3>, Eigen::Matrix<double, 3, 1, 0, 3, 1>, 0>, Eigen::Product<Eigen::Matrix<double, 3, 3, 0, 3, 3>, Eigen::Matrix<double, 3, 1, 0, 3, 1>, 0> >(Eigen::DenseBase<Eigen::Product<Eigen::Matrix<double, 3, 3, 0, 3, 3>, Eigen::Matrix<double, 3, 1, 0, 3, 1>, 0> > const&)
 .text._ZN5Eigen8internal10AssignmentINS_6MatrixIdLi3ELi1ELi0ELi3ELi1EEES3_NS0_9assign_opIddEENS0_11Dense2DenseEvE3runERS3_RKS3_RKS5_
                0x0800261a       0x26 ./Core/Src/main.o
                0x0800261a                Eigen::internal::Assignment<Eigen::Matrix<double, 3, 1, 0, 3, 1>, Eigen::Matrix<double, 3, 1, 0, 3, 1>, Eigen::internal::assign_op<double, double>, Eigen::internal::Dense2Dense, void>::run(Eigen::Matrix<double, 3, 1, 0, 3, 1>&, Eigen::Matrix<double, 3, 1, 0, 3, 1> const&, Eigen::internal::assign_op<double, double> const&)
 .text._ZNK5Eigen12DenseStorageIdLi3ELi3ELi1ELi0EE4dataEv
                0x08002640       0x16 ./Core/Src/main.o
                0x08002640                Eigen::DenseStorage<double, 3, 3, 1, 0>::data() const
 .text._ZNK5Eigen6MatrixIdLi3ELi1ELi0ELi3ELi1EE11outerStrideEv
                0x08002656       0x18 ./Core/Src/main.o
                0x08002656                Eigen::Matrix<double, 3, 1, 0, 3, 1>::outerStride() const
 .text._ZN5Eigen15PlainObjectBaseINS_6MatrixIdLi3ELi1ELi0ELi3ELi1EEEE8coeffRefEi
                0x0800266e       0x22 ./Core/Src/main.o
                0x0800266e                Eigen::PlainObjectBase<Eigen::Matrix<double, 3, 1, 0, 3, 1> >::coeffRef(int)
 .text._ZN5Eigen8internal12cofactor_3x3INS_6MatrixIdLi3ELi3ELi0ELi3ELi3EEELi0ELi0EEENT_6ScalarERKS4_
                0x08002690       0x6e ./Core/Src/main.o
                0x08002690                Eigen::Matrix<double, 3, 3, 0, 3, 3>::Scalar Eigen::internal::cofactor_3x3<Eigen::Matrix<double, 3, 3, 0, 3, 3>, 0, 0>(Eigen::Matrix<double, 3, 3, 0, 3, 3> const&)
 .text._ZN5Eigen8internal12cofactor_3x3INS_6MatrixIdLi3ELi3ELi0ELi3ELi3EEELi1ELi0EEENT_6ScalarERKS4_
                0x080026fe       0x6e ./Core/Src/main.o
                0x080026fe                Eigen::Matrix<double, 3, 3, 0, 3, 3>::Scalar Eigen::internal::cofactor_3x3<Eigen::Matrix<double, 3, 3, 0, 3, 3>, 1, 0>(Eigen::Matrix<double, 3, 3, 0, 3, 3> const&)
 .text._ZN5Eigen8internal12cofactor_3x3INS_6MatrixIdLi3ELi3ELi0ELi3ELi3EEELi2ELi0EEENT_6ScalarERKS4_
                0x0800276c       0x6e ./Core/Src/main.o
                0x0800276c                Eigen::Matrix<double, 3, 3, 0, 3, 3>::Scalar Eigen::internal::cofactor_3x3<Eigen::Matrix<double, 3, 3, 0, 3, 3>, 2, 0>(Eigen::Matrix<double, 3, 3, 0, 3, 3> const&)
 .text._ZNK5Eigen9DenseBaseINS_6MatrixIdLi3ELi3ELi0ELi3ELi3EEEE3colEi
                0x080027da       0x26 ./Core/Src/main.o
                0x080027da                Eigen::DenseBase<Eigen::Matrix<double, 3, 3, 0, 3, 3> >::col(int) const
 .text._ZNK5Eigen10MatrixBaseINS_6MatrixIdLi3ELi1ELi0ELi3ELi1EEEE12cwiseProductINS_5BlockIKNS1_IdLi3ELi3ELi0ELi3ELi3EEELi3ELi1ELb1EEEEEKNS_13CwiseBinaryOpINS_8internal17scalar_product_opIdNSA_6traitsIT_E6ScalarEEEKS2_KSD_EERKNS0_ISD_EE
                0x08002800       0x3c ./Core/Src/main.o
                0x08002800                Eigen::CwiseBinaryOp<Eigen::internal::scalar_product_op<double, Eigen::internal::traits<Eigen::Block<Eigen::Matrix<double, 3, 3, 0, 3, 3> const, 3, 1, true> >::Scalar>, Eigen::Matrix<double, 3, 1, 0, 3, 1> const, Eigen::Block<Eigen::Matrix<double, 3, 3, 0, 3, 3> const, 3, 1, true> const> const Eigen::MatrixBase<Eigen::Matrix<double, 3, 1, 0, 3, 1> >::cwiseProduct<Eigen::Block<Eigen::Matrix<double, 3, 3, 0, 3, 3> const, 3, 1, true> >(Eigen::MatrixBase<Eigen::Block<Eigen::Matrix<double, 3, 3, 0, 3, 3> const, 3, 1, true> > const&) const
 .text._ZNK5Eigen9DenseBaseINS_13CwiseBinaryOpINS_8internal17scalar_product_opIddEEKNS_6MatrixIdLi3ELi1ELi0ELi3ELi1EEEKNS_5BlockIKNS5_IdLi3ELi3ELi0ELi3ELi3EEELi3ELi1ELb1EEEEEE3sumEv
                0x0800283c       0x36 ./Core/Src/main.o
                0x0800283c                Eigen::DenseBase<Eigen::CwiseBinaryOp<Eigen::internal::scalar_product_op<double, double>, Eigen::Matrix<double, 3, 1, 0, 3, 1> const, Eigen::Block<Eigen::Matrix<double, 3, 3, 0, 3, 3> const, 3, 1, true> const> >::sum() const
 .text._ZN5Eigen8internal28compute_inverse_size3_helperINS_6MatrixIdLi3ELi3ELi0ELi3ELi3EEES3_EEvRKT_RKNT0_6ScalarERKNS2_IS8_Li3ELi1ELi0ELi3ELi1EEERS7_
                0x08002872      0x146 ./Core/Src/main.o
                0x08002872                void Eigen::internal::compute_inverse_size3_helper<Eigen::Matrix<double, 3, 3, 0, 3, 3>, Eigen::Matrix<double, 3, 3, 0, 3, 3> >(Eigen::Matrix<double, 3, 3, 0, 3, 3> const&, Eigen::Matrix<double, 3, 3, 0, 3, 3>::Scalar const&, Eigen::Matrix<Eigen::Matrix<double, 3, 3, 0, 3, 3>::Scalar, 3, 1, 0, 3, 1> const&, Eigen::Matrix<double, 3, 3, 0, 3, 3>&)
 .text._ZN5Eigen15PlainObjectBaseINS_6MatrixIdLi3ELi1ELi0ELi3ELi1EEEE12_set_noaliasINS_7ProductINS1_IdLi3ELi3ELi0ELi3ELi3EEES2_Li0EEEEERS2_RKNS_9DenseBaseIT_EE
                0x080029b8       0x42 ./Core/Src/main.o
                0x080029b8                Eigen::Matrix<double, 3, 1, 0, 3, 1>& Eigen::PlainObjectBase<Eigen::Matrix<double, 3, 1, 0, 3, 1> >::_set_noalias<Eigen::Product<Eigen::Matrix<double, 3, 3, 0, 3, 3>, Eigen::Matrix<double, 3, 1, 0, 3, 1>, 0> >(Eigen::DenseBase<Eigen::Product<Eigen::Matrix<double, 3, 3, 0, 3, 3>, Eigen::Matrix<double, 3, 1, 0, 3, 1>, 0> > const&)
 .text._ZN5Eigen8internal18check_for_aliasingINS_6MatrixIdLi3ELi1ELi0ELi3ELi1EEES3_EEvRKT_RKT0_
                0x080029fa       0x16 ./Core/Src/main.o
                0x080029fa                void Eigen::internal::check_for_aliasing<Eigen::Matrix<double, 3, 1, 0, 3, 1>, Eigen::Matrix<double, 3, 1, 0, 3, 1> >(Eigen::Matrix<double, 3, 1, 0, 3, 1> const&, Eigen::Matrix<double, 3, 1, 0, 3, 1> const&)
 .text._ZN5Eigen8internal26call_dense_assignment_loopINS_6MatrixIdLi3ELi1ELi0ELi3ELi1EEES3_NS0_9assign_opIddEEEEvRT_RKT0_RKT1_
                0x08002a10       0x6e ./Core/Src/main.o
                0x08002a10                void Eigen::internal::call_dense_assignment_loop<Eigen::Matrix<double, 3, 1, 0, 3, 1>, Eigen::Matrix<double, 3, 1, 0, 3, 1>, Eigen::internal::assign_op<double, double> >(Eigen::Matrix<double, 3, 1, 0, 3, 1>&, Eigen::Matrix<double, 3, 1, 0, 3, 1> const&, Eigen::internal::assign_op<double, double> const&)
 .text._ZNK5Eigen9DenseBaseINS_6MatrixIdLi3ELi1ELi0ELi3ELi1EEEE9innerSizeEv
                0x08002a7e       0x18 ./Core/Src/main.o
                0x08002a7e                Eigen::DenseBase<Eigen::Matrix<double, 3, 1, 0, 3, 1> >::innerSize() const
 .text._ZN5Eigen8internal11blas_traitsINS_6MatrixIdLi3ELi3ELi0ELi3ELi3EEEE7extractERKS3_
                0x08002a96       0x16 ./Core/Src/main.o
                0x08002a96                Eigen::internal::blas_traits<Eigen::Matrix<double, 3, 3, 0, 3, 3> >::extract(Eigen::Matrix<double, 3, 3, 0, 3, 3> const&)
 .text._ZNK5Eigen15PlainObjectBaseINS_6MatrixIdLi3ELi3ELi0ELi3ELi3EEEE4dataEv
                0x08002aac       0x1a ./Core/Src/main.o
                0x08002aac                Eigen::PlainObjectBase<Eigen::Matrix<double, 3, 3, 0, 3, 3> >::data() const
 .text._ZNK5Eigen15PlainObjectBaseINS_6MatrixIdLi3ELi3ELi0ELi3ELi3EEEE5coeffEii
                0x08002ac6       0x32 ./Core/Src/main.o
                0x08002ac6                Eigen::PlainObjectBase<Eigen::Matrix<double, 3, 3, 0, 3, 3> >::coeff(int, int) const
 .text._ZN5Eigen5BlockIKNS_6MatrixIdLi3ELi3ELi0ELi3ELi3EEELi3ELi1ELb1EEC2ERS3_i
                0x08002af8       0x50 ./Core/Src/main.o
                0x08002af8                Eigen::Block<Eigen::Matrix<double, 3, 3, 0, 3, 3> const, 3, 1, true>::Block(Eigen::Matrix<double, 3, 3, 0, 3, 3> const&, int)
                0x08002af8                Eigen::Block<Eigen::Matrix<double, 3, 3, 0, 3, 3> const, 3, 1, true>::Block(Eigen::Matrix<double, 3, 3, 0, 3, 3> const&, int)
 .text._ZNK5Eigen9EigenBaseINS_5BlockIKNS_6MatrixIdLi3ELi3ELi0ELi3ELi3EEELi3ELi1ELb1EEEE7derivedEv
                0x08002b48       0x16 ./Core/Src/main.o
                0x08002b48                Eigen::EigenBase<Eigen::Block<Eigen::Matrix<double, 3, 3, 0, 3, 3> const, 3, 1, true> >::derived() const
 .text._ZN5Eigen8internal17scalar_product_opIddEC2Ev
                0x08002b5e       0x16 ./Core/Src/main.o
                0x08002b5e                Eigen::internal::scalar_product_op<double, double>::scalar_product_op()
                0x08002b5e                Eigen::internal::scalar_product_op<double, double>::scalar_product_op()
 .text._ZN5Eigen10MatrixBaseINS_13CwiseBinaryOpINS_8internal17scalar_product_opIddEEKNS_6MatrixIdLi3ELi1ELi0ELi3ELi1EEEKNS_5BlockIKNS5_IdLi3ELi3ELi0ELi3ELi3EEELi3ELi1ELb1EEEEEEC2Ev
                0x08002b74       0x18 ./Core/Src/main.o
                0x08002b74                Eigen::MatrixBase<Eigen::CwiseBinaryOp<Eigen::internal::scalar_product_op<double, double>, Eigen::Matrix<double, 3, 1, 0, 3, 1> const, Eigen::Block<Eigen::Matrix<double, 3, 3, 0, 3, 3> const, 3, 1, true> const> >::MatrixBase()
                0x08002b74                Eigen::MatrixBase<Eigen::CwiseBinaryOp<Eigen::internal::scalar_product_op<double, double>, Eigen::Matrix<double, 3, 1, 0, 3, 1> const, Eigen::Block<Eigen::Matrix<double, 3, 3, 0, 3, 3> const, 3, 1, true> const> >::MatrixBase()
 .text._ZN5Eigen17CwiseBinaryOpImplINS_8internal17scalar_product_opIddEEKNS_6MatrixIdLi3ELi1ELi0ELi3ELi1EEEKNS_5BlockIKNS4_IdLi3ELi3ELi0ELi3ELi3EEELi3ELi1ELb1EEENS_5DenseEEC2Ev
                0x08002b8c       0x18 ./Core/Src/main.o
                0x08002b8c                Eigen::CwiseBinaryOpImpl<Eigen::internal::scalar_product_op<double, double>, Eigen::Matrix<double, 3, 1, 0, 3, 1> const, Eigen::Block<Eigen::Matrix<double, 3, 3, 0, 3, 3> const, 3, 1, true> const, Eigen::Dense>::CwiseBinaryOpImpl()
                0x08002b8c                Eigen::CwiseBinaryOpImpl<Eigen::internal::scalar_product_op<double, double>, Eigen::Matrix<double, 3, 1, 0, 3, 1> const, Eigen::Block<Eigen::Matrix<double, 3, 3, 0, 3, 3> const, 3, 1, true> const, Eigen::Dense>::CwiseBinaryOpImpl()
 .text._ZN5Eigen13CwiseBinaryOpINS_8internal17scalar_product_opIddEEKNS_6MatrixIdLi3ELi1ELi0ELi3ELi1EEEKNS_5BlockIKNS4_IdLi3ELi3ELi0ELi3ELi3EEELi3ELi1ELb1EEEEC2ERS6_RSB_RKS3_
                0x08002ba4       0x90 ./Core/Src/main.o
                0x08002ba4                Eigen::CwiseBinaryOp<Eigen::internal::scalar_product_op<double, double>, Eigen::Matrix<double, 3, 1, 0, 3, 1> const, Eigen::Block<Eigen::Matrix<double, 3, 3, 0, 3, 3> const, 3, 1, true> const>::CwiseBinaryOp(Eigen::Matrix<double, 3, 1, 0, 3, 1> const&, Eigen::Block<Eigen::Matrix<double, 3, 3, 0, 3, 3> const, 3, 1, true> const&, Eigen::internal::scalar_product_op<double, double> const&)
                0x08002ba4                Eigen::CwiseBinaryOp<Eigen::internal::scalar_product_op<double, double>, Eigen::Matrix<double, 3, 1, 0, 3, 1> const, Eigen::Block<Eigen::Matrix<double, 3, 3, 0, 3, 3> const, 3, 1, true> const>::CwiseBinaryOp(Eigen::Matrix<double, 3, 1, 0, 3, 1> const&, Eigen::Block<Eigen::Matrix<double, 3, 3, 0, 3, 3> const, 3, 1, true> const&, Eigen::internal::scalar_product_op<double, double> const&)
 .text._ZN5Eigen8internal17scalar_product_opIddEC2ERKS2_
                0x08002c34       0x18 ./Core/Src/main.o
                0x08002c34                Eigen::internal::scalar_product_op<double, double>::scalar_product_op(Eigen::internal::scalar_product_op<double, double> const&)
                0x08002c34                Eigen::internal::scalar_product_op<double, double>::scalar_product_op(Eigen::internal::scalar_product_op<double, double> const&)
 .text._ZNK5Eigen9EigenBaseINS_13CwiseBinaryOpINS_8internal17scalar_product_opIddEEKNS_6MatrixIdLi3ELi1ELi0ELi3ELi1EEEKNS_5BlockIKNS5_IdLi3ELi3ELi0ELi3ELi3EEELi3ELi1ELb1EEEEEE7derivedEv
                0x08002c4c       0x16 ./Core/Src/main.o
                0x08002c4c                Eigen::EigenBase<Eigen::CwiseBinaryOp<Eigen::internal::scalar_product_op<double, double>, Eigen::Matrix<double, 3, 1, 0, 3, 1> const, Eigen::Block<Eigen::Matrix<double, 3, 3, 0, 3, 3> const, 3, 1, true> const> >::derived() const
 .text._ZN5Eigen8internal13scalar_sum_opIddEC2Ev
                0x08002c62       0x16 ./Core/Src/main.o
                0x08002c62                Eigen::internal::scalar_sum_op<double, double>::scalar_sum_op()
                0x08002c62                Eigen::internal::scalar_sum_op<double, double>::scalar_sum_op()
 .text._ZN5Eigen8internal9evaluatorIKNS_6MatrixIdLi3ELi1ELi0ELi3ELi1EEEED2Ev
                0x08002c78       0x1a ./Core/Src/main.o
                0x08002c78                Eigen::internal::evaluator<Eigen::Matrix<double, 3, 1, 0, 3, 1> const>::~evaluator()
                0x08002c78                Eigen::internal::evaluator<Eigen::Matrix<double, 3, 1, 0, 3, 1> const>::~evaluator()
 .text._ZN5Eigen8internal17mapbase_evaluatorINS_5BlockIKNS_6MatrixIdLi3ELi3ELi0ELi3ELi3EEELi3ELi1ELb1EEENS3_IdLi3ELi1ELi0ELi3ELi1EEEED2Ev
                0x08002c92       0x18 ./Core/Src/main.o
                0x08002c92                Eigen::internal::mapbase_evaluator<Eigen::Block<Eigen::Matrix<double, 3, 3, 0, 3, 3> const, 3, 1, true>, Eigen::Matrix<double, 3, 1, 0, 3, 1> >::~mapbase_evaluator()
                0x08002c92                Eigen::internal::mapbase_evaluator<Eigen::Block<Eigen::Matrix<double, 3, 3, 0, 3, 3> const, 3, 1, true>, Eigen::Matrix<double, 3, 1, 0, 3, 1> >::~mapbase_evaluator()
 .text._ZN5Eigen8internal15block_evaluatorIKNS_6MatrixIdLi3ELi3ELi0ELi3ELi3EEELi3ELi1ELb1ELb1EED2Ev
                0x08002caa       0x1a ./Core/Src/main.o
                0x08002caa                Eigen::internal::block_evaluator<Eigen::Matrix<double, 3, 3, 0, 3, 3> const, 3, 1, true, true>::~block_evaluator()
                0x08002caa                Eigen::internal::block_evaluator<Eigen::Matrix<double, 3, 3, 0, 3, 3> const, 3, 1, true, true>::~block_evaluator()
 .text._ZN5Eigen8internal9evaluatorINS_5BlockIKNS_6MatrixIdLi3ELi3ELi0ELi3ELi3EEELi3ELi1ELb1EEEED2Ev
                0x08002cc4       0x1a ./Core/Src/main.o
                0x08002cc4                Eigen::internal::evaluator<Eigen::Block<Eigen::Matrix<double, 3, 3, 0, 3, 3> const, 3, 1, true> >::~evaluator()
                0x08002cc4                Eigen::internal::evaluator<Eigen::Block<Eigen::Matrix<double, 3, 3, 0, 3, 3> const, 3, 1, true> >::~evaluator()
 .text._ZN5Eigen8internal9evaluatorIKNS_5BlockIKNS_6MatrixIdLi3ELi3ELi0ELi3ELi3EEELi3ELi1ELb1EEEED2Ev
                0x08002cde       0x1a ./Core/Src/main.o
                0x08002cde                Eigen::internal::evaluator<Eigen::Block<Eigen::Matrix<double, 3, 3, 0, 3, 3> const, 3, 1, true> const>::~evaluator()
                0x08002cde                Eigen::internal::evaluator<Eigen::Block<Eigen::Matrix<double, 3, 3, 0, 3, 3> const, 3, 1, true> const>::~evaluator()
 .text._ZN5Eigen8internal16binary_evaluatorINS_13CwiseBinaryOpINS0_17scalar_product_opIddEEKNS_6MatrixIdLi3ELi1ELi0ELi3ELi1EEEKNS_5BlockIKNS5_IdLi3ELi3ELi0ELi3ELi3EEELi3ELi1ELb1EEEEENS0_10IndexBasedESE_ddE4DataD2Ev
                0x08002cf8       0x26 ./Core/Src/main.o
                0x08002cf8                Eigen::internal::binary_evaluator<Eigen::CwiseBinaryOp<Eigen::internal::scalar_product_op<double, double>, Eigen::Matrix<double, 3, 1, 0, 3, 1> const, Eigen::Block<Eigen::Matrix<double, 3, 3, 0, 3, 3> const, 3, 1, true> const>, Eigen::internal::IndexBased, Eigen::internal::IndexBased, double, double>::Data::~Data()
                0x08002cf8                Eigen::internal::binary_evaluator<Eigen::CwiseBinaryOp<Eigen::internal::scalar_product_op<double, double>, Eigen::Matrix<double, 3, 1, 0, 3, 1> const, Eigen::Block<Eigen::Matrix<double, 3, 3, 0, 3, 3> const, 3, 1, true> const>, Eigen::internal::IndexBased, Eigen::internal::IndexBased, double, double>::Data::~Data()
 .text._ZN5Eigen8internal16binary_evaluatorINS_13CwiseBinaryOpINS0_17scalar_product_opIddEEKNS_6MatrixIdLi3ELi1ELi0ELi3ELi1EEEKNS_5BlockIKNS5_IdLi3ELi3ELi0ELi3ELi3EEELi3ELi1ELb1EEEEENS0_10IndexBasedESE_ddED2Ev
                0x08002d1e       0x20 ./Core/Src/main.o
                0x08002d1e                Eigen::internal::binary_evaluator<Eigen::CwiseBinaryOp<Eigen::internal::scalar_product_op<double, double>, Eigen::Matrix<double, 3, 1, 0, 3, 1> const, Eigen::Block<Eigen::Matrix<double, 3, 3, 0, 3, 3> const, 3, 1, true> const>, Eigen::internal::IndexBased, Eigen::internal::IndexBased, double, double>::~binary_evaluator()
                0x08002d1e                Eigen::internal::binary_evaluator<Eigen::CwiseBinaryOp<Eigen::internal::scalar_product_op<double, double>, Eigen::Matrix<double, 3, 1, 0, 3, 1> const, Eigen::Block<Eigen::Matrix<double, 3, 3, 0, 3, 3> const, 3, 1, true> const>, Eigen::internal::IndexBased, Eigen::internal::IndexBased, double, double>::~binary_evaluator()
 .text._ZN5Eigen8internal9evaluatorINS_13CwiseBinaryOpINS0_17scalar_product_opIddEEKNS_6MatrixIdLi3ELi1ELi0ELi3ELi1EEEKNS_5BlockIKNS5_IdLi3ELi3ELi0ELi3ELi3EEELi3ELi1ELb1EEEEEED2Ev
                0x08002d3e       0x1a ./Core/Src/main.o
                0x08002d3e                Eigen::internal::evaluator<Eigen::CwiseBinaryOp<Eigen::internal::scalar_product_op<double, double>, Eigen::Matrix<double, 3, 1, 0, 3, 1> const, Eigen::Block<Eigen::Matrix<double, 3, 3, 0, 3, 3> const, 3, 1, true> const> >::~evaluator()
                0x08002d3e                Eigen::internal::evaluator<Eigen::CwiseBinaryOp<Eigen::internal::scalar_product_op<double, double>, Eigen::Matrix<double, 3, 1, 0, 3, 1> const, Eigen::Block<Eigen::Matrix<double, 3, 3, 0, 3, 3> const, 3, 1, true> const> >::~evaluator()
 .text._ZN5Eigen8internal15redux_evaluatorINS_13CwiseBinaryOpINS0_17scalar_product_opIddEEKNS_6MatrixIdLi3ELi1ELi0ELi3ELi1EEEKNS_5BlockIKNS5_IdLi3ELi3ELi0ELi3ELi3EEELi3ELi1ELb1EEEEEED2Ev
                0x08002d58       0x1a ./Core/Src/main.o
                0x08002d58                Eigen::internal::redux_evaluator<Eigen::CwiseBinaryOp<Eigen::internal::scalar_product_op<double, double>, Eigen::Matrix<double, 3, 1, 0, 3, 1> const, Eigen::Block<Eigen::Matrix<double, 3, 3, 0, 3, 3> const, 3, 1, true> const> >::~redux_evaluator()
                0x08002d58                Eigen::internal::redux_evaluator<Eigen::CwiseBinaryOp<Eigen::internal::scalar_product_op<double, double>, Eigen::Matrix<double, 3, 1, 0, 3, 1> const, Eigen::Block<Eigen::Matrix<double, 3, 3, 0, 3, 3> const, 3, 1, true> const> >::~redux_evaluator()
 *fill*         0x08002d72        0x2 
 .text._ZNK5Eigen9DenseBaseINS_13CwiseBinaryOpINS_8internal17scalar_product_opIddEEKNS_6MatrixIdLi3ELi1ELi0ELi3ELi1EEEKNS_5BlockIKNS5_IdLi3ELi3ELi0ELi3ELi3EEELi3ELi1ELb1EEEEEE5reduxINS2_13scalar_sum_opIddEEEEdRKT_
                0x08002d74       0x8c ./Core/Src/main.o
                0x08002d74                double Eigen::DenseBase<Eigen::CwiseBinaryOp<Eigen::internal::scalar_product_op<double, double>, Eigen::Matrix<double, 3, 1, 0, 3, 1> const, Eigen::Block<Eigen::Matrix<double, 3, 3, 0, 3, 3> const, 3, 1, true> const> >::redux<Eigen::internal::scalar_sum_op<double, double> >(Eigen::internal::scalar_sum_op<double, double> const&) const
 .text._ZN5Eigen8internal12cofactor_3x3INS_6MatrixIdLi3ELi3ELi0ELi3ELi3EEELi0ELi1EEENT_6ScalarERKS4_
                0x08002e00       0x6e ./Core/Src/main.o
                0x08002e00                Eigen::Matrix<double, 3, 3, 0, 3, 3>::Scalar Eigen::internal::cofactor_3x3<Eigen::Matrix<double, 3, 3, 0, 3, 3>, 0, 1>(Eigen::Matrix<double, 3, 3, 0, 3, 3> const&)
 .text._ZN5Eigen8internal12cofactor_3x3INS_6MatrixIdLi3ELi3ELi0ELi3ELi3EEELi1ELi1EEENT_6ScalarERKS4_
                0x08002e6e       0x6e ./Core/Src/main.o
                0x08002e6e                Eigen::Matrix<double, 3, 3, 0, 3, 3>::Scalar Eigen::internal::cofactor_3x3<Eigen::Matrix<double, 3, 3, 0, 3, 3>, 1, 1>(Eigen::Matrix<double, 3, 3, 0, 3, 3> const&)
 .text._ZN5Eigen8internal12cofactor_3x3INS_6MatrixIdLi3ELi3ELi0ELi3ELi3EEELi0ELi2EEENT_6ScalarERKS4_
                0x08002edc       0x6e ./Core/Src/main.o
                0x08002edc                Eigen::Matrix<double, 3, 3, 0, 3, 3>::Scalar Eigen::internal::cofactor_3x3<Eigen::Matrix<double, 3, 3, 0, 3, 3>, 0, 2>(Eigen::Matrix<double, 3, 3, 0, 3, 3> const&)
 .text._ZN5Eigen8internal12cofactor_3x3INS_6MatrixIdLi3ELi3ELi0ELi3ELi3EEELi2ELi1EEENT_6ScalarERKS4_
                0x08002f4a       0x6e ./Core/Src/main.o
                0x08002f4a                Eigen::Matrix<double, 3, 3, 0, 3, 3>::Scalar Eigen::internal::cofactor_3x3<Eigen::Matrix<double, 3, 3, 0, 3, 3>, 2, 1>(Eigen::Matrix<double, 3, 3, 0, 3, 3> const&)
 .text._ZN5Eigen8internal12cofactor_3x3INS_6MatrixIdLi3ELi3ELi0ELi3ELi3EEELi1ELi2EEENT_6ScalarERKS4_
                0x08002fb8       0x6e ./Core/Src/main.o
                0x08002fb8                Eigen::Matrix<double, 3, 3, 0, 3, 3>::Scalar Eigen::internal::cofactor_3x3<Eigen::Matrix<double, 3, 3, 0, 3, 3>, 1, 2>(Eigen::Matrix<double, 3, 3, 0, 3, 3> const&)
 .text._ZN5Eigen8internal12cofactor_3x3INS_6MatrixIdLi3ELi3ELi0ELi3ELi3EEELi2ELi2EEENT_6ScalarERKS4_
                0x08003026       0x6e ./Core/Src/main.o
                0x08003026                Eigen::Matrix<double, 3, 3, 0, 3, 3>::Scalar Eigen::internal::cofactor_3x3<Eigen::Matrix<double, 3, 3, 0, 3, 3>, 2, 2>(Eigen::Matrix<double, 3, 3, 0, 3, 3> const&)
 .text._ZN5Eigen9DenseBaseINS_6MatrixIdLi3ELi3ELi0ELi3ELi3EEEE3rowEi
                0x08003094       0x26 ./Core/Src/main.o
                0x08003094                Eigen::DenseBase<Eigen::Matrix<double, 3, 3, 0, 3, 3> >::row(int)
 .text._ZN5Eigen14CwiseNullaryOpINS_8internal18scalar_constant_opIdEEKNS_6MatrixIdLi3ELi1ELi0ELi3ELi1EEEEC2ERKS7_
                0x080030ba       0x26 ./Core/Src/main.o
                0x080030ba                Eigen::CwiseNullaryOp<Eigen::internal::scalar_constant_op<double>, Eigen::Matrix<double, 3, 1, 0, 3, 1> const>::CwiseNullaryOp(Eigen::CwiseNullaryOp<Eigen::internal::scalar_constant_op<double>, Eigen::Matrix<double, 3, 1, 0, 3, 1> const> const&)
                0x080030ba                Eigen::CwiseNullaryOp<Eigen::internal::scalar_constant_op<double>, Eigen::Matrix<double, 3, 1, 0, 3, 1> const>::CwiseNullaryOp(Eigen::CwiseNullaryOp<Eigen::internal::scalar_constant_op<double>, Eigen::Matrix<double, 3, 1, 0, 3, 1> const> const&)
 .text._ZNK5Eigen10MatrixBaseINS_6MatrixIdLi3ELi1ELi0ELi3ELi1EEEEmlIdEEKNS_13CwiseBinaryOpINS_8internal17scalar_product_opIdNS6_18promote_scalar_argIdT_XsrNS6_14has_ReturnTypeINS_20ScalarBinaryOpTraitsIdS9_NS7_IdS9_EEEEEE5valueEE4typeEEEKS2_KNS6_19plain_constant_typeIS2_SG_E4typeEEERKS9_
                0x080030e0       0x72 ./Core/Src/main.o
                0x080030e0                Eigen::CwiseBinaryOp<Eigen::internal::scalar_product_op<double, Eigen::internal::promote_scalar_arg<double, double, Eigen::internal::has_ReturnType<Eigen::ScalarBinaryOpTraits<double, double, Eigen::internal::scalar_product_op<double, double> > >::value>::type>, Eigen::Matrix<double, 3, 1, 0, 3, 1> const, Eigen::internal::plain_constant_type<Eigen::Matrix<double, 3, 1, 0, 3, 1>, Eigen::internal::promote_scalar_arg<double, double, Eigen::internal::has_ReturnType<Eigen::ScalarBinaryOpTraits<double, double, Eigen::internal::scalar_product_op<double, double> > >::value>::type>::type const> const Eigen::MatrixBase<Eigen::Matrix<double, 3, 1, 0, 3, 1> >::operator*<double>(double const&) const
 .text._ZN5Eigen10MatrixBaseINS_5BlockINS_6MatrixIdLi3ELi3ELi0ELi3ELi3EEELi1ELi3ELb0EEEEaSINS_13CwiseBinaryOpINS_8internal17scalar_product_opIddEEKNS2_IdLi3ELi1ELi0ELi3ELi1EEEKNS_14CwiseNullaryOpINS8_18scalar_constant_opIdEESC_EEEEEERS4_RKNS_9DenseBaseIT_EE
                0x08003152       0x32 ./Core/Src/main.o
                0x08003152                Eigen::Block<Eigen::Matrix<double, 3, 3, 0, 3, 3>, 1, 3, false>& Eigen::MatrixBase<Eigen::Block<Eigen::Matrix<double, 3, 3, 0, 3, 3>, 1, 3, false> >::operator=<Eigen::CwiseBinaryOp<Eigen::internal::scalar_product_op<double, double>, Eigen::Matrix<double, 3, 1, 0, 3, 1> const, Eigen::CwiseNullaryOp<Eigen::internal::scalar_constant_op<double>, Eigen::Matrix<double, 3, 1, 0, 3, 1> const> const> >(Eigen::DenseBase<Eigen::CwiseBinaryOp<Eigen::internal::scalar_product_op<double, double>, Eigen::Matrix<double, 3, 1, 0, 3, 1> const, Eigen::CwiseNullaryOp<Eigen::internal::scalar_constant_op<double>, Eigen::Matrix<double, 3, 1, 0, 3, 1> const> const> > const&)
 .text._ZN5Eigen8internal24call_assignment_no_aliasINS_6MatrixIdLi3ELi1ELi0ELi3ELi1EEENS_7ProductINS2_IdLi3ELi3ELi0ELi3ELi3EEES3_Li0EEENS0_9assign_opIddEEEEvRT_RKT0_RKT1_
                0x08003184       0x22 ./Core/Src/main.o
                0x08003184                void Eigen::internal::call_assignment_no_alias<Eigen::Matrix<double, 3, 1, 0, 3, 1>, Eigen::Product<Eigen::Matrix<double, 3, 3, 0, 3, 3>, Eigen::Matrix<double, 3, 1, 0, 3, 1>, 0>, Eigen::internal::assign_op<double, double> >(Eigen::Matrix<double, 3, 1, 0, 3, 1>&, Eigen::Product<Eigen::Matrix<double, 3, 3, 0, 3, 3>, Eigen::Matrix<double, 3, 1, 0, 3, 1>, 0> const&, Eigen::internal::assign_op<double, double> const&)
 *fill*         0x080031a6        0x2 
 .text._ZN5Eigen8internal17resize_if_allowedINS_6MatrixIdLi3ELi1ELi0ELi3ELi1EEES3_ddEEvRT_RKT0_RKNS0_9assign_opIT1_T2_EE
                0x080031a8       0x98 ./Core/Src/main.o
                0x080031a8                void Eigen::internal::resize_if_allowed<Eigen::Matrix<double, 3, 1, 0, 3, 1>, Eigen::Matrix<double, 3, 1, 0, 3, 1>, double, double>(Eigen::Matrix<double, 3, 1, 0, 3, 1>&, Eigen::Matrix<double, 3, 1, 0, 3, 1> const&, Eigen::internal::assign_op<double, double> const&)
 .text._ZNK5Eigen9EigenBaseINS_6MatrixIdLi3ELi1ELi0ELi3ELi1EEEE18const_cast_derivedEv
                0x08003240       0x16 ./Core/Src/main.o
                0x08003240                Eigen::EigenBase<Eigen::Matrix<double, 3, 1, 0, 3, 1> >::const_cast_derived() const
 .text._ZN5Eigen8internal31generic_dense_assignment_kernelINS0_9evaluatorINS_6MatrixIdLi3ELi1ELi0ELi3ELi1EEEEES5_NS0_9assign_opIddEELi0EEC2ERS5_RKS5_RKS7_RS4_
                0x08003256       0x34 ./Core/Src/main.o
                0x08003256                Eigen::internal::generic_dense_assignment_kernel<Eigen::internal::evaluator<Eigen::Matrix<double, 3, 1, 0, 3, 1> >, Eigen::internal::evaluator<Eigen::Matrix<double, 3, 1, 0, 3, 1> >, Eigen::internal::assign_op<double, double>, 0>::generic_dense_assignment_kernel(Eigen::internal::evaluator<Eigen::Matrix<double, 3, 1, 0, 3, 1> >&, Eigen::internal::evaluator<Eigen::Matrix<double, 3, 1, 0, 3, 1> > const&, Eigen::internal::assign_op<double, double> const&, Eigen::Matrix<double, 3, 1, 0, 3, 1>&)
                0x08003256                Eigen::internal::generic_dense_assignment_kernel<Eigen::internal::evaluator<Eigen::Matrix<double, 3, 1, 0, 3, 1> >, Eigen::internal::evaluator<Eigen::Matrix<double, 3, 1, 0, 3, 1> >, Eigen::internal::assign_op<double, double>, 0>::generic_dense_assignment_kernel(Eigen::internal::evaluator<Eigen::Matrix<double, 3, 1, 0, 3, 1> >&, Eigen::internal::evaluator<Eigen::Matrix<double, 3, 1, 0, 3, 1> > const&, Eigen::internal::assign_op<double, double> const&, Eigen::Matrix<double, 3, 1, 0, 3, 1>&)
 .text._ZN5Eigen8internal21dense_assignment_loopINS0_31generic_dense_assignment_kernelINS0_9evaluatorINS_6MatrixIdLi3ELi1ELi0ELi3ELi1EEEEES6_NS0_9assign_opIddEELi0EEELi1ELi2EE3runERS9_
                0x0800328a       0x16 ./Core/Src/main.o
                0x0800328a                Eigen::internal::dense_assignment_loop<Eigen::internal::generic_dense_assignment_kernel<Eigen::internal::evaluator<Eigen::Matrix<double, 3, 1, 0, 3, 1> >, Eigen::internal::evaluator<Eigen::Matrix<double, 3, 1, 0, 3, 1> >, Eigen::internal::assign_op<double, double>, 0>, 1, 2>::run(Eigen::internal::generic_dense_assignment_kernel<Eigen::internal::evaluator<Eigen::Matrix<double, 3, 1, 0, 3, 1> >, Eigen::internal::evaluator<Eigen::Matrix<double, 3, 1, 0, 3, 1> >, Eigen::internal::assign_op<double, double>, 0>&)
 .text._ZNK5Eigen12DenseStorageIdLi9ELi3ELi3ELi0EE4dataEv
                0x080032a0       0x16 ./Core/Src/main.o
                0x080032a0                Eigen::DenseStorage<double, 9, 3, 3, 0>::data() const
 .text._ZN5Eigen9BlockImplIKNS_6MatrixIdLi3ELi3ELi0ELi3ELi3EEELi3ELi1ELb1ENS_5DenseEEC2ERS3_i
                0x080032b6       0x22 ./Core/Src/main.o
                0x080032b6                Eigen::BlockImpl<Eigen::Matrix<double, 3, 3, 0, 3, 3> const, 3, 1, true, Eigen::Dense>::BlockImpl(Eigen::Matrix<double, 3, 3, 0, 3, 3> const&, int)
                0x080032b6                Eigen::BlockImpl<Eigen::Matrix<double, 3, 3, 0, 3, 3> const, 3, 1, true, Eigen::Dense>::BlockImpl(Eigen::Matrix<double, 3, 3, 0, 3, 3> const&, int)
 .text._ZN5Eigen9DenseBaseINS_13CwiseBinaryOpINS_8internal17scalar_product_opIddEEKNS_6MatrixIdLi3ELi1ELi0ELi3ELi1EEEKNS_5BlockIKNS5_IdLi3ELi3ELi0ELi3ELi3EEELi3ELi1ELb1EEEEEEC2Ev
                0x080032d8       0x16 ./Core/Src/main.o
                0x080032d8                Eigen::DenseBase<Eigen::CwiseBinaryOp<Eigen::internal::scalar_product_op<double, double>, Eigen::Matrix<double, 3, 1, 0, 3, 1> const, Eigen::Block<Eigen::Matrix<double, 3, 3, 0, 3, 3> const, 3, 1, true> const> >::DenseBase()
                0x080032d8                Eigen::DenseBase<Eigen::CwiseBinaryOp<Eigen::internal::scalar_product_op<double, double>, Eigen::Matrix<double, 3, 1, 0, 3, 1> const, Eigen::Block<Eigen::Matrix<double, 3, 3, 0, 3, 3> const, 3, 1, true> const> >::DenseBase()
 .text._ZNK5Eigen7MapBaseINS_5BlockIKNS_6MatrixIdLi3ELi3ELi0ELi3ELi3EEELi3ELi1ELb1EEELi0EE4rowsEv
                0x080032ee       0x16 ./Core/Src/main.o
                0x080032ee                Eigen::MapBase<Eigen::Block<Eigen::Matrix<double, 3, 3, 0, 3, 3> const, 3, 1, true>, 0>::rows() const
 .text._ZNK5Eigen7MapBaseINS_5BlockIKNS_6MatrixIdLi3ELi3ELi0ELi3ELi3EEELi3ELi1ELb1EEELi0EE4colsEv
                0x08003304       0x16 ./Core/Src/main.o
                0x08003304                Eigen::MapBase<Eigen::Block<Eigen::Matrix<double, 3, 3, 0, 3, 3> const, 3, 1, true>, 0>::cols() const
 .text._ZNK5Eigen9EigenBaseINS_13CwiseBinaryOpINS_8internal17scalar_product_opIddEEKNS_6MatrixIdLi3ELi1ELi0ELi3ELi1EEEKNS_5BlockIKNS5_IdLi3ELi3ELi0ELi3ELi3EEELi3ELi1ELb1EEEEEE4rowsEv
                0x0800331a       0x20 ./Core/Src/main.o
                0x0800331a                Eigen::EigenBase<Eigen::CwiseBinaryOp<Eigen::internal::scalar_product_op<double, double>, Eigen::Matrix<double, 3, 1, 0, 3, 1> const, Eigen::Block<Eigen::Matrix<double, 3, 3, 0, 3, 3> const, 3, 1, true> const> >::rows() const
 .text._ZNK5Eigen9EigenBaseINS_13CwiseBinaryOpINS_8internal17scalar_product_opIddEEKNS_6MatrixIdLi3ELi1ELi0ELi3ELi1EEEKNS_5BlockIKNS5_IdLi3ELi3ELi0ELi3ELi3EEELi3ELi1ELb1EEEEEE4colsEv
                0x0800333a       0x20 ./Core/Src/main.o
                0x0800333a                Eigen::EigenBase<Eigen::CwiseBinaryOp<Eigen::internal::scalar_product_op<double, double>, Eigen::Matrix<double, 3, 1, 0, 3, 1> const, Eigen::Block<Eigen::Matrix<double, 3, 3, 0, 3, 3> const, 3, 1, true> const> >::cols() const
 .text._ZN5Eigen8internal15redux_evaluatorINS_13CwiseBinaryOpINS0_17scalar_product_opIddEEKNS_6MatrixIdLi3ELi1ELi0ELi3ELi1EEEKNS_5BlockIKNS5_IdLi3ELi3ELi0ELi3ELi3EEELi3ELi1ELb1EEEEEEC2ERKSD_
                0x0800335a       0x1e ./Core/Src/main.o
                0x0800335a                Eigen::internal::redux_evaluator<Eigen::CwiseBinaryOp<Eigen::internal::scalar_product_op<double, double>, Eigen::Matrix<double, 3, 1, 0, 3, 1> const, Eigen::Block<Eigen::Matrix<double, 3, 3, 0, 3, 3> const, 3, 1, true> const> >::redux_evaluator(Eigen::CwiseBinaryOp<Eigen::internal::scalar_product_op<double, double>, Eigen::Matrix<double, 3, 1, 0, 3, 1> const, Eigen::Block<Eigen::Matrix<double, 3, 3, 0, 3, 3> const, 3, 1, true> const> const&)
                0x0800335a                Eigen::internal::redux_evaluator<Eigen::CwiseBinaryOp<Eigen::internal::scalar_product_op<double, double>, Eigen::Matrix<double, 3, 1, 0, 3, 1> const, Eigen::Block<Eigen::Matrix<double, 3, 3, 0, 3, 3> const, 3, 1, true> const> >::redux_evaluator(Eigen::CwiseBinaryOp<Eigen::internal::scalar_product_op<double, double>, Eigen::Matrix<double, 3, 1, 0, 3, 1> const, Eigen::Block<Eigen::Matrix<double, 3, 3, 0, 3, 3> const, 3, 1, true> const> const&)
 .text._ZN5Eigen8internal14evaluator_baseINS_13CwiseBinaryOpINS0_17scalar_product_opIddEEKNS_6MatrixIdLi3ELi1ELi0ELi3ELi1EEEKNS_5BlockIKNS5_IdLi3ELi3ELi0ELi3ELi3EEELi3ELi1ELb1EEEEEED2Ev
                0x08003378       0x16 ./Core/Src/main.o
                0x08003378                Eigen::internal::evaluator_base<Eigen::CwiseBinaryOp<Eigen::internal::scalar_product_op<double, double>, Eigen::Matrix<double, 3, 1, 0, 3, 1> const, Eigen::Block<Eigen::Matrix<double, 3, 3, 0, 3, 3> const, 3, 1, true> const> >::~evaluator_base()
                0x08003378                Eigen::internal::evaluator_base<Eigen::CwiseBinaryOp<Eigen::internal::scalar_product_op<double, double>, Eigen::Matrix<double, 3, 1, 0, 3, 1> const, Eigen::Block<Eigen::Matrix<double, 3, 3, 0, 3, 3> const, 3, 1, true> const> >::~evaluator_base()
 .text._ZN5Eigen8internal14evaluator_baseINS_5BlockIKNS_6MatrixIdLi3ELi3ELi0ELi3ELi3EEELi3ELi1ELb1EEEED2Ev
                0x0800338e       0x16 ./Core/Src/main.o
                0x0800338e                Eigen::internal::evaluator_base<Eigen::Block<Eigen::Matrix<double, 3, 3, 0, 3, 3> const, 3, 1, true> >::~evaluator_base()
                0x0800338e                Eigen::internal::evaluator_base<Eigen::Block<Eigen::Matrix<double, 3, 3, 0, 3, 3> const, 3, 1, true> >::~evaluator_base()
 .text._ZN5Eigen8internal10redux_implINS0_13scalar_sum_opIddEENS0_15redux_evaluatorINS_13CwiseBinaryOpINS0_17scalar_product_opIddEEKNS_6MatrixIdLi3ELi1ELi0ELi3ELi1EEEKNS_5BlockIKNS8_IdLi3ELi3ELi0ELi3ELi3EEELi3ELi1ELb1EEEEEEELi0ELi2EE3runISG_EEdRKSH_RKS3_RKT_
                0x080033a4       0x22 ./Core/Src/main.o
                0x080033a4                double Eigen::internal::redux_impl<Eigen::internal::scalar_sum_op<double, double>, Eigen::internal::redux_evaluator<Eigen::CwiseBinaryOp<Eigen::internal::scalar_product_op<double, double>, Eigen::Matrix<double, 3, 1, 0, 3, 1> const, Eigen::Block<Eigen::Matrix<double, 3, 3, 0, 3, 3> const, 3, 1, true> const> >, 0, 2>::run<Eigen::CwiseBinaryOp<Eigen::internal::scalar_product_op<double, double>, Eigen::Matrix<double, 3, 1, 0, 3, 1> const, Eigen::Block<Eigen::Matrix<double, 3, 3, 0, 3, 3> const, 3, 1, true> const> >(Eigen::internal::redux_evaluator<Eigen::CwiseBinaryOp<Eigen::internal::scalar_product_op<double, double>, Eigen::Matrix<double, 3, 1, 0, 3, 1> const, Eigen::Block<Eigen::Matrix<double, 3, 3, 0, 3, 3> const, 3, 1, true> const> > const&, Eigen::internal::scalar_sum_op<double, double> const&, Eigen::CwiseBinaryOp<Eigen::internal::scalar_product_op<double, double>, Eigen::Matrix<double, 3, 1, 0, 3, 1> const, Eigen::Block<Eigen::Matrix<double, 3, 3, 0, 3, 3> const, 3, 1, true> const> const&)
 *fill*         0x080033c6        0x2 
 .text._ZN5Eigen5BlockINS_6MatrixIdLi3ELi3ELi0ELi3ELi3EEELi1ELi3ELb0EEC2ERS2_i
                0x080033c8       0x50 ./Core/Src/main.o
                0x080033c8                Eigen::Block<Eigen::Matrix<double, 3, 3, 0, 3, 3>, 1, 3, false>::Block(Eigen::Matrix<double, 3, 3, 0, 3, 3>&, int)
                0x080033c8                Eigen::Block<Eigen::Matrix<double, 3, 3, 0, 3, 3>, 1, 3, false>::Block(Eigen::Matrix<double, 3, 3, 0, 3, 3>&, int)
 .text._ZN5Eigen8internal18scalar_constant_opIdEC2ERKd
                0x08003418       0x24 ./Core/Src/main.o
                0x08003418                Eigen::internal::scalar_constant_op<double>::scalar_constant_op(double const&)
                0x08003418                Eigen::internal::scalar_constant_op<double>::scalar_constant_op(double const&)
 .text._ZN5Eigen10MatrixBaseINS_14CwiseNullaryOpINS_8internal18scalar_constant_opIdEEKNS_6MatrixIdLi3ELi1ELi0ELi3ELi1EEEEEEC2Ev
                0x0800343c       0x18 ./Core/Src/main.o
                0x0800343c                Eigen::MatrixBase<Eigen::CwiseNullaryOp<Eigen::internal::scalar_constant_op<double>, Eigen::Matrix<double, 3, 1, 0, 3, 1> const> >::MatrixBase()
                0x0800343c                Eigen::MatrixBase<Eigen::CwiseNullaryOp<Eigen::internal::scalar_constant_op<double>, Eigen::Matrix<double, 3, 1, 0, 3, 1> const> >::MatrixBase()
 .text._ZN5Eigen14CwiseNullaryOpINS_8internal18scalar_constant_opIdEEKNS_6MatrixIdLi3ELi1ELi0ELi3ELi1EEEEC2EiiRKS3_
                0x08003454       0x70 ./Core/Src/main.o
                0x08003454                Eigen::CwiseNullaryOp<Eigen::internal::scalar_constant_op<double>, Eigen::Matrix<double, 3, 1, 0, 3, 1> const>::CwiseNullaryOp(int, int, Eigen::internal::scalar_constant_op<double> const&)
                0x08003454                Eigen::CwiseNullaryOp<Eigen::internal::scalar_constant_op<double>, Eigen::Matrix<double, 3, 1, 0, 3, 1> const>::CwiseNullaryOp(int, int, Eigen::internal::scalar_constant_op<double> const&)
 .text._ZN5Eigen10MatrixBaseINS_13CwiseBinaryOpINS_8internal17scalar_product_opIddEEKNS_6MatrixIdLi3ELi1ELi0ELi3ELi1EEEKNS_14CwiseNullaryOpINS2_18scalar_constant_opIdEES7_EEEEEC2Ev
                0x080034c4       0x18 ./Core/Src/main.o
                0x080034c4                Eigen::MatrixBase<Eigen::CwiseBinaryOp<Eigen::internal::scalar_product_op<double, double>, Eigen::Matrix<double, 3, 1, 0, 3, 1> const, Eigen::CwiseNullaryOp<Eigen::internal::scalar_constant_op<double>, Eigen::Matrix<double, 3, 1, 0, 3, 1> const> const> >::MatrixBase()
                0x080034c4                Eigen::MatrixBase<Eigen::CwiseBinaryOp<Eigen::internal::scalar_product_op<double, double>, Eigen::Matrix<double, 3, 1, 0, 3, 1> const, Eigen::CwiseNullaryOp<Eigen::internal::scalar_constant_op<double>, Eigen::Matrix<double, 3, 1, 0, 3, 1> const> const> >::MatrixBase()
 .text._ZN5Eigen17CwiseBinaryOpImplINS_8internal17scalar_product_opIddEEKNS_6MatrixIdLi3ELi1ELi0ELi3ELi1EEEKNS_14CwiseNullaryOpINS1_18scalar_constant_opIdEES6_EENS_5DenseEEC2Ev
                0x080034dc       0x18 ./Core/Src/main.o
                0x080034dc                Eigen::CwiseBinaryOpImpl<Eigen::internal::scalar_product_op<double, double>, Eigen::Matrix<double, 3, 1, 0, 3, 1> const, Eigen::CwiseNullaryOp<Eigen::internal::scalar_constant_op<double>, Eigen::Matrix<double, 3, 1, 0, 3, 1> const> const, Eigen::Dense>::CwiseBinaryOpImpl()
                0x080034dc                Eigen::CwiseBinaryOpImpl<Eigen::internal::scalar_product_op<double, double>, Eigen::Matrix<double, 3, 1, 0, 3, 1> const, Eigen::CwiseNullaryOp<Eigen::internal::scalar_constant_op<double>, Eigen::Matrix<double, 3, 1, 0, 3, 1> const> const, Eigen::Dense>::CwiseBinaryOpImpl()
 .text._ZN5Eigen13CwiseBinaryOpINS_8internal17scalar_product_opIddEEKNS_6MatrixIdLi3ELi1ELi0ELi3ELi1EEEKNS_14CwiseNullaryOpINS1_18scalar_constant_opIdEES6_EEEC2ERS6_RSB_RKS3_
                0x080034f4       0x80 ./Core/Src/main.o
                0x080034f4                Eigen::CwiseBinaryOp<Eigen::internal::scalar_product_op<double, double>, Eigen::Matrix<double, 3, 1, 0, 3, 1> const, Eigen::CwiseNullaryOp<Eigen::internal::scalar_constant_op<double>, Eigen::Matrix<double, 3, 1, 0, 3, 1> const> const>::CwiseBinaryOp(Eigen::Matrix<double, 3, 1, 0, 3, 1> const&, Eigen::CwiseNullaryOp<Eigen::internal::scalar_constant_op<double>, Eigen::Matrix<double, 3, 1, 0, 3, 1> const> const&, Eigen::internal::scalar_product_op<double, double> const&)
                0x080034f4                Eigen::CwiseBinaryOp<Eigen::internal::scalar_product_op<double, double>, Eigen::Matrix<double, 3, 1, 0, 3, 1> const, Eigen::CwiseNullaryOp<Eigen::internal::scalar_constant_op<double>, Eigen::Matrix<double, 3, 1, 0, 3, 1> const> const>::CwiseBinaryOp(Eigen::Matrix<double, 3, 1, 0, 3, 1> const&, Eigen::CwiseNullaryOp<Eigen::internal::scalar_constant_op<double>, Eigen::Matrix<double, 3, 1, 0, 3, 1> const> const&, Eigen::internal::scalar_product_op<double, double> const&)
 .text._ZN5Eigen8internal18scalar_constant_opIdEC2ERKS2_
                0x08003574       0x24 ./Core/Src/main.o
                0x08003574                Eigen::internal::scalar_constant_op<double>::scalar_constant_op(Eigen::internal::scalar_constant_op<double> const&)
                0x08003574                Eigen::internal::scalar_constant_op<double>::scalar_constant_op(Eigen::internal::scalar_constant_op<double> const&)
 .text._ZN5Eigen9EigenBaseINS_5BlockINS_6MatrixIdLi3ELi3ELi0ELi3ELi3EEELi1ELi3ELb0EEEE7derivedEv
                0x08003598       0x16 ./Core/Src/main.o
                0x08003598                Eigen::EigenBase<Eigen::Block<Eigen::Matrix<double, 3, 3, 0, 3, 3>, 1, 3, false> >::derived()
 .text._ZNK5Eigen9EigenBaseINS_13CwiseBinaryOpINS_8internal17scalar_product_opIddEEKNS_6MatrixIdLi3ELi1ELi0ELi3ELi1EEEKNS_14CwiseNullaryOpINS2_18scalar_constant_opIdEES7_EEEEE7derivedEv
                0x080035ae       0x16 ./Core/Src/main.o
                0x080035ae                Eigen::EigenBase<Eigen::CwiseBinaryOp<Eigen::internal::scalar_product_op<double, double>, Eigen::Matrix<double, 3, 1, 0, 3, 1> const, Eigen::CwiseNullaryOp<Eigen::internal::scalar_constant_op<double>, Eigen::Matrix<double, 3, 1, 0, 3, 1> const> const> >::derived() const
 .text._ZN5Eigen8internal15call_assignmentINS_5BlockINS_6MatrixIdLi3ELi3ELi0ELi3ELi3EEELi1ELi3ELb0EEENS_13CwiseBinaryOpINS0_17scalar_product_opIddEEKNS3_IdLi3ELi1ELi0ELi3ELi1EEEKNS_14CwiseNullaryOpINS0_18scalar_constant_opIdEESA_EEEEEEvRT_RKT0_
                0x080035c4       0x2a ./Core/Src/main.o
                0x080035c4                void Eigen::internal::call_assignment<Eigen::Block<Eigen::Matrix<double, 3, 3, 0, 3, 3>, 1, 3, false>, Eigen::CwiseBinaryOp<Eigen::internal::scalar_product_op<double, double>, Eigen::Matrix<double, 3, 1, 0, 3, 1> const, Eigen::CwiseNullaryOp<Eigen::internal::scalar_constant_op<double>, Eigen::Matrix<double, 3, 1, 0, 3, 1> const> const> >(Eigen::Block<Eigen::Matrix<double, 3, 3, 0, 3, 3>, 1, 3, false>&, Eigen::CwiseBinaryOp<Eigen::internal::scalar_product_op<double, double>, Eigen::Matrix<double, 3, 1, 0, 3, 1> const, Eigen::CwiseNullaryOp<Eigen::internal::scalar_constant_op<double>, Eigen::Matrix<double, 3, 1, 0, 3, 1> const> const> const&)
 .text._ZN5Eigen8internal10AssignmentINS_6MatrixIdLi3ELi1ELi0ELi3ELi1EEENS_7ProductINS2_IdLi3ELi3ELi0ELi3ELi3EEES3_Li0EEENS0_9assign_opIddEENS0_11Dense2DenseEvE3runERS3_RKS6_RKS8_
                0x080035ee       0x74 ./Core/Src/main.o
                0x080035ee                Eigen::internal::Assignment<Eigen::Matrix<double, 3, 1, 0, 3, 1>, Eigen::Product<Eigen::Matrix<double, 3, 3, 0, 3, 3>, Eigen::Matrix<double, 3, 1, 0, 3, 1>, 0>, Eigen::internal::assign_op<double, double>, Eigen::internal::Dense2Dense, void>::run(Eigen::Matrix<double, 3, 1, 0, 3, 1>&, Eigen::Product<Eigen::Matrix<double, 3, 3, 0, 3, 3>, Eigen::Matrix<double, 3, 1, 0, 3, 1>, 0> const&, Eigen::internal::assign_op<double, double> const&)
 *fill*         0x08003662        0x2 
 .text._ZN5Eigen15PlainObjectBaseINS_6MatrixIdLi3ELi1ELi0ELi3ELi1EEEE6resizeEii
                0x08003664       0x64 ./Core/Src/main.o
                0x08003664                Eigen::PlainObjectBase<Eigen::Matrix<double, 3, 1, 0, 3, 1> >::resize(int, int)
 .text._ZN5Eigen8internal54copy_using_evaluator_LinearTraversal_CompleteUnrollingINS0_31generic_dense_assignment_kernelINS0_9evaluatorINS_6MatrixIdLi3ELi1ELi0ELi3ELi1EEEEES6_NS0_9assign_opIddEELi0EEELi0ELi3EE3runERS9_
                0x080036c8       0x1e ./Core/Src/main.o
                0x080036c8                Eigen::internal::copy_using_evaluator_LinearTraversal_CompleteUnrolling<Eigen::internal::generic_dense_assignment_kernel<Eigen::internal::evaluator<Eigen::Matrix<double, 3, 1, 0, 3, 1> >, Eigen::internal::evaluator<Eigen::Matrix<double, 3, 1, 0, 3, 1> >, Eigen::internal::assign_op<double, double>, 0>, 0, 3>::run(Eigen::internal::generic_dense_assignment_kernel<Eigen::internal::evaluator<Eigen::Matrix<double, 3, 1, 0, 3, 1> >, Eigen::internal::evaluator<Eigen::Matrix<double, 3, 1, 0, 3, 1> >, Eigen::internal::assign_op<double, double>, 0>&)
 .text._ZN5Eigen8internal15BlockImpl_denseIKNS_6MatrixIdLi3ELi3ELi0ELi3ELi3EEELi3ELi1ELb1ELb1EEC2ERS4_i
                0x080036e6       0x6c ./Core/Src/main.o
                0x080036e6                Eigen::internal::BlockImpl_dense<Eigen::Matrix<double, 3, 3, 0, 3, 3> const, 3, 1, true, true>::BlockImpl_dense(Eigen::Matrix<double, 3, 3, 0, 3, 3> const&, int)
                0x080036e6                Eigen::internal::BlockImpl_dense<Eigen::Matrix<double, 3, 3, 0, 3, 3> const, 3, 1, true, true>::BlockImpl_dense(Eigen::Matrix<double, 3, 3, 0, 3, 3> const&, int)
 .text._ZN5Eigen8internal19variable_if_dynamicIiLi3EE5valueEv
                0x08003752       0x10 ./Core/Src/main.o
                0x08003752                Eigen::internal::variable_if_dynamic<int, 3>::value()
 .text._ZN5Eigen8internal19variable_if_dynamicIiLi1EE5valueEv
                0x08003762       0x10 ./Core/Src/main.o
                0x08003762                Eigen::internal::variable_if_dynamic<int, 1>::value()
 .text._ZNK5Eigen13CwiseBinaryOpINS_8internal17scalar_product_opIddEEKNS_6MatrixIdLi3ELi1ELi0ELi3ELi1EEEKNS_5BlockIKNS4_IdLi3ELi3ELi0ELi3ELi3EEELi3ELi1ELb1EEEE4rowsEv
                0x08003772       0x1c ./Core/Src/main.o
                0x08003772                Eigen::CwiseBinaryOp<Eigen::internal::scalar_product_op<double, double>, Eigen::Matrix<double, 3, 1, 0, 3, 1> const, Eigen::Block<Eigen::Matrix<double, 3, 3, 0, 3, 3> const, 3, 1, true> const>::rows() const
 .text._ZNK5Eigen13CwiseBinaryOpINS_8internal17scalar_product_opIddEEKNS_6MatrixIdLi3ELi1ELi0ELi3ELi1EEEKNS_5BlockIKNS4_IdLi3ELi3ELi0ELi3ELi3EEELi3ELi1ELb1EEEE4colsEv
                0x0800378e       0x1c ./Core/Src/main.o
                0x0800378e                Eigen::CwiseBinaryOp<Eigen::internal::scalar_product_op<double, double>, Eigen::Matrix<double, 3, 1, 0, 3, 1> const, Eigen::Block<Eigen::Matrix<double, 3, 3, 0, 3, 3> const, 3, 1, true> const>::cols() const
 .text._ZN5Eigen8internal9evaluatorINS_13CwiseBinaryOpINS0_17scalar_product_opIddEEKNS_6MatrixIdLi3ELi1ELi0ELi3ELi1EEEKNS_5BlockIKNS5_IdLi3ELi3ELi0ELi3ELi3EEELi3ELi1ELb1EEEEEEC2ERKSD_
                0x080037aa       0x1e ./Core/Src/main.o
                0x080037aa                Eigen::internal::evaluator<Eigen::CwiseBinaryOp<Eigen::internal::scalar_product_op<double, double>, Eigen::Matrix<double, 3, 1, 0, 3, 1> const, Eigen::Block<Eigen::Matrix<double, 3, 3, 0, 3, 3> const, 3, 1, true> const> >::evaluator(Eigen::CwiseBinaryOp<Eigen::internal::scalar_product_op<double, double>, Eigen::Matrix<double, 3, 1, 0, 3, 1> const, Eigen::Block<Eigen::Matrix<double, 3, 3, 0, 3, 3> const, 3, 1, true> const> const&)
                0x080037aa                Eigen::internal::evaluator<Eigen::CwiseBinaryOp<Eigen::internal::scalar_product_op<double, double>, Eigen::Matrix<double, 3, 1, 0, 3, 1> const, Eigen::Block<Eigen::Matrix<double, 3, 3, 0, 3, 3> const, 3, 1, true> const> >::evaluator(Eigen::CwiseBinaryOp<Eigen::internal::scalar_product_op<double, double>, Eigen::Matrix<double, 3, 1, 0, 3, 1> const, Eigen::Block<Eigen::Matrix<double, 3, 3, 0, 3, 3> const, 3, 1, true> const> const&)
 .text._ZN5Eigen8internal20redux_novec_unrollerINS0_13scalar_sum_opIddEENS0_15redux_evaluatorINS_13CwiseBinaryOpINS0_17scalar_product_opIddEEKNS_6MatrixIdLi3ELi1ELi0ELi3ELi1EEEKNS_5BlockIKNS8_IdLi3ELi3ELi0ELi3ELi3EEELi3ELi1ELb1EEEEEEELi0ELi3EE3runERKSH_RKS3_
                0x080037c8       0x48 ./Core/Src/main.o