C:\ST\STM32CubeIDE_1.18.0\STM32CubeIDE\plugins\com.st.stm32cube.ide.mcu.externaltools.gnu-tools-for-stm32.13.3.rel1.win32_1.0.0.202411081344\tools\bin/../lib/gcc/arm-none-eabi/13.3.1/../../../../arm-none-eabi/include/c++/13.3.1/bits/std_abs.h:75:3:constexpr float std::abs(float)	16	static
C:\ST\STM32CubeIDE_1.18.0\STM32CubeIDE\plugins\com.st.stm32cube.ide.mcu.externaltools.gnu-tools-for-stm32.13.3.rel1.win32_1.0.0.202411081344\tools\bin/../lib/gcc/arm-none-eabi/13.3.1/../../../../arm-none-eabi/include/c++/13.3.1/cmath:89:3:constexpr float std::acos(float)	16	static
C:\ST\STM32CubeIDE_1.18.0\STM32CubeIDE\plugins\com.st.stm32cube.ide.mcu.externaltools.gnu-tools-for-stm32.13.3.rel1.win32_1.0.0.202411081344\tools\bin/../lib/gcc/arm-none-eabi/13.3.1/../../../../arm-none-eabi/include/c++/13.3.1/cmath:127:3:constexpr float std::atan(float)	16	static
C:\ST\STM32CubeIDE_1.18.0\STM32CubeIDE\plugins\com.st.stm32cube.ide.mcu.externaltools.gnu-tools-for-stm32.13.3.rel1.win32_1.0.0.202411081344\tools\bin/../lib/gcc/arm-none-eabi/13.3.1/../../../../arm-none-eabi/include/c++/13.3.1/cmath:438:3:constexpr float std::sqrt(float)	16	static
C:\ST\STM32CubeIDE_1.18.0\STM32CubeIDE\plugins\com.st.stm32cube.ide.mcu.externaltools.gnu-tools-for-stm32.13.3.rel1.win32_1.0.0.202411081344\tools\arm-none-eabi\include\c++\13.3.1\arm-none-eabi\thumb\v7e-m+dp\hard\bits\gthr-default.h:229:1:int __gthread_key_delete(__gthread_key_t)	16	static
C:/Users/Richard/Desktop/Embedded Project/Final Project/Drivers/Eigen/src/Core/util/IndexedViewHelper.h:137:16:Eigen::internal::all_t::all_t()	16	static
../Core/Src/main.cpp:108:6:void HAL_TIM_IC_CaptureCallback(TIM_HandleTypeDef*)	16	static
../Core/Src/main.cpp:139:5:int main()	856	static
../Core/Src/main.cpp:351:6:void SystemClock_Config()	120	static
../Core/Src/main.cpp:408:13:void MX_USART3_UART_Init()	8	static
../Core/Src/main.cpp:451:13:void MX_ADC1_Init()	48	static
../Core/Src/main.cpp:515:13:void MX_TIM1_Init()	56	static
../Core/Src/main.cpp:578:13:void MX_TIM2_Init()	56	static
../Core/Src/main.cpp:644:13:void MX_GPIO_Init()	56	static
../Core/Src/main.cpp:718:6:void rectangular2Spherical(float*, float*)	24	static
../Core/Src/main.cpp:726:17:Eigen::Matrix3d jacobianGuess(float*, float (*)[2])	192	static
../Core/Src/main.cpp:743:17:Eigen::Vector3d functionGuess(float*, float (*)[2], float*)	64	static
../Core/Src/main.cpp:761:6:void calculateTrilateration(float*, float*)	216	static
../Core/Src/main.cpp:787:6:void useMotor(bool, uint16_t*)	16	static
../Core/Src/main.cpp:806:6:void moveMotor(bool, float)	64	static
../Core/Src/main.cpp:911:6:void Error_Handler()	4	static,ignoring_inline_asm
C:/Users/Richard/Desktop/Embedded Project/Final Project/Drivers/Eigen/src/Core/util/SymbolicIndex.h:219:3:Eigen::symbolic::SymbolExpr<tag>::SymbolExpr() [with tag = Eigen::internal::symbolic_last_tag]	16	static
C:/Users/Richard/Desktop/Embedded Project/Final Project/Drivers/Eigen/src/Core/util/IntegralConstant.h:56:3:Eigen::internal::FixedInt<N>::FixedInt() [with int N = 1]	16	static
C:/Users/Richard/Desktop/Embedded Project/Final Project/Drivers/Eigen/src/Core/util/IntegralConstant.h:82:12:Eigen::internal::FixedInt<N> Eigen::internal::FixedInt<N>::operator()() const [with int N = 1]	16	static
C:/Users/Richard/Desktop/Embedded Project/Final Project/Drivers/Eigen/src/Core/util/SymbolicIndex.h:117:55:Eigen::symbolic::AddExpr<Derived, Eigen::symbolic::ValueExpr<Eigen::internal::FixedInt<M> > > Eigen::symbolic::BaseExpr<Derived>::operator+(Eigen::internal::FixedInt<M>) const [with int N = 1; Derived = Eigen::symbolic::SymbolExpr<Eigen::internal::symbolic_last_tag>]	32	static
C:/Users/Richard/Desktop/Embedded Project/Final Project/Drivers/Eigen/src/Core/util/Macros.h:1073:69:void Eigen::internal::ignore_unused_variable(const T&) [with T = int]	16	static
C:/Users/Richard/Desktop/Embedded Project/Final Project/Drivers/Eigen/src/Core/Matrix.h:259:5:Eigen::Matrix<_Scalar, _Rows, _Cols, _Options, _MaxRows, _MaxCols>::Matrix() [with _Scalar = double; int _Rows = 3; int _Cols = 3; int _Options = 0; int _MaxRows = 3; int _MaxCols = 3]	16	static
C:/Users/Richard/Desktop/Embedded Project/Final Project/Drivers/Eigen/src/Core/CommaInitializer.h:148:52:Eigen::CommaInitializer<Derived> Eigen::DenseBase<Derived>::operator<<(const Scalar&) [with Derived = Eigen::Matrix<double, 3, 3>]	24	static
C:/Users/Richard/Desktop/Embedded Project/Final Project/Drivers/Eigen/src/Core/CommaInitializer.h:105:10:Eigen::CommaInitializer<MatrixType>::~CommaInitializer() [with XprType = Eigen::Matrix<double, 3, 3>]	16	static
C:/Users/Richard/Desktop/Embedded Project/Final Project/Drivers/Eigen/src/Core/CommaInitializer.h:65:21:Eigen::CommaInitializer<MatrixType>& Eigen::CommaInitializer<MatrixType>::operator,(const Scalar&) [with XprType = Eigen::Matrix<double, 3, 3>]	24	static
C:/Users/Richard/Desktop/Embedded Project/Final Project/Drivers/Eigen/src/LU/InverseImpl.h:348:31:const Eigen::Inverse<Derived> Eigen::MatrixBase<Derived>::inverse() const [with Derived = Eigen::Matrix<double, 3, 3>]	32	static
C:/Users/Richard/Desktop/Embedded Project/Final Project/Drivers/Eigen/src/Core/Matrix.h:422:25:Eigen::Matrix<_Scalar, _Rows, _Cols, _Options, _MaxRows, _MaxCols>::Matrix(const Eigen::EigenBase<OtherDerived>&) [with OtherDerived = Eigen::Inverse<Eigen::Matrix<double, 3, 3> >; _Scalar = double; int _Rows = 3; int _Cols = 3; int _Options = 0; int _MaxRows = 3; int _MaxCols = 3]	24	static
C:/Users/Richard/Desktop/Embedded Project/Final Project/Drivers/Eigen/src/Core/Matrix.h:259:5:Eigen::Matrix<_Scalar, _Rows, _Cols, _Options, _MaxRows, _MaxCols>::Matrix() [with _Scalar = double; int _Rows = 3; int _Cols = 1; int _Options = 0; int _MaxRows = 3; int _MaxCols = 1]	16	static
C:/Users/Richard/Desktop/Embedded Project/Final Project/Drivers/Eigen/src/Core/CommaInitializer.h:148:52:Eigen::CommaInitializer<Derived> Eigen::DenseBase<Derived>::operator<<(const Scalar&) [with Derived = Eigen::Matrix<double, 3, 1>]	24	static
C:/Users/Richard/Desktop/Embedded Project/Final Project/Drivers/Eigen/src/Core/CommaInitializer.h:105:10:Eigen::CommaInitializer<MatrixType>::~CommaInitializer() [with XprType = Eigen::Matrix<double, 3, 1>]	16	static
C:/Users/Richard/Desktop/Embedded Project/Final Project/Drivers/Eigen/src/Core/CommaInitializer.h:65:21:Eigen::CommaInitializer<MatrixType>& Eigen::CommaInitializer<MatrixType>::operator,(const Scalar&) [with XprType = Eigen::Matrix<double, 3, 1>]	24	static
C:/Users/Richard/Desktop/Embedded Project/Final Project/Drivers/Eigen/src/Core/GeneralProduct.h:399:1:const Eigen::Product<Derived, OtherDerived> Eigen::MatrixBase<Derived>::operator*(const Eigen::MatrixBase<OtherDerived>&) const [with OtherDerived = Eigen::Matrix<double, 3, 1>; Derived = Eigen::Matrix<double, 3, 3>]	32	static
C:/Users/Richard/Desktop/Embedded Project/Final Project/Drivers/Eigen/src/Core/Matrix.h:223:33:Eigen::Matrix<_Scalar, _Rows, _Cols, _Options, _MaxRows, _MaxCols>& Eigen::Matrix<_Scalar, _Rows, _Cols, _Options, _MaxRows, _MaxCols>::operator=(const Eigen::DenseBase<OtherDerived>&) [with OtherDerived = Eigen::Product<Eigen::Matrix<double, 3, 3>, Eigen::Matrix<double, 3, 1>, 0>; _Scalar = double; int _Rows = 3; int _Cols = 1; int _Options = 0; int _MaxRows = 3; int _MaxCols = 1]	16	static
C:/Users/Richard/Desktop/Embedded Project/Final Project/Drivers/Eigen/src/Core/DenseCoeffsBase.h:406:5:Eigen::DenseCoeffsBase<Derived, 1>::Scalar& Eigen::DenseCoeffsBase<Derived, 1>::operator[](Eigen::Index) [with Derived = Eigen::Matrix<double, 3, 1>]	16	static
C:/Users/Richard/Desktop/Embedded Project/Final Project/Drivers/Eigen/src/Core/util/SymbolicIndex.h:80:18:const Derived& Eigen::symbolic::BaseExpr<Derived>::derived() const [with Derived = Eigen::symbolic::SymbolExpr<Eigen::internal::symbolic_last_tag>]	16	static
C:/Users/Richard/Desktop/Embedded Project/Final Project/Drivers/Eigen/src/Core/util/SymbolicIndex.h:66:3:Eigen::symbolic::ValueExpr<Eigen::internal::FixedInt<N> >::ValueExpr() [with int N = 1]	16	static
C:/Users/Richard/Desktop/Embedded Project/Final Project/Drivers/Eigen/src/Core/util/SymbolicIndex.h:254:3:Eigen::symbolic::AddExpr<Arg1, Arg2>::AddExpr(const Arg0&, const Arg1&) [with Arg0 = Eigen::symbolic::SymbolExpr<Eigen::internal::symbolic_last_tag>; Arg1 = Eigen::symbolic::ValueExpr<Eigen::internal::FixedInt<1> >]	24	static
C:/Users/Richard/Desktop/Embedded Project/Final Project/Drivers/Eigen/src/Core/MatrixBase.h:485:5:Eigen::MatrixBase<Derived>::MatrixBase() [with Derived = Eigen::Matrix<double, 3, 3>]	16	static
C:/Users/Richard/Desktop/Embedded Project/Final Project/Drivers/Eigen/src/Core/PlainObjectBase.h:476:25:Eigen::PlainObjectBase<Derived>::PlainObjectBase() [with Derived = Eigen::Matrix<double, 3, 3>]	16	static
C:/Users/Richard/Desktop/Embedded Project/Final Project/Drivers/Eigen/src/Core/PlainObjectBase.h:968:37:static void Eigen::PlainObjectBase<Derived>::_check_template_params() [with Derived = Eigen::Matrix<double, 3, 3>]	4	static
C:/Users/Richard/Desktop/Embedded Project/Final Project/Drivers/Eigen/src/Core/CommaInitializer.h:33:10:Eigen::CommaInitializer<MatrixType>::CommaInitializer(XprType&, const Scalar&) [with XprType = Eigen::Matrix<double, 3, 3>]	24	static
C:/Users/Richard/Desktop/Embedded Project/Final Project/Drivers/Eigen/src/Core/CommaInitializer.h:121:19:XprType& Eigen::CommaInitializer<MatrixType>::finished() [with XprType = Eigen::Matrix<double, 3, 3>]	24	static
C:/Users/Richard/Desktop/Embedded Project/Final Project/Drivers/Eigen/src/Core/PlainObjectBase.h:145:11:constexpr Eigen::Index Eigen::PlainObjectBase<Derived>::cols() const [with Derived = Eigen::Matrix<double, 3, 3>]	16	static
C:/Users/Richard/Desktop/Embedded Project/Final Project/Drivers/Eigen/src/Core/PlainObjectBase.h:143:11:constexpr Eigen::Index Eigen::PlainObjectBase<Derived>::rows() const [with Derived = Eigen::Matrix<double, 3, 3>]	16	static
C:/Users/Richard/Desktop/Embedded Project/Final Project/Drivers/Eigen/src/Core/PlainObjectBase.h:175:33:Eigen::PlainObjectBase<Derived>::Scalar& Eigen::PlainObjectBase<Derived>::coeffRef(Eigen::Index, Eigen::Index) [with Derived = Eigen::Matrix<double, 3, 3>]	32	static
C:/Users/Richard/Desktop/Embedded Project/Final Project/Drivers/Eigen/src/Core/EigenBase.h:60:16:constexpr Eigen::EigenBase<Derived>::Index Eigen::EigenBase<Derived>::rows() const [with Derived = Eigen::Matrix<double, 3, 3>]	16	static
C:/Users/Richard/Desktop/Embedded Project/Final Project/Drivers/Eigen/src/Core/EigenBase.h:63:16:constexpr Eigen::EigenBase<Derived>::Index Eigen::EigenBase<Derived>::cols() const [with Derived = Eigen::Matrix<double, 3, 3>]	16	static
C:/Users/Richard/Desktop/Embedded Project/Final Project/Drivers/Eigen/src/Core/EigenBase.h:49:18:const Derived& Eigen::EigenBase<Derived>::derived() const [with Derived = Eigen::Matrix<double, 3, 3>]	16	static
C:/Users/Richard/Desktop/Embedded Project/Final Project/Drivers/Eigen/src/Core/MatrixBase.h:485:5:Eigen::MatrixBase<Derived>::MatrixBase() [with Derived = Eigen::Inverse<Eigen::Matrix<double, 3, 3> >]	16	static
C:/Users/Richard/Desktop/Embedded Project/Final Project/Drivers/Eigen/src/Core/Inverse.h:68:7:Eigen::InverseImpl<Eigen::Matrix<double, 3, 3>, Eigen::Dense>::InverseImpl()	16	static
C:/Users/Richard/Desktop/Embedded Project/Final Project/Drivers/Eigen/src/Core/Inverse.h:53:30:Eigen::Inverse<XprType>::Inverse(const XprType&) [with XprType = Eigen::Matrix<double, 3, 3>]	16	static
C:/Users/Richard/Desktop/Embedded Project/Final Project/Drivers/Eigen/src/Core/EigenBase.h:49:18:const Derived& Eigen::EigenBase<Derived>::derived() const [with Derived = Eigen::Inverse<Eigen::Matrix<double, 3, 3> >]	16	static
C:/Users/Richard/Desktop/Embedded Project/Final Project/Drivers/Eigen/src/Core/PlainObjectBase.h:589:25:Eigen::PlainObjectBase<Derived>::PlainObjectBase(const Eigen::DenseBase<OtherDerived>&) [with OtherDerived = Eigen::Inverse<Eigen::Matrix<double, 3, 3> >; Derived = Eigen::Matrix<double, 3, 3>]	16	static
C:/Users/Richard/Desktop/Embedded Project/Final Project/Drivers/Eigen/src/Core/MatrixBase.h:485:5:Eigen::MatrixBase<Derived>::MatrixBase() [with Derived = Eigen::Matrix<double, 3, 1>]	16	static
C:/Users/Richard/Desktop/Embedded Project/Final Project/Drivers/Eigen/src/Core/PlainObjectBase.h:476:25:Eigen::PlainObjectBase<Derived>::PlainObjectBase() [with Derived = Eigen::Matrix<double, 3, 1>]	16	static
C:/Users/Richard/Desktop/Embedded Project/Final Project/Drivers/Eigen/src/Core/PlainObjectBase.h:968:37:static void Eigen::PlainObjectBase<Derived>::_check_template_params() [with Derived = Eigen::Matrix<double, 3, 1>]	4	static
C:/Users/Richard/Desktop/Embedded Project/Final Project/Drivers/Eigen/src/Core/CommaInitializer.h:33:10:Eigen::CommaInitializer<MatrixType>::CommaInitializer(XprType&, const Scalar&) [with XprType = Eigen::Matrix<double, 3, 1>]	24	static
C:/Users/Richard/Desktop/Embedded Project/Final Project/Drivers/Eigen/src/Core/CommaInitializer.h:121:19:XprType& Eigen::CommaInitializer<MatrixType>::finished() [with XprType = Eigen::Matrix<double, 3, 1>]	24	static
C:/Users/Richard/Desktop/Embedded Project/Final Project/Drivers/Eigen/src/Core/PlainObjectBase.h:145:11:constexpr Eigen::Index Eigen::PlainObjectBase<Derived>::cols() const [with Derived = Eigen::Matrix<double, 3, 1>]	16	static
C:/Users/Richard/Desktop/Embedded Project/Final Project/Drivers/Eigen/src/Core/PlainObjectBase.h:143:11:constexpr Eigen::Index Eigen::PlainObjectBase<Derived>::rows() const [with Derived = Eigen::Matrix<double, 3, 1>]	16	static
C:/Users/Richard/Desktop/Embedded Project/Final Project/Drivers/Eigen/src/Core/PlainObjectBase.h:175:33:Eigen::PlainObjectBase<Derived>::Scalar& Eigen::PlainObjectBase<Derived>::coeffRef(Eigen::Index, Eigen::Index) [with Derived = Eigen::Matrix<double, 3, 1>]	32	static
C:/Users/Richard/Desktop/Embedded Project/Final Project/Drivers/Eigen/src/Core/EigenBase.h:49:18:const Derived& Eigen::EigenBase<Derived>::derived() const [with Derived = Eigen::Matrix<double, 3, 1>]	16	static
C:/Users/Richard/Desktop/Embedded Project/Final Project/Drivers/Eigen/src/Core/MatrixBase.h:485:5:Eigen::MatrixBase<Derived>::MatrixBase() [with Derived = Eigen::Product<Eigen::Matrix<double, 3, 3>, Eigen::Matrix<double, 3, 1>, 0>]	16	static
C:/Users/Richard/Desktop/Embedded Project/Final Project/Drivers/Eigen/src/Core/Product.h:120:7:Eigen::internal::dense_product_base<Eigen::Matrix<double, 3, 3>, Eigen::Matrix<double, 3, 1>, 0, 3>::dense_product_base()	16	static
C:/Users/Richard/Desktop/Embedded Project/Final Project/Drivers/Eigen/src/Core/Product.h:152:7:Eigen::ProductImpl<Eigen::Matrix<double, 3, 3>, Eigen::Matrix<double, 3, 1>, 0, Eigen::Dense>::ProductImpl()	16	static
C:/Users/Richard/Desktop/Embedded Project/Final Project/Drivers/Eigen/src/Core/Product.h:94:5:Eigen::Product<Lhs, Rhs, Option>::Product(const Lhs&, const Rhs&) [with _Lhs = Eigen::Matrix<double, 3, 3>; _Rhs = Eigen::Matrix<double, 3, 1>; int Option = 0]	32	static
C:/Users/Richard/Desktop/Embedded Project/Final Project/Drivers/Eigen/src/Core/PlainObjectBase.h:777:34:Derived& Eigen::PlainObjectBase<Derived>::_set(const Eigen::DenseBase<OtherDerived>&) [with OtherDerived = Eigen::Product<Eigen::Matrix<double, 3, 3>, Eigen::Matrix<double, 3, 1>, 0>; Derived = Eigen::Matrix<double, 3, 1>]	24	static
C:/Users/Richard/Desktop/Embedded Project/Final Project/Drivers/Eigen/src/Core/EigenBase.h:67:16:constexpr Eigen::EigenBase<Derived>::Index Eigen::EigenBase<Derived>::size() const [with Derived = Eigen::Matrix<double, 3, 1>]	24	static
C:/Users/Richard/Desktop/Embedded Project/Final Project/Drivers/Eigen/src/Core/CoreEvaluators.h:163:8:Eigen::internal::evaluator<Eigen::PlainObjectBase<Eigen::Matrix<double, 3, 1> > >::~evaluator()	16	static
C:/Users/Richard/Desktop/Embedded Project/Final Project/Drivers/Eigen/src/Core/CoreEvaluators.h:273:8:Eigen::internal::evaluator<Eigen::Matrix<double, 3, 1> >::~evaluator()	16	static
C:/Users/Richard/Desktop/Embedded Project/Final Project/Drivers/Eigen/src/Core/DenseCoeffsBase.h:389:5:Eigen::DenseCoeffsBase<Derived, 1>::Scalar& Eigen::DenseCoeffsBase<Derived, 1>::coeffRef(Eigen::Index) [with Derived = Eigen::Matrix<double, 3, 1>]	32	static
C:/Users/Richard/Desktop/Embedded Project/Final Project/Drivers/Eigen/src/Core/DenseBase.h:681:23:Eigen::DenseBase<Derived>::DenseBase() [with Derived = Eigen::Matrix<double, 3, 3>]	16	static
C:/Users/Richard/Desktop/Embedded Project/Final Project/Drivers/Eigen/src/Core/DenseStorage.h:211:23:Eigen::DenseStorage<T, Size, _Rows, _Cols, _Options>::DenseStorage() [with T = double; int Size = 9; int _Rows = 3; int _Cols = 3; int _Options = 0]	16	static
C:/Users/Richard/Desktop/Embedded Project/Final Project/Drivers/Eigen/src/Core/DenseStorage.h:263:52:static constexpr Eigen::Index Eigen::DenseStorage<T, Size, _Rows, _Cols, _Options>::cols() [with T = double; int Size = 9; int _Rows = 3; int _Cols = 3; int _Options = 0]	4	static
C:/Users/Richard/Desktop/Embedded Project/Final Project/Drivers/Eigen/src/Core/DenseStorage.h:262:52:static constexpr Eigen::Index Eigen::DenseStorage<T, Size, _Rows, _Cols, _Options>::rows() [with T = double; int Size = 9; int _Rows = 3; int _Cols = 3; int _Options = 0]	4	static
C:/Users/Richard/Desktop/Embedded Project/Final Project/Drivers/Eigen/src/Core/DenseStorage.h:267:26:T* Eigen::DenseStorage<T, Size, _Rows, _Cols, _Options>::data() [with T = double; int Size = 9; int _Rows = 3; int _Cols = 3; int _Options = 0]	16	static
C:/Users/Richard/Desktop/Embedded Project/Final Project/Drivers/Eigen/src/Core/DenseBase.h:681:23:Eigen::DenseBase<Derived>::DenseBase() [with Derived = Eigen::Inverse<Eigen::Matrix<double, 3, 3> >]	16	static
C:/Users/Richard/Desktop/Embedded Project/Final Project/Drivers/Eigen/src/Core/Inverse.h:57:44:constexpr Eigen::Index Eigen::Inverse<XprType>::rows() const [with XprType = Eigen::Matrix<double, 3, 3>]	16	static
C:/Users/Richard/Desktop/Embedded Project/Final Project/Drivers/Eigen/src/Core/Inverse.h:58:44:constexpr Eigen::Index Eigen::Inverse<XprType>::cols() const [with XprType = Eigen::Matrix<double, 3, 3>]	16	static
C:/Users/Richard/Desktop/Embedded Project/Final Project/Drivers/Eigen/src/Core/PlainObjectBase.h:354:30:void Eigen::PlainObjectBase<Derived>::resizeLike(const Eigen::EigenBase<OtherDerived>&) [with OtherDerived = Eigen::Inverse<Eigen::Matrix<double, 3, 3> >; Derived = Eigen::Matrix<double, 3, 3>]	40	static
C:/Users/Richard/Desktop/Embedded Project/Final Project/Drivers/Eigen/src/Core/PlainObjectBase.h:790:34:Derived& Eigen::PlainObjectBase<Derived>::_set_noalias(const Eigen::DenseBase<OtherDerived>&) [with OtherDerived = Eigen::Inverse<Eigen::Matrix<double, 3, 3> >; Derived = Eigen::Matrix<double, 3, 3>]	32	static
C:/Users/Richard/Desktop/Embedded Project/Final Project/Drivers/Eigen/src/Core/DenseBase.h:681:23:Eigen::DenseBase<Derived>::DenseBase() [with Derived = Eigen::Matrix<double, 3, 1>]	16	static
C:/Users/Richard/Desktop/Embedded Project/Final Project/Drivers/Eigen/src/Core/DenseStorage.h:211:23:Eigen::DenseStorage<T, Size, _Rows, _Cols, _Options>::DenseStorage() [with T = double; int Size = 3; int _Rows = 3; int _Cols = 1; int _Options = 0]	16	static
C:/Users/Richard/Desktop/Embedded Project/Final Project/Drivers/Eigen/src/Core/DenseStorage.h:263:52:static constexpr Eigen::Index Eigen::DenseStorage<T, Size, _Rows, _Cols, _Options>::cols() [with T = double; int Size = 3; int _Rows = 3; int _Cols = 1; int _Options = 0]	4	static
C:/Users/Richard/Desktop/Embedded Project/Final Project/Drivers/Eigen/src/Core/DenseStorage.h:262:52:static constexpr Eigen::Index Eigen::DenseStorage<T, Size, _Rows, _Cols, _Options>::rows() [with T = double; int Size = 3; int _Rows = 3; int _Cols = 1; int _Options = 0]	4	static
C:/Users/Richard/Desktop/Embedded Project/Final Project/Drivers/Eigen/src/Core/DenseStorage.h:267:26:T* Eigen::DenseStorage<T, Size, _Rows, _Cols, _Options>::data() [with T = double; int Size = 3; int _Rows = 3; int _Cols = 1; int _Options = 0]	16	static
C:/Users/Richard/Desktop/Embedded Project/Final Project/Drivers/Eigen/src/Core/DenseBase.h:681:23:Eigen::DenseBase<Derived>::DenseBase() [with Derived = Eigen::Product<Eigen::Matrix<double, 3, 3>, Eigen::Matrix<double, 3, 1>, 0>]	16	static
C:/Users/Richard/Desktop/Embedded Project/Final Project/Drivers/Eigen/src/Core/EigenBase.h:46:12:Derived& Eigen::EigenBase<Derived>::derived() [with Derived = Eigen::Matrix<double, 3, 1>]	16	static
C:/Users/Richard/Desktop/Embedded Project/Final Project/Drivers/Eigen/src/Core/EigenBase.h:49:18:const Derived& Eigen::EigenBase<Derived>::derived() const [with Derived = Eigen::Product<Eigen::Matrix<double, 3, 3>, Eigen::Matrix<double, 3, 1>, 0>]	16	static
C:/Users/Richard/Desktop/Embedded Project/Final Project/Drivers/Eigen/src/Core/AssignEvaluator.h:834:6:void Eigen::internal::call_assignment(Dst&, const Src&) [with Dst = Eigen::Matrix<double, 3, 1>; Src = Eigen::Product<Eigen::Matrix<double, 3, 3>, Eigen::Matrix<double, 3, 1>, 0>]	24	static
C:/Users/Richard/Desktop/Embedded Project/Final Project/Drivers/Eigen/src/Core/EigenBase.h:60:16:constexpr Eigen::EigenBase<Derived>::Index Eigen::EigenBase<Derived>::rows() const [with Derived = Eigen::Matrix<double, 3, 1>]	16	static
C:/Users/Richard/Desktop/Embedded Project/Final Project/Drivers/Eigen/src/Core/EigenBase.h:63:16:constexpr Eigen::EigenBase<Derived>::Index Eigen::EigenBase<Derived>::cols() const [with Derived = Eigen::Matrix<double, 3, 1>]	16	static
C:/Users/Richard/Desktop/Embedded Project/Final Project/Drivers/Eigen/src/Core/CoreEvaluators.h:282:12:Eigen::internal::evaluator<Eigen::Matrix<_Scalar, _Rows, _Cols, _Options, _MaxRows, _MaxCols> >::evaluator(const XprType&) [with Scalar = double; int Rows = 3; int Cols = 1; int Options = 0; int MaxRows = 3; int MaxCols = 1]	16	static
C:/Users/Richard/Desktop/Embedded Project/Final Project/Drivers/Eigen/src/Core/CoreEvaluators.h:122:41:Eigen::internal::evaluator_base<ExpressionType>::~evaluator_base() [with ExpressionType = Eigen::Matrix<double, 3, 1>]	16	static
C:/Users/Richard/Desktop/Embedded Project/Final Project/Drivers/Eigen/src/Core/CoreEvaluators.h:226:11:Eigen::internal::evaluator<Eigen::PlainObjectBase<Derived> >::Scalar& Eigen::internal::evaluator<Eigen::PlainObjectBase<Derived> >::coeffRef(Eigen::Index) [with Derived = Eigen::Matrix<double, 3, 1>]	16	static
C:/Users/Richard/Desktop/Embedded Project/Final Project/Drivers/Eigen/src/Core/DenseStorage.h:49:3:Eigen::internal::plain_array<T, Size, MatrixOrArrayOptions, Alignment>::plain_array() [with T = double; int Size = 9; int MatrixOrArrayOptions = 0; int Alignment = 0]	16	static
C:/Users/Richard/Desktop/Embedded Project/Final Project/Drivers/Eigen/src/Core/PlainObjectBase.h:271:30:void Eigen::PlainObjectBase<Derived>::resize(Eigen::Index, Eigen::Index) [with Derived = Eigen::Matrix<double, 3, 3>]	32	static
C:/Users/Richard/Desktop/Embedded Project/Final Project/Drivers/Eigen/src/Core/EigenBase.h:46:12:Derived& Eigen::EigenBase<Derived>::derived() [with Derived = Eigen::Matrix<double, 3, 3>]	16	static
C:/Users/Richard/Desktop/Embedded Project/Final Project/Drivers/Eigen/src/Core/functors/AssignmentFunctors.h:23:3:Eigen::internal::assign_op<DstScalar, SrcScalar>::assign_op() [with DstScalar = double; SrcScalar = double]	16	static
C:/Users/Richard/Desktop/Embedded Project/Final Project/Drivers/Eigen/src/Core/AssignEvaluator.h:873:6:void Eigen::internal::call_assignment_no_alias(Dst&, const Src&, const Func&) [with Dst = Eigen::Matrix<double, 3, 3>; Src = Eigen::Inverse<Eigen::Matrix<double, 3, 3> >; Func = assign_op<double, double>]	32	static
C:/Users/Richard/Desktop/Embedded Project/Final Project/Drivers/Eigen/src/Core/DenseStorage.h:49:3:Eigen::internal::plain_array<T, Size, MatrixOrArrayOptions, Alignment>::plain_array() [with T = double; int Size = 3; int MatrixOrArrayOptions = 0; int Alignment = 0]	16	static
C:/Users/Richard/Desktop/Embedded Project/Final Project/Drivers/Eigen/src/Core/AssignEvaluator.h:848:6:void Eigen::internal::call_assignment(Dst&, const Src&, const Func&, typename enable_if<evaluator_assume_aliasing<Src>::value, void*>::type) [with Dst = Eigen::Matrix<double, 3, 1>; Src = Eigen::Product<Eigen::Matrix<double, 3, 3>, Eigen::Matrix<double, 3, 1>, 0>; Func = assign_op<double, double>]	48	static
C:/Users/Richard/Desktop/Embedded Project/Final Project/Drivers/Eigen/src/Core/CoreEvaluators.h:195:12:Eigen::internal::evaluator<Eigen::PlainObjectBase<Derived> >::evaluator(const PlainObjectType&) [with Derived = Eigen::Matrix<double, 3, 1>]	24	static
C:/Users/Richard/Desktop/Embedded Project/Final Project/Drivers/Eigen/src/Core/DenseStorage.h:29:6:void Eigen::internal::check_static_allocation_size() [with T = double; int Size = 9]	4	static
C:/Users/Richard/Desktop/Embedded Project/Final Project/Drivers/Eigen/src/Core/DenseStorage.h:265:28:void Eigen::DenseStorage<T, Size, _Rows, _Cols, _Options>::resize(Eigen::Index, Eigen::Index, Eigen::Index) [with T = double; int Size = 9; int _Rows = 3; int _Cols = 3; int _Options = 0]	24	static
C:/Users/Richard/Desktop/Embedded Project/Final Project/Drivers/Eigen/src/LU/InverseImpl.h:305:15:static void Eigen::internal::Assignment<DstXprType, Eigen::Inverse<Rhs>, Eigen::internal::assign_op<typename DstXprType::Scalar, typename SrcXprType::Scalar>, Eigen::internal::Dense2Dense>::run(DstXprType&, const SrcXprType&, const Eigen::internal::assign_op<typename DstXprType::Scalar, typename SrcXprType::Scalar>&) [with DstXprType = Eigen::Matrix<double, 3, 3>; XprType = Eigen::Matrix<double, 3, 3>]	64	static
C:/Users/Richard/Desktop/Embedded Project/Final Project/Drivers/Eigen/src/Core/DenseStorage.h:29:6:void Eigen::internal::check_static_allocation_size() [with T = double; int Size = 3]	4	static
C:/Users/Richard/Desktop/Embedded Project/Final Project/Drivers/Eigen/src/Core/Matrix.h:329:14:Eigen::Matrix<_Scalar, _Rows, _Cols, _Options, _MaxRows, _MaxCols>::Matrix(const T&) [with T = Eigen::Product<Eigen::Matrix<double, 3, 3>, Eigen::Matrix<double, 3, 1>, 0>; _Scalar = double; int _Rows = 3; int _Cols = 1; int _Options = 0; int _MaxRows = 3; int _MaxCols = 1]	16	static
C:/Users/Richard/Desktop/Embedded Project/Final Project/Drivers/Eigen/src/Core/AssignEvaluator.h:873:6:void Eigen::internal::call_assignment_no_alias(Dst&, const Src&, const Func&) [with Dst = Eigen::Matrix<double, 3, 1>; Src = Eigen::Matrix<double, 3, 1>; Func = assign_op<double, double>]	32	static
C:/Users/Richard/Desktop/Embedded Project/Final Project/Drivers/Eigen/src/Core/PlainObjectBase.h:247:57:const Eigen::PlainObjectBase<Derived>::Scalar* Eigen::PlainObjectBase<Derived>::data() const [with Derived = Eigen::Matrix<double, 3, 1>]	16	static
C:/Users/Richard/Desktop/Embedded Project/Final Project/Drivers/Eigen/src/Core/CoreEvaluators.h:121:41:Eigen::internal::evaluator_base<ExpressionType>::evaluator_base() [with ExpressionType = Eigen::Matrix<double, 3, 1>]	16	static
C:/Users/Richard/Desktop/Embedded Project/Final Project/Drivers/Eigen/src/Core/CoreEvaluators.h:139:3:Eigen::internal::plainobjectbase_evaluator_data<Scalar, OuterStride>::plainobjectbase_evaluator_data(const Scalar*, Eigen::Index) [with Scalar = double; int OuterStride = 0]	24	static
C:/Users/Richard/Desktop/Embedded Project/Final Project/Drivers/Eigen/src/Core/Inverse.h:60:49:const Eigen::Inverse<XprType>::XprTypeNestedCleaned& Eigen::Inverse<XprType>::nestedExpression() const [with XprType = Eigen::Matrix<double, 3, 3>]	16	static
C:/Users/Richard/Desktop/Embedded Project/Final Project/Drivers/Eigen/src/LU/InverseImpl.h:165:22:static void Eigen::internal::compute_inverse<MatrixType, ResultType, 3>::run(const MatrixType&, ResultType&) [with MatrixType = Eigen::Matrix<double, 3, 3>; ResultType = Eigen::Matrix<double, 3, 3>]	120	static
C:/Users/Richard/Desktop/Embedded Project/Final Project/Drivers/Eigen/src/Core/PlainObjectBase.h:882:30:void Eigen::PlainObjectBase<Derived>::_init1(const Eigen::DenseBase<ElseDerived>&) [with T = Eigen::Product<Eigen::Matrix<double, 3, 3>, Eigen::Matrix<double, 3, 1>, 0>; OtherDerived = Eigen::Product<Eigen::Matrix<double, 3, 3>, Eigen::Matrix<double, 3, 1>, 0>; Derived = Eigen::Matrix<double, 3, 1>]	16	static
C:/Users/Richard/Desktop/Embedded Project/Final Project/Drivers/Eigen/src/Core/AssignEvaluator.h:948:35:static void Eigen::internal::Assignment<DstXprType, SrcXprType, Functor, Eigen::internal::Dense2Dense, Weak>::run(DstXprType&, const SrcXprType&, const Functor&) [with DstXprType = Eigen::Matrix<double, 3, 1>; SrcXprType = Eigen::Matrix<double, 3, 1>; Functor = Eigen::internal::assign_op<double, double>; Weak = void]	24	static
C:/Users/Richard/Desktop/Embedded Project/Final Project/Drivers/Eigen/src/Core/DenseStorage.h:266:32:const T* Eigen::DenseStorage<T, Size, _Rows, _Cols, _Options>::data() const [with T = double; int Size = 3; int _Rows = 3; int _Cols = 1; int _Options = 0]	16	static
C:/Users/Richard/Desktop/Embedded Project/Final Project/Drivers/Eigen/src/Core/Matrix.h:429:18:constexpr Eigen::Index Eigen::Matrix<_Scalar, _Rows, _Cols, _Options, _MaxRows, _MaxCols>::outerStride() const [with _Scalar = double; int _Rows = 3; int _Cols = 1; int _Options = 0; int _MaxRows = 3; int _MaxCols = 1]	16	static
C:/Users/Richard/Desktop/Embedded Project/Final Project/Drivers/Eigen/src/Core/PlainObjectBase.h:188:33:Eigen::PlainObjectBase<Derived>::Scalar& Eigen::PlainObjectBase<Derived>::coeffRef(Eigen::Index) [with Derived = Eigen::Matrix<double, 3, 1>]	16	static
C:/Users/Richard/Desktop/Embedded Project/Final Project/Drivers/Eigen/src/LU/InverseImpl.h:127:36:typename MatrixType::Scalar Eigen::internal::cofactor_3x3(const MatrixType&) [with MatrixType = Eigen::Matrix<double, 3, 3>; int i = 0; int j = 0]	32	static
C:/Users/Richard/Desktop/Embedded Project/Final Project/Drivers/Eigen/src/LU/InverseImpl.h:127:36:typename MatrixType::Scalar Eigen::internal::cofactor_3x3(const MatrixType&) [with MatrixType = Eigen::Matrix<double, 3, 3>; int i = 1; int j = 0]	32	static
C:/Users/Richard/Desktop/Embedded Project/Final Project/Drivers/Eigen/src/LU/InverseImpl.h:127:36:typename MatrixType::Scalar Eigen::internal::cofactor_3x3(const MatrixType&) [with MatrixType = Eigen::Matrix<double, 3, 3>; int i = 2; int j = 0]	32	static
C:/Users/Richard/Desktop/Embedded Project/Final Project/Drivers/Eigen/src/Core/../plugins/BlockMethods.h:1104:13:Eigen::DenseBase<Derived>::ConstColXpr Eigen::DenseBase<Derived>::col(Eigen::Index) const [with Derived = Eigen::Matrix<double, 3, 3>]	24	static
C:/Users/Richard/Desktop/Embedded Project/Final Project/Drivers/Eigen/src/Core/../plugins/MatrixCwiseBinaryOps.h:23:1:const Eigen::CwiseBinaryOp<Eigen::internal::scalar_product_op<typename Eigen::internal::traits<T>::Scalar, typename Eigen::internal::traits<OtherDerived>::Scalar>, const Derived, const OtherDerived> Eigen::MatrixBase<Derived>::cwiseProduct(const Eigen::MatrixBase<OtherDerived>&) const [with OtherDerived = Eigen::Block<const Eigen::Matrix<double, 3, 3>, 3, 1, true>; Derived = Eigen::Matrix<double, 3, 1>]	40	static
C:/Users/Richard/Desktop/Embedded Project/Final Project/Drivers/Eigen/src/Core/Redux.h:459:1:typename Eigen::internal::traits<T>::Scalar Eigen::DenseBase<Derived>::sum() const [with Derived = Eigen::CwiseBinaryOp<Eigen::internal::scalar_product_op<double, double>, const Eigen::Matrix<double, 3, 1>, const Eigen::Block<const Eigen::Matrix<double, 3, 3>, 3, 1, true> >]	32	static
C:/Users/Richard/Desktop/Embedded Project/Final Project/Drivers/Eigen/src/LU/InverseImpl.h:141:13:void Eigen::internal::compute_inverse_size3_helper(const MatrixType&, const typename ResultType::Scalar&, const Eigen::Matrix<typename ResultType::Scalar, 3, 1>&, ResultType&) [with MatrixType = Eigen::Matrix<double, 3, 3>; ResultType = Eigen::Matrix<double, 3, 3>]	120	static
C:/Users/Richard/Desktop/Embedded Project/Final Project/Drivers/Eigen/src/Core/PlainObjectBase.h:790:34:Derived& Eigen::PlainObjectBase<Derived>::_set_noalias(const Eigen::DenseBase<OtherDerived>&) [with OtherDerived = Eigen::Product<Eigen::Matrix<double, 3, 3>, Eigen::Matrix<double, 3, 1>, 0>; Derived = Eigen::Matrix<double, 3, 1>]	32	static
C:/Users/Richard/Desktop/Embedded Project/Final Project/Drivers/Eigen/src/Core/Transpose.h:452:6:void Eigen::internal::check_for_aliasing(const Dst&, const Src&) [with Dst = Eigen::Matrix<double, 3, 1>; Src = Eigen::Matrix<double, 3, 1>]	16	static
C:/Users/Richard/Desktop/Embedded Project/Final Project/Drivers/Eigen/src/Core/AssignEvaluator.h:769:44:void Eigen::internal::call_dense_assignment_loop(DstXprType&, const SrcXprType&, const Functor&) [with DstXprType = Eigen::Matrix<double, 3, 1>; SrcXprType = Eigen::Matrix<double, 3, 1>; Functor = assign_op<double, double>]	56	static
C:/Users/Richard/Desktop/Embedded Project/Final Project/Drivers/Eigen/src/Core/DenseBase.h:235:11:constexpr Eigen::Index Eigen::DenseBase<Derived>::innerSize() const [with Derived = Eigen::Matrix<double, 3, 1>]	16	static
C:/Users/Richard/Desktop/Embedded Project/Final Project/Drivers/Eigen/src/Core/util/BlasUtil.h:421:47:static const XprType& Eigen::internal::blas_traits<XprType>::extract(const XprType&) [with XprType = Eigen::Matrix<double, 3, 3>]	16	static
C:/Users/Richard/Desktop/Embedded Project/Final Project/Drivers/Eigen/src/Core/PlainObjectBase.h:247:57:const Eigen::PlainObjectBase<Derived>::Scalar* Eigen::PlainObjectBase<Derived>::data() const [with Derived = Eigen::Matrix<double, 3, 3>]	16	static
C:/Users/Richard/Desktop/Embedded Project/Final Project/Drivers/Eigen/src/Core/PlainObjectBase.h:152:39:const Eigen::PlainObjectBase<Derived>::Scalar& Eigen::PlainObjectBase<Derived>::coeff(Eigen::Index, Eigen::Index) const [with Derived = Eigen::Matrix<double, 3, 3>]	32	static
C:/Users/Richard/Desktop/Embedded Project/Final Project/Drivers/Eigen/src/Core/Block.h:118:5:Eigen::Block<XprType, BlockRows, BlockCols, InnerPanel>::Block(XprType&, Eigen::Index) [with XprType = const Eigen::Matrix<double, 3, 3>; int BlockRows = 3; int BlockCols = 1; bool InnerPanel = true]	24	static
C:/Users/Richard/Desktop/Embedded Project/Final Project/Drivers/Eigen/src/Core/EigenBase.h:49:18:const Derived& Eigen::EigenBase<Derived>::derived() const [with Derived = Eigen::Block<const Eigen::Matrix<double, 3, 3>, 3, 1, true>]	16	static
C:/Users/Richard/Desktop/Embedded Project/Final Project/Drivers/Eigen/src/Core/functors/BinaryFunctors.h:74:3:Eigen::internal::scalar_product_op<LhsScalar, RhsScalar>::scalar_product_op() [with LhsScalar = double; RhsScalar = double]	16	static
C:/Users/Richard/Desktop/Embedded Project/Final Project/Drivers/Eigen/src/Core/MatrixBase.h:485:5:Eigen::MatrixBase<Derived>::MatrixBase() [with Derived = Eigen::CwiseBinaryOp<Eigen::internal::scalar_product_op<double, double>, const Eigen::Matrix<double, 3, 1>, const Eigen::Block<const Eigen::Matrix<double, 3, 3>, 3, 1, true> >]	16	static
C:/Users/Richard/Desktop/Embedded Project/Final Project/Drivers/Eigen/src/Core/CwiseBinaryOp.h:148:7:Eigen::CwiseBinaryOpImpl<Eigen::internal::scalar_product_op<double, double>, const Eigen::Matrix<double, 3, 1>, const Eigen::Block<const Eigen::Matrix<double, 3, 3>, 3, 1, true>, Eigen::Dense>::CwiseBinaryOpImpl()	16	static
C:/Users/Richard/Desktop/Embedded Project/Final Project/Drivers/Eigen/src/Core/CwiseBinaryOp.h:110:5:Eigen::CwiseBinaryOp<BinaryOp, Lhs, Rhs>::CwiseBinaryOp(const Lhs&, const Rhs&, const BinaryOp&) [with BinaryOp = Eigen::internal::scalar_product_op<double, double>; LhsType = const Eigen::Matrix<double, 3, 1>; RhsType = const Eigen::Block<const Eigen::Matrix<double, 3, 3>, 3, 1, true>]	32	static
C:/Users/Richard/Desktop/Embedded Project/Final Project/Drivers/Eigen/src/Core/functors/BinaryFunctors.h:74:3:Eigen::internal::scalar_product_op<LhsScalar, RhsScalar>::scalar_product_op(const Eigen::internal::scalar_product_op<LhsScalar, RhsScalar>&) [with LhsScalar = double; RhsScalar = double]	16	static
C:/Users/Richard/Desktop/Embedded Project/Final Project/Drivers/Eigen/src/Core/EigenBase.h:49:18:const Derived& Eigen::EigenBase<Derived>::derived() const [with Derived = Eigen::CwiseBinaryOp<Eigen::internal::scalar_product_op<double, double>, const Eigen::Matrix<double, 3, 1>, const Eigen::Block<const Eigen::Matrix<double, 3, 3>, 3, 1, true> >]	16	static
C:/Users/Richard/Desktop/Embedded Project/Final Project/Drivers/Eigen/src/Core/functors/BinaryFunctors.h:36:3:Eigen::internal::scalar_sum_op<LhsScalar, RhsScalar>::scalar_sum_op() [with LhsScalar = double; RhsScalar = double]	16	static
C:/Users/Richard/Desktop/Embedded Project/Final Project/Drivers/Eigen/src/Core/CoreEvaluators.h:100:8:Eigen::internal::evaluator<const Eigen::Matrix<double, 3, 1> >::~evaluator()	16	static
C:/Users/Richard/Desktop/Embedded Project/Final Project/Drivers/Eigen/src/Core/CoreEvaluators.h:884:8:Eigen::internal::mapbase_evaluator<Eigen::Block<const Eigen::Matrix<double, 3, 3>, 3, 1, true>, Eigen::Matrix<double, 3, 1> >::~mapbase_evaluator()	16	static
C:/Users/Richard/Desktop/Embedded Project/Final Project/Drivers/Eigen/src/Core/CoreEvaluators.h:1214:8:Eigen::internal::block_evaluator<const Eigen::Matrix<double, 3, 3>, 3, 1, true, true>::~block_evaluator()	16	static
C:/Users/Richard/Desktop/Embedded Project/Final Project/Drivers/Eigen/src/Core/CoreEvaluators.h:1034:8:Eigen::internal::evaluator<Eigen::Block<const Eigen::Matrix<double, 3, 3>, 3, 1, true> >::~evaluator()	16	static
C:/Users/Richard/Desktop/Embedded Project/Final Project/Drivers/Eigen/src/Core/CoreEvaluators.h:100:8:Eigen::internal::evaluator<const Eigen::Block<const Eigen::Matrix<double, 3, 3>, 3, 1, true> >::~evaluator()	16	static
C:/Users/Richard/Desktop/Embedded Project/Final Project/Drivers/Eigen/src/Core/CoreEvaluators.h:797:10:Eigen::internal::binary_evaluator<Eigen::CwiseBinaryOp<Eigen::internal::scalar_product_op<double, double>, const Eigen::Matrix<double, 3, 1>, const Eigen::Block<const Eigen::Matrix<double, 3, 3>, 3, 1, true> >, Eigen::internal::IndexBased, Eigen::internal::IndexBased, double, double>::Data::~Data()	16	static
C:/Users/Richard/Desktop/Embedded Project/Final Project/Drivers/Eigen/src/Core/CoreEvaluators.h:733:8:Eigen::internal::binary_evaluator<Eigen::CwiseBinaryOp<Eigen::internal::scalar_product_op<double, double>, const Eigen::Matrix<double, 3, 1>, const Eigen::Block<const Eigen::Matrix<double, 3, 3>, 3, 1, true> >, Eigen::internal::IndexBased, Eigen::internal::IndexBased, double, double>::~binary_evaluator()	16	static
C:/Users/Richard/Desktop/Embedded Project/Final Project/Drivers/Eigen/src/Core/CoreEvaluators.h:722:8:Eigen::internal::evaluator<Eigen::CwiseBinaryOp<Eigen::internal::scalar_product_op<double, double>, const Eigen::Matrix<double, 3, 1>, const Eigen::Block<const Eigen::Matrix<double, 3, 3>, 3, 1, true> > >::~evaluator()	16	static
C:/Users/Richard/Desktop/Embedded Project/Final Project/Drivers/Eigen/src/Core/Redux.h:357:7:Eigen::internal::redux_evaluator<Eigen::CwiseBinaryOp<Eigen::internal::scalar_product_op<double, double>, const Eigen::Matrix<double, 3, 1>, const Eigen::Block<const Eigen::Matrix<double, 3, 3>, 3, 1, true> > >::~redux_evaluator()	16	static
C:/Users/Richard/Desktop/Embedded Project/Final Project/Drivers/Eigen/src/Core/Redux.h:409:1:typename Eigen::internal::traits<T>::Scalar Eigen::DenseBase<Derived>::redux(const Func&) const [with BinaryOp = Eigen::internal::scalar_sum_op<double, double>; Derived = Eigen::CwiseBinaryOp<Eigen::internal::scalar_product_op<double, double>, const Eigen::Matrix<double, 3, 1>, const Eigen::Block<const Eigen::Matrix<double, 3, 3>, 3, 1, true> >]	40	static
C:/Users/Richard/Desktop/Embedded Project/Final Project/Drivers/Eigen/src/LU/InverseImpl.h:127:36:typename MatrixType::Scalar Eigen::internal::cofactor_3x3(const MatrixType&) [with MatrixType = Eigen::Matrix<double, 3, 3>; int i = 0; int j = 1]	32	static
C:/Users/Richard/Desktop/Embedded Project/Final Project/Drivers/Eigen/src/LU/InverseImpl.h:127:36:typename MatrixType::Scalar Eigen::internal::cofactor_3x3(const MatrixType&) [with MatrixType = Eigen::Matrix<double, 3, 3>; int i = 1; int j = 1]	32	static
C:/Users/Richard/Desktop/Embedded Project/Final Project/Drivers/Eigen/src/LU/InverseImpl.h:127:36:typename MatrixType::Scalar Eigen::internal::cofactor_3x3(const MatrixType&) [with MatrixType = Eigen::Matrix<double, 3, 3>; int i = 0; int j = 2]	32	static
C:/Users/Richard/Desktop/Embedded Project/Final Project/Drivers/Eigen/src/LU/InverseImpl.h:127:36:typename MatrixType::Scalar Eigen::internal::cofactor_3x3(const MatrixType&) [with MatrixType = Eigen::Matrix<double, 3, 3>; int i = 2; int j = 1]	32	static
C:/Users/Richard/Desktop/Embedded Project/Final Project/Drivers/Eigen/src/LU/InverseImpl.h:127:36:typename MatrixType::Scalar Eigen::internal::cofactor_3x3(const MatrixType&) [with MatrixType = Eigen::Matrix<double, 3, 3>; int i = 1; int j = 2]	32	static
C:/Users/Richard/Desktop/Embedded Project/Final Project/Drivers/Eigen/src/LU/InverseImpl.h:127:36:typename MatrixType::Scalar Eigen::internal::cofactor_3x3(const MatrixType&) [with MatrixType = Eigen::Matrix<double, 3, 3>; int i = 2; int j = 2]	32	static
C:/Users/Richard/Desktop/Embedded Project/Final Project/Drivers/Eigen/src/Core/../plugins/BlockMethods.h:1118:8:Eigen::DenseBase<Derived>::RowXpr Eigen::DenseBase<Derived>::row(Eigen::Index) [with Derived = Eigen::Matrix<double, 3, 3>]	24	static
C:/Users/Richard/Desktop/Embedded Project/Final Project/Drivers/Eigen/src/Core/CwiseNullaryOp.h:60:7:Eigen::CwiseNullaryOp<Eigen::internal::scalar_constant_op<double>, const Eigen::Matrix<double, 3, 1> >::CwiseNullaryOp(const Eigen::CwiseNullaryOp<Eigen::internal::scalar_constant_op<double>, const Eigen::Matrix<double, 3, 1> >&)	16	static
C:/Users/Richard/Desktop/Embedded Project/Final Project/Drivers/Eigen/src/Core/../plugins/CommonCwiseBinaryOps.h:50:1:const Eigen::CwiseBinaryOp<Eigen::internal::scalar_product_op<typename Eigen::internal::traits<T>::Scalar, typename Eigen::internal::promote_scalar_arg<typename Eigen::internal::traits<T>::Scalar, T, Eigen::internal::has_ReturnType<Eigen::ScalarBinaryOpTraits<typename Eigen::internal::traits<T>::Scalar, T, Eigen::internal::scalar_product_op<typename Eigen::internal::traits<T>::Scalar, T> > >::value>::type>, const Derived, const typename Eigen::internal::plain_constant_type<Derived, typename Eigen::internal::promote_scalar_arg<typename Eigen::internal::traits<T>::Scalar, T, Eigen::internal::has_ReturnType<Eigen::ScalarBinaryOpTraits<typename Eigen::internal::traits<T>::Scalar, T, Eigen::internal::scalar_product_op<typename Eigen::internal::traits<T>::Scalar, T> > >::value>::type>::type> Eigen::MatrixBase<Derived>::operator*(const T&) const [with T = double; Derived = Eigen::Matrix<double, 3, 1>]	72	static
C:/Users/Richard/Desktop/Embedded Project/Final Project/Drivers/Eigen/src/Core/Assign.h:64:30:Derived& Eigen::MatrixBase<Derived>::operator=(const Eigen::DenseBase<OtherDerived>&) [with OtherDerived = Eigen::CwiseBinaryOp<Eigen::internal::scalar_product_op<double, double>, const Eigen::Matrix<double, 3, 1>, const Eigen::CwiseNullaryOp<Eigen::internal::scalar_constant_op<double>, const Eigen::Matrix<double, 3, 1> > >; Derived = Eigen::Block<Eigen::Matrix<double, 3, 3>, 1, 3, false>]	24	static
C:/Users/Richard/Desktop/Embedded Project/Final Project/Drivers/Eigen/src/Core/AssignEvaluator.h:873:6:void Eigen::internal::call_assignment_no_alias(Dst&, const Src&, const Func&) [with Dst = Eigen::Matrix<double, 3, 1>; Src = Eigen::Product<Eigen::Matrix<double, 3, 3>, Eigen::Matrix<double, 3, 1>, 0>; Func = assign_op<double, double>]	32	static
C:/Users/Richard/Desktop/Embedded Project/Final Project/Drivers/Eigen/src/Core/AssignEvaluator.h:759:6:void Eigen::internal::resize_if_allowed(DstXprType&, const SrcXprType&, const assign_op<T1, T2>&) [with DstXprType = Eigen::Matrix<double, 3, 1>; SrcXprType = Eigen::Matrix<double, 3, 1>; T1 = double; T2 = double]	32	static
C:/Users/Richard/Desktop/Embedded Project/Final Project/Drivers/Eigen/src/Core/EigenBase.h:52:19:Derived& Eigen::EigenBase<Derived>::const_cast_derived() const [with Derived = Eigen::Matrix<double, 3, 1>]	16	static
C:/Users/Richard/Desktop/Embedded Project/Final Project/Drivers/Eigen/src/Core/AssignEvaluator.h:633:3:Eigen::internal::generic_dense_assignment_kernel<DstEvaluatorTypeT, SrcEvaluatorTypeT, Functor, Version>::generic_dense_assignment_kernel(DstEvaluatorType&, const SrcEvaluatorType&, const Functor&, DstXprType&) [with DstEvaluatorTypeT = Eigen::internal::evaluator<Eigen::Matrix<double, 3, 1> >; SrcEvaluatorTypeT = Eigen::internal::evaluator<Eigen::Matrix<double, 3, 1> >; Functor = Eigen::internal::assign_op<double, double>; int Version = 0]	24	static
C:/Users/Richard/Desktop/Embedded Project/Final Project/Drivers/Eigen/src/Core/AssignEvaluator.h:525:53:static void Eigen::internal::dense_assignment_loop<Kernel, 1, 2>::run(Kernel&) [with Kernel = Eigen::internal::generic_dense_assignment_kernel<Eigen::internal::evaluator<Eigen::Matrix<double, 3, 1> >, Eigen::internal::evaluator<Eigen::Matrix<double, 3, 1> >, Eigen::internal::assign_op<double, double>, 0>]	16	static
C:/Users/Richard/Desktop/Embedded Project/Final Project/Drivers/Eigen/src/Core/DenseStorage.h:266:32:const T* Eigen::DenseStorage<T, Size, _Rows, _Cols, _Options>::data() const [with T = double; int Size = 9; int _Rows = 3; int _Cols = 3; int _Options = 0]	16	static
C:/Users/Richard/Desktop/Embedded Project/Final Project/Drivers/Eigen/src/Core/Block.h:162:43:Eigen::BlockImpl<XprType, BlockRows, BlockCols, InnerPanel, Eigen::Dense>::BlockImpl(XprType&, Eigen::Index) [with XprType = const Eigen::Matrix<double, 3, 3>; int BlockRows = 3; int BlockCols = 1; bool InnerPanel = true]	24	static
C:/Users/Richard/Desktop/Embedded Project/Final Project/Drivers/Eigen/src/Core/DenseBase.h:681:23:Eigen::DenseBase<Derived>::DenseBase() [with Derived = Eigen::CwiseBinaryOp<Eigen::internal::scalar_product_op<double, double>, const Eigen::Matrix<double, 3, 1>, const Eigen::Block<const Eigen::Matrix<double, 3, 3>, 3, 1, true> >]	16	static
C:/Users/Richard/Desktop/Embedded Project/Final Project/Drivers/Eigen/src/Core/MapBase.h:91:18:constexpr Eigen::Index Eigen::MapBase<Derived, 0>::rows() const [with Derived = Eigen::Block<const Eigen::Matrix<double, 3, 3>, 3, 1, true>]	16	static
C:/Users/Richard/Desktop/Embedded Project/Final Project/Drivers/Eigen/src/Core/MapBase.h:94:18:constexpr Eigen::Index Eigen::MapBase<Derived, 0>::cols() const [with Derived = Eigen::Block<const Eigen::Matrix<double, 3, 3>, 3, 1, true>]	16	static
C:/Users/Richard/Desktop/Embedded Project/Final Project/Drivers/Eigen/src/Core/EigenBase.h:60:16:constexpr Eigen::EigenBase<Derived>::Index Eigen::EigenBase<Derived>::rows() const [with Derived = Eigen::CwiseBinaryOp<Eigen::internal::scalar_product_op<double, double>, const Eigen::Matrix<double, 3, 1>, const Eigen::Block<const Eigen::Matrix<double, 3, 3>, 3, 1, true> >]	16	static
C:/Users/Richard/Desktop/Embedded Project/Final Project/Drivers/Eigen/src/Core/EigenBase.h:63:16:constexpr Eigen::EigenBase<Derived>::Index Eigen::EigenBase<Derived>::cols() const [with Derived = Eigen::CwiseBinaryOp<Eigen::internal::scalar_product_op<double, double>, const Eigen::Matrix<double, 3, 1>, const Eigen::Block<const Eigen::Matrix<double, 3, 3>, 3, 1, true> >]	16	static
C:/Users/Richard/Desktop/Embedded Project/Final Project/Drivers/Eigen/src/Core/Redux.h:363:12:Eigen::internal::redux_evaluator<_XprType>::redux_evaluator(const XprType&) [with _XprType = Eigen::CwiseBinaryOp<Eigen::internal::scalar_product_op<double, double>, const Eigen::Matrix<double, 3, 1>, const Eigen::Block<const Eigen::Matrix<double, 3, 3>, 3, 1, true> >]	16	static
C:/Users/Richard/Desktop/Embedded Project/Final Project/Drivers/Eigen/src/Core/CoreEvaluators.h:122:41:Eigen::internal::evaluator_base<ExpressionType>::~evaluator_base() [with ExpressionType = Eigen::CwiseBinaryOp<Eigen::internal::scalar_product_op<double, double>, const Eigen::Matrix<double, 3, 1>, const Eigen::Block<const Eigen::Matrix<double, 3, 3>, 3, 1, true> >]	16	static
C:/Users/Richard/Desktop/Embedded Project/Final Project/Drivers/Eigen/src/Core/CoreEvaluators.h:122:41:Eigen::internal::evaluator_base<ExpressionType>::~evaluator_base() [with ExpressionType = Eigen::Block<const Eigen::Matrix<double, 3, 3>, 3, 1, true>]	16	static
C:/Users/Richard/Desktop/Embedded Project/Final Project/Drivers/Eigen/src/Core/Redux.h:220:10:static Eigen::internal::redux_impl<Func, Evaluator, 0, 2>::Scalar Eigen::internal::redux_impl<Func, Evaluator, 0, 2>::run(const Evaluator&, const Func&, const XprType&) [with XprType = Eigen::CwiseBinaryOp<Eigen::internal::scalar_product_op<double, double>, const Eigen::Matrix<double, 3, 1>, const Eigen::Block<const Eigen::Matrix<double, 3, 3>, 3, 1, true> >; Func = Eigen::internal::scalar_sum_op<double, double>; Evaluator = Eigen::internal::redux_evaluator<Eigen::CwiseBinaryOp<Eigen::internal::scalar_product_op<double, double>, const Eigen::Matrix<double, 3, 1>, const Eigen::Block<const Eigen::Matrix<double, 3, 3>, 3, 1, true> > >]	24	static
C:/Users/Richard/Desktop/Embedded Project/Final Project/Drivers/Eigen/src/Core/Block.h:118:5:Eigen::Block<XprType, BlockRows, BlockCols, InnerPanel>::Block(XprType&, Eigen::Index) [with XprType = Eigen::Matrix<double, 3, 3>; int BlockRows = 1; int BlockCols = 3; bool InnerPanel = false]	24	static
C:/Users/Richard/Desktop/Embedded Project/Final Project/Drivers/Eigen/src/Core/functors/NullaryFunctors.h:20:41:Eigen::internal::scalar_constant_op<Scalar>::scalar_constant_op(const Scalar&) [with Scalar = double]	16	static
C:/Users/Richard/Desktop/Embedded Project/Final Project/Drivers/Eigen/src/Core/MatrixBase.h:485:5:Eigen::MatrixBase<Derived>::MatrixBase() [with Derived = Eigen::CwiseNullaryOp<Eigen::internal::scalar_constant_op<double>, const Eigen::Matrix<double, 3, 1> >]	16	static
C:/Users/Richard/Desktop/Embedded Project/Final Project/Drivers/Eigen/src/Core/CwiseNullaryOp.h:68:5:Eigen::CwiseNullaryOp<NullaryOp, MatrixType>::CwiseNullaryOp(Eigen::Index, Eigen::Index, const NullaryOp&) [with NullaryOp = Eigen::internal::scalar_constant_op<double>; PlainObjectType = const Eigen::Matrix<double, 3, 1>]	24	static
C:/Users/Richard/Desktop/Embedded Project/Final Project/Drivers/Eigen/src/Core/MatrixBase.h:485:5:Eigen::MatrixBase<Derived>::MatrixBase() [with Derived = Eigen::CwiseBinaryOp<Eigen::internal::scalar_product_op<double, double>, const Eigen::Matrix<double, 3, 1>, const Eigen::CwiseNullaryOp<Eigen::internal::scalar_constant_op<double>, const Eigen::Matrix<double, 3, 1> > >]	16	static
C:/Users/Richard/Desktop/Embedded Project/Final Project/Drivers/Eigen/src/Core/CwiseBinaryOp.h:148:7:Eigen::CwiseBinaryOpImpl<Eigen::internal::scalar_product_op<double, double>, const Eigen::Matrix<double, 3, 1>, const Eigen::CwiseNullaryOp<Eigen::internal::scalar_constant_op<double>, const Eigen::Matrix<double, 3, 1> >, Eigen::Dense>::CwiseBinaryOpImpl()	16	static
C:/Users/Richard/Desktop/Embedded Project/Final Project/Drivers/Eigen/src/Core/CwiseBinaryOp.h:110:5:Eigen::CwiseBinaryOp<BinaryOp, Lhs, Rhs>::CwiseBinaryOp(const Lhs&, const Rhs&, const BinaryOp&) [with BinaryOp = Eigen::internal::scalar_product_op<double, double>; LhsType = const Eigen::Matrix<double, 3, 1>; RhsType = const Eigen::CwiseNullaryOp<Eigen::internal::scalar_constant_op<double>, const Eigen::Matrix<double, 3, 1> >]	32	static
C:/Users/Richard/Desktop/Embedded Project/Final Project/Drivers/Eigen/src/Core/functors/NullaryFunctors.h:19:41:Eigen::internal::scalar_constant_op<Scalar>::scalar_constant_op(const Eigen::internal::scalar_constant_op<Scalar>&) [with Scalar = double]	16	static
C:/Users/Richard/Desktop/Embedded Project/Final Project/Drivers/Eigen/src/Core/EigenBase.h:46:12:Derived& Eigen::EigenBase<Derived>::derived() [with Derived = Eigen::Block<Eigen::Matrix<double, 3, 3>, 1, 3, false>]	16	static
C:/Users/Richard/Desktop/Embedded Project/Final Project/Drivers/Eigen/src/Core/EigenBase.h:49:18:const Derived& Eigen::EigenBase<Derived>::derived() const [with Derived = Eigen::CwiseBinaryOp<Eigen::internal::scalar_product_op<double, double>, const Eigen::Matrix<double, 3, 1>, const Eigen::CwiseNullaryOp<Eigen::internal::scalar_constant_op<double>, const Eigen::Matrix<double, 3, 1> > >]	16	static
C:/Users/Richard/Desktop/Embedded Project/Final Project/Drivers/Eigen/src/Core/AssignEvaluator.h:834:6:void Eigen::internal::call_assignment(Dst&, const Src&) [with Dst = Eigen::Block<Eigen::Matrix<double, 3, 3>, 1, 3, false>; Src = Eigen::CwiseBinaryOp<scalar_product_op<double, double>, const Eigen::Matrix<double, 3, 1>, const Eigen::CwiseNullaryOp<scalar_constant_op<double>, const Eigen::Matrix<double, 3, 1> > >]	24	static
C:/Users/Richard/Desktop/Embedded Project/Final Project/Drivers/Eigen/src/Core/ProductEvaluators.h:141:8:static void Eigen::internal::Assignment<DstXprType, Eigen::Product<Lhs, Rhs, Options>, Eigen::internal::assign_op<Scalar, Scalar>, Eigen::internal::Dense2Dense, typename Eigen::internal::enable_if<((Options == Eigen::DefaultProduct) || (Options == Eigen::AliasFreeProduct))>::type>::run(DstXprType&, const SrcXprType&, const Eigen::internal::assign_op<Scalar, Scalar>&) [with DstXprType = Eigen::Matrix<double, 3, 1>; Lhs = Eigen::Matrix<double, 3, 3>; Rhs = Eigen::Matrix<double, 3, 1>; int Options = 0; Scalar = double]	40	static
C:/Users/Richard/Desktop/Embedded Project/Final Project/Drivers/Eigen/src/Core/PlainObjectBase.h:271:30:void Eigen::PlainObjectBase<Derived>::resize(Eigen::Index, Eigen::Index) [with Derived = Eigen::Matrix<double, 3, 1>]	32	static
C:/Users/Richard/Desktop/Embedded Project/Final Project/Drivers/Eigen/src/Core/AssignEvaluator.h:245:53:static void Eigen::internal::copy_using_evaluator_LinearTraversal_CompleteUnrolling<Kernel, Index, Stop>::run(Kernel&) [with Kernel = Eigen::internal::generic_dense_assignment_kernel<Eigen::internal::evaluator<Eigen::Matrix<double, 3, 1> >, Eigen::internal::evaluator<Eigen::Matrix<double, 3, 1> >, Eigen::internal::assign_op<double, double>, 0>; int Index = 0; int Stop = 3]	16	static
C:/Users/Richard/Desktop/Embedded Project/Final Project/Drivers/Eigen/src/Core/Block.h:346:5:Eigen::internal::BlockImpl_dense<XprType, BlockRows, BlockCols, InnerPanel, true>::BlockImpl_dense(XprType&, Eigen::Index) [with XprType = const Eigen::Matrix<double, 3, 3>; int BlockRows = 3; int BlockCols = 1; bool InnerPanel = true]	32	static
C:/Users/Richard/Desktop/Embedded Project/Final Project/Drivers/Eigen/src/Core/util/XprHelper.h:135:7:static constexpr T Eigen::internal::variable_if_dynamic<T, Value>::value() [with T = int; int Value = 3]	4	static
C:/Users/Richard/Desktop/Embedded Project/Final Project/Drivers/Eigen/src/Core/util/XprHelper.h:135:7:static constexpr T Eigen::internal::variable_if_dynamic<T, Value>::value() [with T = int; int Value = 1]	4	static
C:/Users/Richard/Desktop/Embedded Project/Final Project/Drivers/Eigen/src/Core/CwiseBinaryOp.h:120:11:constexpr Eigen::Index Eigen::CwiseBinaryOp<BinaryOp, Lhs, Rhs>::rows() const [with BinaryOp = Eigen::internal::scalar_product_op<double, double>; LhsType = const Eigen::Matrix<double, 3, 1>; RhsType = const Eigen::Block<const Eigen::Matrix<double, 3, 3>, 3, 1, true>]	16	static
C:/Users/Richard/Desktop/Embedded Project/Final Project/Drivers/Eigen/src/Core/CwiseBinaryOp.h:125:11:constexpr Eigen::Index Eigen::CwiseBinaryOp<BinaryOp, Lhs, Rhs>::cols() const [with BinaryOp = Eigen::internal::scalar_product_op<double, double>; LhsType = const Eigen::Matrix<double, 3, 1>; RhsType = const Eigen::Block<const Eigen::Matrix<double, 3, 3>, 3, 1, true>]	16	static
C:/Users/Richard/Desktop/Embedded Project/Final Project/Drivers/Eigen/src/Core/CoreEvaluators.h:729:12:Eigen::internal::evaluator<Eigen::CwiseBinaryOp<BinaryOp, Lhs, Rhs> >::evaluator(const XprType&) [with BinaryOp = Eigen::internal::scalar_product_op<double, double>; Lhs = const Eigen::Matrix<double, 3, 1>; Rhs = const Eigen::Block<const Eigen::Matrix<double, 3, 3>, 3, 1, true>]	16	static
C:/Users/Richard/Desktop/Embedded Project/Final Project/Drivers/Eigen/src/Core/Redux.h:108:37:static Eigen::internal::redux_novec_unroller<Func, Evaluator, Start, Length>::Scalar Eigen::internal::redux_novec_unroller<Func, Evaluator, Start, Length>::run(const Evaluator&, const Func&) [with Func = Eigen::internal::scalar_sum_op<double, double>; Evaluator = Eigen::internal::redux_evaluator<Eigen::CwiseBinaryOp<Eigen::internal::scalar_product_op<double, double>, const Eigen::Matrix<double, 3, 1>, const Eigen::Block<const Eigen::Matrix<double, 3, 3>, 3, 1, true> > >; int Start = 0; int Length = 3]	32	static
C:/Users/Richard/Desktop/Embedded Project/Final Project/Drivers/Eigen/src/Core/Block.h:162:43:Eigen::BlockImpl<XprType, BlockRows, BlockCols, InnerPanel, Eigen::Dense>::BlockImpl(XprType&, Eigen::Index) [with XprType = Eigen::Matrix<double, 3, 3>; int BlockRows = 1; int BlockCols = 3; bool InnerPanel = false]	24	static
C:/Users/Richard/Desktop/Embedded Project/Final Project/Drivers/Eigen/src/Core/DenseBase.h:681:23:Eigen::DenseBase<Derived>::DenseBase() [with Derived = Eigen::CwiseNullaryOp<Eigen::internal::scalar_constant_op<double>, const Eigen::Matrix<double, 3, 1> >]	16	static
C:/Users/Richard/Desktop/Embedded Project/Final Project/Drivers/Eigen/src/Core/util/XprHelper.h:133:52:Eigen::internal::variable_if_dynamic<T, Value>::variable_if_dynamic(T) [with T = int; int Value = 3]	16	static
C:/Users/Richard/Desktop/Embedded Project/Final Project/Drivers/Eigen/src/Core/util/XprHelper.h:133:52:Eigen::internal::variable_if_dynamic<T, Value>::variable_if_dynamic(T) [with T = int; int Value = 1]	16	static
C:/Users/Richard/Desktop/Embedded Project/Final Project/Drivers/Eigen/src/Core/DenseBase.h:681:23:Eigen::DenseBase<Derived>::DenseBase() [with Derived = Eigen::CwiseBinaryOp<Eigen::internal::scalar_product_op<double, double>, const Eigen::Matrix<double, 3, 1>, const Eigen::CwiseNullaryOp<Eigen::internal::scalar_constant_op<double>, const Eigen::Matrix<double, 3, 1> > >]	16	static
C:/Users/Richard/Desktop/Embedded Project/Final Project/Drivers/Eigen/src/Core/CwiseNullaryOp.h:78:11:constexpr Eigen::Index Eigen::CwiseNullaryOp<NullaryOp, MatrixType>::rows() const [with NullaryOp = Eigen::internal::scalar_constant_op<double>; PlainObjectType = const Eigen::Matrix<double, 3, 1>]	16	static
C:/Users/Richard/Desktop/Embedded Project/Final Project/Drivers/Eigen/src/Core/CwiseNullaryOp.h:80:11:constexpr Eigen::Index Eigen::CwiseNullaryOp<NullaryOp, MatrixType>::cols() const [with NullaryOp = Eigen::internal::scalar_constant_op<double>; PlainObjectType = const Eigen::Matrix<double, 3, 1>]	16	static
C:/Users/Richard/Desktop/Embedded Project/Final Project/Drivers/Eigen/src/Core/AssignEvaluator.h:856:6:void Eigen::internal::call_assignment(Dst&, const Src&, const Func&, typename enable_if<(! evaluator_assume_aliasing<Src>::value), void*>::type) [with Dst = Eigen::Block<Eigen::Matrix<double, 3, 3>, 1, 3, false>; Src = Eigen::CwiseBinaryOp<scalar_product_op<double, double>, const Eigen::Matrix<double, 3, 1>, const Eigen::CwiseNullaryOp<scalar_constant_op<double>, const Eigen::Matrix<double, 3, 1> > >; Func = assign_op<double, double>]	24	static
C:/Users/Richard/Desktop/Embedded Project/Final Project/Drivers/Eigen/src/Core/Product.h:102:11:constexpr Eigen::Index Eigen::Product<Lhs, Rhs, Option>::rows() const [with _Lhs = Eigen::Matrix<double, 3, 3>; _Rhs = Eigen::Matrix<double, 3, 1>; int Option = 0]	16	static
C:/Users/Richard/Desktop/Embedded Project/Final Project/Drivers/Eigen/src/Core/Product.h:104:11:constexpr Eigen::Index Eigen::Product<Lhs, Rhs, Option>::cols() const [with _Lhs = Eigen::Matrix<double, 3, 3>; _Rhs = Eigen::Matrix<double, 3, 1>; int Option = 0]	16	static
C:/Users/Richard/Desktop/Embedded Project/Final Project/Drivers/Eigen/src/Core/Product.h:107:29:const Eigen::Product<Lhs, Rhs, Option>::LhsNestedCleaned& Eigen::Product<Lhs, Rhs, Option>::lhs() const [with _Lhs = Eigen::Matrix<double, 3, 3>; _Rhs = Eigen::Matrix<double, 3, 1>; int Option = 0]	16	static
C:/Users/Richard/Desktop/Embedded Project/Final Project/Drivers/Eigen/src/Core/Product.h:109:29:const Eigen::Product<Lhs, Rhs, Option>::RhsNestedCleaned& Eigen::Product<Lhs, Rhs, Option>::rhs() const [with _Lhs = Eigen::Matrix<double, 3, 3>; _Rhs = Eigen::Matrix<double, 3, 1>; int Option = 0]	16	static
C:/Users/Richard/Desktop/Embedded Project/Final Project/Drivers/Eigen/src/Core/ProductEvaluators.h:398:53:static void Eigen::internal::generic_product_impl<Lhs, Rhs, Eigen::DenseShape, Eigen::DenseShape, 3>::evalTo(Dst&, const Lhs&, const Rhs&) [with Dst = Eigen::Matrix<double, 3, 1>; Lhs = Eigen::Matrix<double, 3, 3>; Rhs = Eigen::Matrix<double, 3, 1>]	40	static
C:/Users/Richard/Desktop/Embedded Project/Final Project/Drivers/Eigen/src/Core/DenseStorage.h:265:28:void Eigen::DenseStorage<T, Size, _Rows, _Cols, _Options>::resize(Eigen::Index, Eigen::Index, Eigen::Index) [with T = double; int Size = 3; int _Rows = 3; int _Cols = 1; int _Options = 0]	24	static
C:/Users/Richard/Desktop/Embedded Project/Final Project/Drivers/Eigen/src/Core/AssignEvaluator.h:658:46:void Eigen::internal::generic_dense_assignment_kernel<DstEvaluatorTypeT, SrcEvaluatorTypeT, Functor, Version>::assignCoeff(Eigen::Index) [with DstEvaluatorTypeT = Eigen::internal::evaluator<Eigen::Matrix<double, 3, 1> >; SrcEvaluatorTypeT = Eigen::internal::evaluator<Eigen::Matrix<double, 3, 1> >; Functor = Eigen::internal::assign_op<double, double>; int Version = 0]	24	static
C:/Users/Richard/Desktop/Embedded Project/Final Project/Drivers/Eigen/src/Core/AssignEvaluator.h:245:53:static void Eigen::internal::copy_using_evaluator_LinearTraversal_CompleteUnrolling<Kernel, Index, Stop>::run(Kernel&) [with Kernel = Eigen::internal::generic_dense_assignment_kernel<Eigen::internal::evaluator<Eigen::Matrix<double, 3, 1> >, Eigen::internal::evaluator<Eigen::Matrix<double, 3, 1> >, Eigen::internal::assign_op<double, double>, 0>; int Index = 1; int Stop = 3]	16	static
C:/Users/Richard/Desktop/Embedded Project/Final Project/Drivers/Eigen/src/Core/Matrix.h:427:18:constexpr Eigen::Index Eigen::Matrix<_Scalar, _Rows, _Cols, _Options, _MaxRows, _MaxCols>::innerStride() const [with _Scalar = double; int _Rows = 3; int _Cols = 3; int _Options = 0; int _MaxRows = 3; int _MaxCols = 3]	16	static
C:/Users/Richard/Desktop/Embedded Project/Final Project/Drivers/Eigen/src/Core/Matrix.h:429:18:constexpr Eigen::Index Eigen::Matrix<_Scalar, _Rows, _Cols, _Options, _MaxRows, _MaxCols>::outerStride() const [with _Scalar = double; int _Rows = 3; int _Cols = 3; int _Options = 0; int _MaxRows = 3; int _MaxCols = 3]	16	static
C:/Users/Richard/Desktop/Embedded Project/Final Project/Drivers/Eigen/src/Core/MatrixBase.h:485:5:Eigen::MatrixBase<Derived>::MatrixBase() [with Derived = Eigen::Block<const Eigen::Matrix<double, 3, 3>, 3, 1, true>]	16	static
C:/Users/Richard/Desktop/Embedded Project/Final Project/Drivers/Eigen/src/Core/MapBase.h:173:12:Eigen::MapBase<Derived, 0>::MapBase(PointerType, Eigen::Index, Eigen::Index) [with Derived = Eigen::Block<const Eigen::Matrix<double, 3, 3>, 3, 1, true>]	24	static
C:/Users/Richard/Desktop/Embedded Project/Final Project/Drivers/Eigen/src/Core/util/XprHelper.h:146:52:Eigen::internal::variable_if_dynamic<T, -1>::variable_if_dynamic(T) [with T = int]	16	static
C:/Users/Richard/Desktop/Embedded Project/Final Project/Drivers/Eigen/src/Core/Block.h:431:10:void Eigen::internal::BlockImpl_dense<XprType, BlockRows, BlockCols, InnerPanel, true>::init() [with XprType = const Eigen::Matrix<double, 3, 3>; int BlockRows = 3; int BlockCols = 1; bool InnerPanel = true]	16	static
C:/Users/Richard/Desktop/Embedded Project/Final Project/Drivers/Eigen/src/Core/CoreEvaluators.h:758:12:Eigen::internal::binary_evaluator<Eigen::CwiseBinaryOp<BinaryOp, Lhs, Rhs>, Eigen::internal::IndexBased, Eigen::internal::IndexBased>::binary_evaluator(const XprType&) [with BinaryOp = Eigen::internal::scalar_product_op<double, double>; Lhs = const Eigen::Matrix<double, 3, 1>; Rhs = const Eigen::Block<const Eigen::Matrix<double, 3, 3>, 3, 1, true>]	16	static
C:/Users/Richard/Desktop/Embedded Project/Final Project/Drivers/Eigen/src/Core/Redux.h:126:37:static Eigen::internal::redux_novec_unroller<Func, Evaluator, Start, 1>::Scalar Eigen::internal::redux_novec_unroller<Func, Evaluator, Start, 1>::run(const Evaluator&, const Func&) [with Func = Eigen::internal::scalar_sum_op<double, double>; Evaluator = Eigen::internal::redux_evaluator<Eigen::CwiseBinaryOp<Eigen::internal::scalar_product_op<double, double>, const Eigen::Matrix<double, 3, 1>, const Eigen::Block<const Eigen::Matrix<double, 3, 3>, 3, 1, true> > >; int Start = 0]	16	static
C:/Users/Richard/Desktop/Embedded Project/Final Project/Drivers/Eigen/src/Core/Redux.h:108:37:static Eigen::internal::redux_novec_unroller<Func, Evaluator, Start, Length>::Scalar Eigen::internal::redux_novec_unroller<Func, Evaluator, Start, Length>::run(const Evaluator&, const Func&) [with Func = Eigen::internal::scalar_sum_op<double, double>; Evaluator = Eigen::internal::redux_evaluator<Eigen::CwiseBinaryOp<Eigen::internal::scalar_product_op<double, double>, const Eigen::Matrix<double, 3, 1>, const Eigen::Block<const Eigen::Matrix<double, 3, 3>, 3, 1, true> > >; int Start = 1; int Length = 2]	32	static
C:/Users/Richard/Desktop/Embedded Project/Final Project/Drivers/Eigen/src/Core/functors/BinaryFunctors.h:42:53:Eigen::internal::scalar_sum_op<LhsScalar, RhsScalar>::result_type Eigen::internal::scalar_sum_op<LhsScalar, RhsScalar>::operator()(const LhsScalar&, const RhsScalar&) const [with LhsScalar = double; RhsScalar = double]	24	static
C:/Users/Richard/Desktop/Embedded Project/Final Project/Drivers/Eigen/src/Core/Block.h:346:5:Eigen::internal::BlockImpl_dense<XprType, BlockRows, BlockCols, InnerPanel, true>::BlockImpl_dense(XprType&, Eigen::Index) [with XprType = Eigen::Matrix<double, 3, 3>; int BlockRows = 1; int BlockCols = 3; bool InnerPanel = false]	32	static
C:/Users/Richard/Desktop/Embedded Project/Final Project/Drivers/Eigen/src/Core/AssignEvaluator.h:873:6:void Eigen::internal::call_assignment_no_alias(Dst&, const Src&, const Func&) [with Dst = Eigen::Block<Eigen::Matrix<double, 3, 3>, 1, 3, false>; Src = Eigen::CwiseBinaryOp<scalar_product_op<double, double>, const Eigen::Matrix<double, 3, 1>, const Eigen::CwiseNullaryOp<scalar_constant_op<double>, const Eigen::Matrix<double, 3, 1> > >; Func = assign_op<double, double>]	48	static
C:/Users/Richard/Desktop/Embedded Project/Final Project/Drivers/Eigen/src/Core/GeneralProduct.h:442:1:const Eigen::Product<Derived, OtherDerived, 1> Eigen::MatrixBase<Derived>::lazyProduct(const Eigen::MatrixBase<OtherDerived>&) const [with OtherDerived = Eigen::Matrix<double, 3, 1>; Derived = Eigen::Matrix<double, 3, 3>]	32	static
C:/Users/Richard/Desktop/Embedded Project/Final Project/Drivers/Eigen/src/Core/AssignEvaluator.h:873:6:void Eigen::internal::call_assignment_no_alias(Dst&, const Src&, const Func&) [with Dst = Eigen::Matrix<double, 3, 1>; Src = Eigen::Product<Eigen::Matrix<double, 3, 3>, Eigen::Matrix<double, 3, 1>, 1>; Func = assign_op<double, double>]	32	static
C:/Users/Richard/Desktop/Embedded Project/Final Project/Drivers/Eigen/src/Core/CoreEvaluators.h:211:19:Eigen::internal::evaluator<Eigen::PlainObjectBase<Derived> >::CoeffReturnType Eigen::internal::evaluator<Eigen::PlainObjectBase<Derived> >::coeff(Eigen::Index) const [with Derived = Eigen::Matrix<double, 3, 1>]	16	static
C:/Users/Richard/Desktop/Embedded Project/Final Project/Drivers/Eigen/src/Core/functors/AssignmentFunctors.h:24:46:void Eigen::internal::assign_op<DstScalar, SrcScalar>::assignCoeff(DstScalar&, const SrcScalar&) const [with DstScalar = double; SrcScalar = double]	24	static
C:/Users/Richard/Desktop/Embedded Project/Final Project/Drivers/Eigen/src/Core/AssignEvaluator.h:245:53:static void Eigen::internal::copy_using_evaluator_LinearTraversal_CompleteUnrolling<Kernel, Index, Stop>::run(Kernel&) [with Kernel = Eigen::internal::generic_dense_assignment_kernel<Eigen::internal::evaluator<Eigen::Matrix<double, 3, 1> >, Eigen::internal::evaluator<Eigen::Matrix<double, 3, 1> >, Eigen::internal::assign_op<double, double>, 0>; int Index = 2; int Stop = 3]	16	static
C:/Users/Richard/Desktop/Embedded Project/Final Project/Drivers/Eigen/src/Core/DenseBase.h:235:11:constexpr Eigen::Index Eigen::DenseBase<Derived>::innerSize() const [with Derived = Eigen::Matrix<double, 3, 3>]	16	static
C:/Users/Richard/Desktop/Embedded Project/Final Project/Drivers/Eigen/src/Core/DenseBase.h:681:23:Eigen::DenseBase<Derived>::DenseBase() [with Derived = Eigen::Block<const Eigen::Matrix<double, 3, 3>, 3, 1, true>]	16	static
C:/Users/Richard/Desktop/Embedded Project/Final Project/Drivers/Eigen/src/Core/MapBase.h:205:10:void Eigen::MapBase<Derived, 0>::checkSanity(typename Eigen::internal::enable_if<(Eigen::internal::traits<OtherDerived>::Alignment == 0), void*>::type) const [with T = Eigen::Block<const Eigen::Matrix<double, 3, 3>, 3, 1, true>; Derived = Eigen::Block<const Eigen::Matrix<double, 3, 3>, 3, 1, true>]	16	static
C:/Users/Richard/Desktop/Embedded Project/Final Project/Drivers/Eigen/src/Core/CoreEvaluators.h:121:41:Eigen::internal::evaluator_base<ExpressionType>::evaluator_base() [with ExpressionType = Eigen::CwiseBinaryOp<Eigen::internal::scalar_product_op<double, double>, const Eigen::Matrix<double, 3, 1>, const Eigen::Block<const Eigen::Matrix<double, 3, 3>, 3, 1, true> >]	16	static
C:/Users/Richard/Desktop/Embedded Project/Final Project/Drivers/Eigen/src/Core/CoreEvaluators.h:800:5:Eigen::internal::binary_evaluator<Eigen::CwiseBinaryOp<BinaryOp, Lhs, Rhs>, Eigen::internal::IndexBased, Eigen::internal::IndexBased>::Data::Data(const Eigen::internal::binary_evaluator<Eigen::CwiseBinaryOp<BinaryOp, Lhs, Rhs>, Eigen::internal::IndexBased, Eigen::internal::IndexBased>::XprType&) [with BinaryOp = Eigen::internal::scalar_product_op<double, double>; Lhs = const Eigen::Matrix<double, 3, 1>; Rhs = const Eigen::Block<const Eigen::Matrix<double, 3, 3>, 3, 1, true>]	24	static
C:/Users/Richard/Desktop/Embedded Project/Final Project/Drivers/Eigen/src/Core/Redux.h:380:19:Eigen::internal::redux_evaluator<_XprType>::CoeffReturnType Eigen::internal::redux_evaluator<_XprType>::coeffByOuterInner(Eigen::Index, Eigen::Index) const [with _XprType = Eigen::CwiseBinaryOp<Eigen::internal::scalar_product_op<double, double>, const Eigen::Matrix<double, 3, 1>, const Eigen::Block<const Eigen::Matrix<double, 3, 3>, 3, 1, true> >]	24	static
C:/Users/Richard/Desktop/Embedded Project/Final Project/Drivers/Eigen/src/Core/Redux.h:126:37:static Eigen::internal::redux_novec_unroller<Func, Evaluator, Start, 1>::Scalar Eigen::internal::redux_novec_unroller<Func, Evaluator, Start, 1>::run(const Evaluator&, const Func&) [with Func = Eigen::internal::scalar_sum_op<double, double>; Evaluator = Eigen::internal::redux_evaluator<Eigen::CwiseBinaryOp<Eigen::internal::scalar_product_op<double, double>, const Eigen::Matrix<double, 3, 1>, const Eigen::Block<const Eigen::Matrix<double, 3, 3>, 3, 1, true> > >; int Start = 1]	16	static
C:/Users/Richard/Desktop/Embedded Project/Final Project/Drivers/Eigen/src/Core/Redux.h:126:37:static Eigen::internal::redux_novec_unroller<Func, Evaluator, Start, 1>::Scalar Eigen::internal::redux_novec_unroller<Func, Evaluator, Start, 1>::run(const Evaluator&, const Func&) [with Func = Eigen::internal::scalar_sum_op<double, double>; Evaluator = Eigen::internal::redux_evaluator<Eigen::CwiseBinaryOp<Eigen::internal::scalar_product_op<double, double>, const Eigen::Matrix<double, 3, 1>, const Eigen::Block<const Eigen::Matrix<double, 3, 3>, 3, 1, true> > >; int Start = 2]	16	static
C:/Users/Richard/Desktop/Embedded Project/Final Project/Drivers/Eigen/src/Core/PlainObjectBase.h:251:51:Eigen::PlainObjectBase<Derived>::Scalar* Eigen::PlainObjectBase<Derived>::data() [with Derived = Eigen::Matrix<double, 3, 3>]	16	static
C:/Users/Richard/Desktop/Embedded Project/Final Project/Drivers/Eigen/src/Core/MapBase.h:289:30:Eigen::MapBase<Derived, 1>::MapBase(PointerType, Eigen::Index, Eigen::Index) [with Derived = Eigen::Block<Eigen::Matrix<double, 3, 3>, 1, 3, false>]	24	static
C:/Users/Richard/Desktop/Embedded Project/Final Project/Drivers/Eigen/src/Core/Block.h:431:10:void Eigen::internal::BlockImpl_dense<XprType, BlockRows, BlockCols, InnerPanel, true>::init() [with XprType = Eigen::Matrix<double, 3, 3>; int BlockRows = 1; int BlockCols = 3; bool InnerPanel = false]	16	static
C:/Users/Richard/Desktop/Embedded Project/Final Project/Drivers/Eigen/src/Core/MatrixBase.h:485:5:Eigen::MatrixBase<Derived>::MatrixBase() [with Derived = Eigen::Transpose<Eigen::Block<Eigen::Matrix<double, 3, 3>, 1, 3, false> >]	16	static
C:/Users/Richard/Desktop/Embedded Project/Final Project/Drivers/Eigen/src/Core/Transpose.h:157:5:Eigen::TransposeImpl<MatrixType, Eigen::Dense>::TransposeImpl() [with MatrixType = Eigen::Block<Eigen::Matrix<double, 3, 3>, 1, 3, false>]	16	static
C:/Users/Richard/Desktop/Embedded Project/Final Project/Drivers/Eigen/src/Core/Transpose.h:64:34:Eigen::Transpose<MatrixType>::Transpose(MatrixType&) [with MatrixType = Eigen::Block<Eigen::Matrix<double, 3, 3>, 1, 3, false>]	24	static
C:/Users/Richard/Desktop/Embedded Project/Final Project/Drivers/Eigen/src/Core/AssignEvaluator.h:948:35:static void Eigen::internal::Assignment<DstXprType, SrcXprType, Functor, Eigen::internal::Dense2Dense, Weak>::run(DstXprType&, const SrcXprType&, const Functor&) [with DstXprType = Eigen::Transpose<Eigen::Block<Eigen::Matrix<double, 3, 3>, 1, 3, false> >; SrcXprType = Eigen::CwiseBinaryOp<Eigen::internal::scalar_product_op<double, double>, const Eigen::Matrix<double, 3, 1>, const Eigen::CwiseNullaryOp<Eigen::internal::scalar_constant_op<double>, const Eigen::Matrix<double, 3, 1> > >; Functor = Eigen::internal::assign_op<double, double>; Weak = void]	24	static
C:/Users/Richard/Desktop/Embedded Project/Final Project/Drivers/Eigen/src/Core/MatrixBase.h:485:5:Eigen::MatrixBase<Derived>::MatrixBase() [with Derived = Eigen::Product<Eigen::Matrix<double, 3, 3>, Eigen::Matrix<double, 3, 1>, 1>]	16	static
C:/Users/Richard/Desktop/Embedded Project/Final Project/Drivers/Eigen/src/Core/Product.h:120:7:Eigen::internal::dense_product_base<Eigen::Matrix<double, 3, 3>, Eigen::Matrix<double, 3, 1>, 1, 3>::dense_product_base()	16	static
C:/Users/Richard/Desktop/Embedded Project/Final Project/Drivers/Eigen/src/Core/Product.h:152:7:Eigen::ProductImpl<Eigen::Matrix<double, 3, 3>, Eigen::Matrix<double, 3, 1>, 1, Eigen::Dense>::ProductImpl()	16	static
C:/Users/Richard/Desktop/Embedded Project/Final Project/Drivers/Eigen/src/Core/Product.h:94:5:Eigen::Product<Lhs, Rhs, Option>::Product(const Lhs&, const Rhs&) [with _Lhs = Eigen::Matrix<double, 3, 3>; _Rhs = Eigen::Matrix<double, 3, 1>; int Option = 1]	32	static
C:/Users/Richard/Desktop/Embedded Project/Final Project/Drivers/Eigen/src/Core/AssignEvaluator.h:948:35:static void Eigen::internal::Assignment<DstXprType, SrcXprType, Functor, Eigen::internal::Dense2Dense, Weak>::run(DstXprType&, const SrcXprType&, const Functor&) [with DstXprType = Eigen::Matrix<double, 3, 1>; SrcXprType = Eigen::Product<Eigen::Matrix<double, 3, 3>, Eigen::Matrix<double, 3, 1>, 1>; Functor = Eigen::internal::assign_op<double, double>; Weak = void]	24	static
C:/Users/Richard/Desktop/Embedded Project/Final Project/Drivers/Eigen/src/Core/AssignEvaluator.h:255:53:static void Eigen::internal::copy_using_evaluator_LinearTraversal_CompleteUnrolling<Kernel, Stop, Stop>::run(Kernel&) [with Kernel = Eigen::internal::generic_dense_assignment_kernel<Eigen::internal::evaluator<Eigen::Matrix<double, 3, 1> >, Eigen::internal::evaluator<Eigen::Matrix<double, 3, 1> >, Eigen::internal::assign_op<double, double>, 0>; int Stop = 3]	16	static
C:/Users/Richard/Desktop/Embedded Project/Final Project/Drivers/Eigen/src/Core/CwiseBinaryOp.h:138:21:const BinaryOp& Eigen::CwiseBinaryOp<BinaryOp, Lhs, Rhs>::functor() const [with BinaryOp = Eigen::internal::scalar_product_op<double, double>; LhsType = const Eigen::Matrix<double, 3, 1>; RhsType = const Eigen::Block<const Eigen::Matrix<double, 3, 3>, 3, 1, true>]	16	static
C:/Users/Richard/Desktop/Embedded Project/Final Project/Drivers/Eigen/src/Core/CwiseBinaryOp.h:132:23:const Eigen::CwiseBinaryOp<BinaryOp, Lhs, Rhs>::_LhsNested& Eigen::CwiseBinaryOp<BinaryOp, Lhs, Rhs>::lhs() const [with BinaryOp = Eigen::internal::scalar_product_op<double, double>; LhsType = const Eigen::Matrix<double, 3, 1>; RhsType = const Eigen::Block<const Eigen::Matrix<double, 3, 3>, 3, 1, true>]	16	static
C:/Users/Richard/Desktop/Embedded Project/Final Project/Drivers/Eigen/src/Core/CwiseBinaryOp.h:135:23:const Eigen::CwiseBinaryOp<BinaryOp, Lhs, Rhs>::_RhsNested& Eigen::CwiseBinaryOp<BinaryOp, Lhs, Rhs>::rhs() const [with BinaryOp = Eigen::internal::scalar_product_op<double, double>; LhsType = const Eigen::Matrix<double, 3, 1>; RhsType = const Eigen::Block<const Eigen::Matrix<double, 3, 3>, 3, 1, true>]	16	static
C:/Users/Richard/Desktop/Embedded Project/Final Project/Drivers/Eigen/src/Core/CoreEvaluators.h:104:12:Eigen::internal::evaluator<const T>::evaluator(const T&) [with T = Eigen::Matrix<double, 3, 1>]	16	static
C:/Users/Richard/Desktop/Embedded Project/Final Project/Drivers/Eigen/src/Core/CoreEvaluators.h:104:12:Eigen::internal::evaluator<const T>::evaluator(const T&) [with T = Eigen::Block<const Eigen::Matrix<double, 3, 3>, 3, 1, true>]	16	static
C:/Users/Richard/Desktop/Embedded Project/Final Project/Drivers/Eigen/src/Core/CoreEvaluators.h:767:19:Eigen::internal::binary_evaluator<Eigen::CwiseBinaryOp<BinaryOp, Lhs, Rhs>, Eigen::internal::IndexBased, Eigen::internal::IndexBased>::CoeffReturnType Eigen::internal::binary_evaluator<Eigen::CwiseBinaryOp<BinaryOp, Lhs, Rhs>, Eigen::internal::IndexBased, Eigen::internal::IndexBased>::coeff(Eigen::Index, Eigen::Index) const [with BinaryOp = Eigen::internal::scalar_product_op<double, double>; Lhs = const Eigen::Matrix<double, 3, 1>; Rhs = const Eigen::Block<const Eigen::Matrix<double, 3, 3>, 3, 1, true>]	40	static
C:/Users/Richard/Desktop/Embedded Project/Final Project/Drivers/Eigen/src/Core/MatrixBase.h:485:5:Eigen::MatrixBase<Derived>::MatrixBase() [with Derived = Eigen::Block<Eigen::Matrix<double, 3, 3>, 1, 3, false>]	16	static
C:/Users/Richard/Desktop/Embedded Project/Final Project/Drivers/Eigen/src/Core/MapBase.h:173:12:Eigen::MapBase<Derived, 0>::MapBase(PointerType, Eigen::Index, Eigen::Index) [with Derived = Eigen::Block<Eigen::Matrix<double, 3, 3>, 1, 3, false>]	24	static
C:/Users/Richard/Desktop/Embedded Project/Final Project/Drivers/Eigen/src/Core/DenseBase.h:681:23:Eigen::DenseBase<Derived>::DenseBase() [with Derived = Eigen::Transpose<Eigen::Block<Eigen::Matrix<double, 3, 3>, 1, 3, false> >]	16	static
C:/Users/Richard/Desktop/Embedded Project/Final Project/Drivers/Eigen/src/Core/Transpose.h:452:6:void Eigen::internal::check_for_aliasing(const Dst&, const Src&) [with Dst = Eigen::Transpose<Eigen::Block<Eigen::Matrix<double, 3, 3>, 1, 3, false> >; Src = Eigen::CwiseBinaryOp<scalar_product_op<double, double>, const Eigen::Matrix<double, 3, 1>, const Eigen::CwiseNullaryOp<scalar_constant_op<double>, const Eigen::Matrix<double, 3, 1> > >]	16	static
C:/Users/Richard/Desktop/Embedded Project/Final Project/Drivers/Eigen/src/Core/CoreEvaluators.h:497:8:Eigen::internal::evaluator<Eigen::CwiseNullaryOp<Eigen::internal::scalar_constant_op<double>, const Eigen::Matrix<double, 3, 1> > >::~evaluator()	16	static
C:/Users/Richard/Desktop/Embedded Project/Final Project/Drivers/Eigen/src/Core/CoreEvaluators.h:100:8:Eigen::internal::evaluator<const Eigen::CwiseNullaryOp<Eigen::internal::scalar_constant_op<double>, const Eigen::Matrix<double, 3, 1> > >::~evaluator()	16	static
C:/Users/Richard/Desktop/Embedded Project/Final Project/Drivers/Eigen/src/Core/CoreEvaluators.h:797:10:Eigen::internal::binary_evaluator<Eigen::CwiseBinaryOp<Eigen::internal::scalar_product_op<double, double>, const Eigen::Matrix<double, 3, 1>, const Eigen::CwiseNullaryOp<Eigen::internal::scalar_constant_op<double>, const Eigen::Matrix<double, 3, 1> > >, Eigen::internal::IndexBased, Eigen::internal::IndexBased, double, double>::Data::~Data()	16	static
[...]
C:/Users/Richard/Desktop/Embedded Project/Final Project/Drivers/Eigen/src/Core/MatrixBase.h:485:5:Eigen::MatrixBase<Derived>::MatrixBase() [with Derived = Eigen::Block<const Eigen::Matrix<double, 3, 3>, 1, 3, false>]	16	static
C:/Users/Richard/Desktop/Embedded Project/Final Project/Drivers/Eigen/src/Core/MapBase.h:173:12:Eigen::MapBase<Derived, 0>::MapBase(PointerType, Eigen::Index, Eigen::Index) [with Derived = Eigen::Block<const Eigen::Matrix<double, 3, 3>, 1, 3, false>]	24	static
C:/Users/Richard/Desktop/Embedded Project/Final Project/Drivers/Eigen/src/Core/Block.h:431:10:void Eigen::internal::BlockImpl_dense<XprType, BlockRows, BlockCols, InnerPanel, true>::init() [with XprType = const Eigen::Matrix<double, 3, 3>; int BlockRows = 1; int BlockCols = 3; bool InnerPanel = false]	16	static
C:/Users/Richard/Desktop/Embedded Project/Final Project/Drivers/Eigen/src/Core/Matrix.h:427:18:constexpr Eigen::Index Eigen::Matrix<_Scalar, _Rows, _Cols, _Options, _MaxRows, _MaxCols>::innerStride() const [with _Scalar = double; int _Rows = 3; int _Cols = 1; int _Options = 0; int _MaxRows = 3; int _MaxCols = 1]	16	static
C:/Users/Richard/Desktop/Embedded Project/Final Project/Drivers/Eigen/src/Core/MatrixBase.h:485:5:Eigen::MatrixBase<Derived>::MatrixBase() [with Derived = Eigen::Block<const Eigen::Matrix<double, 3, 1>, 3, 1, true>]	16	static
C:/Users/Richard/Desktop/Embedded Project/Final Project/Drivers/Eigen/src/Core/MapBase.h:173:12:Eigen::MapBase<Derived, 0>::MapBase(PointerType, Eigen::Index, Eigen::Index) [with Derived = Eigen::Block<const Eigen::Matrix<double, 3, 1>, 3, 1, true>]	24	static
C:/Users/Richard/Desktop/Embedded Project/Final Project/Drivers/Eigen/src/Core/util/XprHelper.h:133:52:Eigen::internal::variable_if_dynamic<T, Value>::variable_if_dynamic(T) [with T = int; int Value = 0]	16	static
C:/Users/Richard/Desktop/Embedded Project/Final Project/Drivers/Eigen/src/Core/Block.h:431:10:void Eigen::internal::BlockImpl_dense<XprType, BlockRows, BlockCols, InnerPanel, true>::init() [with XprType = const Eigen::Matrix<double, 3, 1>; int BlockRows = 3; int BlockCols = 1; bool InnerPanel = true]	16	static
C:/Users/Richard/Desktop/Embedded Project/Final Project/Drivers/Eigen/src/Core/CoreEvaluators.h:758:12:Eigen::internal::binary_evaluator<Eigen::CwiseBinaryOp<BinaryOp, Lhs, Rhs>, Eigen::internal::IndexBased, Eigen::internal::IndexBased>::binary_evaluator(const XprType&) [with BinaryOp = Eigen::internal::scalar_product_op<double, double>; Lhs = const Eigen::Transpose<const Eigen::Block<const Eigen::Matrix<double, 3, 3>, 1, 3, false> >; Rhs = const Eigen::Block<const Eigen::Matrix<double, 3, 1>, 3, 1, true>]	16	static
C:/Users/Richard/Desktop/Embedded Project/Final Project/Drivers/Eigen/src/Core/Redux.h:126:37:static Eigen::internal::redux_novec_unroller<Func, Evaluator, Start, 1>::Scalar Eigen::internal::redux_novec_unroller<Func, Evaluator, Start, 1>::run(const Evaluator&, const Func&) [with Func = Eigen::internal::scalar_sum_op<double, double>; Evaluator = Eigen::internal::redux_evaluator<Eigen::CwiseBinaryOp<Eigen::internal::scalar_product_op<double, double>, const Eigen::Transpose<const Eigen::Block<const Eigen::Matrix<double, 3, 3>, 1, 3, false> >, const Eigen::Block<const Eigen::Matrix<double, 3, 1>, 3, 1, true> > >; int Start = 0]	16	static
C:/Users/Richard/Desktop/Embedded Project/Final Project/Drivers/Eigen/src/Core/Redux.h:108:37:static Eigen::internal::redux_novec_unroller<Func, Evaluator, Start, Length>::Scalar Eigen::internal::redux_novec_unroller<Func, Evaluator, Start, Length>::run(const Evaluator&, const Func&) [with Func = Eigen::internal::scalar_sum_op<double, double>; Evaluator = Eigen::internal::redux_evaluator<Eigen::CwiseBinaryOp<Eigen::internal::scalar_product_op<double, double>, const Eigen::Transpose<const Eigen::Block<const Eigen::Matrix<double, 3, 3>, 1, 3, false> >, const Eigen::Block<const Eigen::Matrix<double, 3, 1>, 3, 1, true> > >; int Start = 1; int Length = 2]	32	static
C:/Users/Richard/Desktop/Embedded Project/Final Project/Drivers/Eigen/src/Core/DenseBase.h:681:23:Eigen::DenseBase<Derived>::DenseBase() [with Derived = Eigen::Block<const Eigen::Matrix<double, 3, 3>, 1, 3, false>]	16	static
C:/Users/Richard/Desktop/Embedded Project/Final Project/Drivers/Eigen/src/Core/MapBase.h:205:10:void Eigen::MapBase<Derived, 0>::checkSanity(typename Eigen::internal::enable_if<(Eigen::internal::traits<OtherDerived>::Alignment == 0), void*>::type) const [with T = Eigen::Block<const Eigen::Matrix<double, 3, 3>, 1, 3, false>; Derived = Eigen::Block<const Eigen::Matrix<double, 3, 3>, 1, 3, false>]	16	static
C:/Users/Richard/Desktop/Embedded Project/Final Project/Drivers/Eigen/src/Core/DenseBase.h:681:23:Eigen::DenseBase<Derived>::DenseBase() [with Derived = Eigen::Block<const Eigen::Matrix<double, 3, 1>, 3, 1, true>]	16	static
C:/Users/Richard/Desktop/Embedded Project/Final Project/Drivers/Eigen/src/Core/MapBase.h:205:10:void Eigen::MapBase<Derived, 0>::checkSanity(typename Eigen::internal::enable_if<(Eigen::internal::traits<OtherDerived>::Alignment == 0), void*>::type) const [with T = Eigen::Block<const Eigen::Matrix<double, 3, 1>, 3, 1, true>; Derived = Eigen::Block<const Eigen::Matrix<double, 3, 1>, 3, 1, true>]	16	static
C:/Users/Richard/Desktop/Embedded Project/Final Project/Drivers/Eigen/src/Core/CoreEvaluators.h:121:41:Eigen::internal::evaluator_base<ExpressionType>::evaluator_base() [with ExpressionType = Eigen::CwiseBinaryOp<Eigen::internal::scalar_product_op<double, double>, const Eigen::Transpose<const Eigen::Block<const Eigen::Matrix<double, 3, 3>, 1, 3, false> >, const Eigen::Block<const Eigen::Matrix<double, 3, 1>, 3, 1, true> >]	16	static
C:/Users/Richard/Desktop/Embedded Project/Final Project/Drivers/Eigen/src/Core/CoreEvaluators.h:800:5:Eigen::internal::binary_evaluator<Eigen::CwiseBinaryOp<BinaryOp, Lhs, Rhs>, Eigen::internal::IndexBased, Eigen::internal::IndexBased>::Data::Data(const Eigen::internal::binary_evaluator<Eigen::CwiseBinaryOp<BinaryOp, Lhs, Rhs>, Eigen::internal::IndexBased, Eigen::internal::IndexBased>::XprType&) [with BinaryOp = Eigen::internal::scalar_product_op<double, double>; Lhs = const Eigen::Transpose<const Eigen::Block<const Eigen::Matrix<double, 3, 3>, 1, 3, false> >; Rhs = const Eigen::Block<const Eigen::Matrix<double, 3, 1>, 3, 1, true>]	24	static
C:/Users/Richard/Desktop/Embedded Project/Final Project/Drivers/Eigen/src/Core/Redux.h:380:19:Eigen::internal::redux_evaluator<_XprType>::CoeffReturnType Eigen::internal::redux_evaluator<_XprType>::coeffByOuterInner(Eigen::Index, Eigen::Index) const [with _XprType = Eigen::CwiseBinaryOp<Eigen::internal::scalar_product_op<double, double>, const Eigen::Transpose<const Eigen::Block<const Eigen::Matrix<double, 3, 3>, 1, 3, false> >, const Eigen::Block<const Eigen::Matrix<double, 3, 1>, 3, 1, true> >]	24	static
C:/Users/Richard/Desktop/Embedded Project/Final Project/Drivers/Eigen/src/Core/Redux.h:126:37:static Eigen::internal::redux_novec_unroller<Func, Evaluator, Start, 1>::Scalar Eigen::internal::redux_novec_unroller<Func, Evaluator, Start, 1>::run(const Evaluator&, const Func&) [with Func = Eigen::internal::scalar_sum_op<double, double>; Evaluator = Eigen::internal::redux_evaluator<Eigen::CwiseBinaryOp<Eigen::internal::scalar_product_op<double, double>, const Eigen::Transpose<const Eigen::Block<const Eigen::Matrix<double, 3, 3>, 1, 3, false> >, const Eigen::Block<const Eigen::Matrix<double, 3, 1>, 3, 1, true> > >; int Start = 1]	16	static
C:/Users/Richard/Desktop/Embedded Project/Final Project/Drivers/Eigen/src/Core/Redux.h:126:37:static Eigen::internal::redux_novec_unroller<Func, Evaluator, Start, 1>::Scalar Eigen::internal::redux_novec_unroller<Func, Evaluator, Start, 1>::run(const Evaluator&, const Func&) [with Func = Eigen::internal::scalar_sum_op<double, double>; Evaluator = Eigen::internal::redux_evaluator<Eigen::CwiseBinaryOp<Eigen::internal::scalar_product_op<double, double>, const Eigen::Transpose<const Eigen::Block<const Eigen::Matrix<double, 3, 3>, 1, 3, false> >, const Eigen::Block<const Eigen::Matrix<double, 3, 1>, 3, 1, true> > >; int Start = 2]	16	static
C:/Users/Richard/Desktop/Embedded Project/Final Project/Drivers/Eigen/src/Core/CwiseBinaryOp.h:138:21:const BinaryOp& Eigen::CwiseBinaryOp<BinaryOp, Lhs, Rhs>::functor() const [with BinaryOp = Eigen::internal::scalar_product_op<double, double>; LhsType = const Eigen::Transpose<const Eigen::Block<const Eigen::Matrix<double, 3, 3>, 1, 3, false> >; RhsType = const Eigen::Block<const Eigen::Matrix<double, 3, 1>, 3, 1, true>]	16	static
C:/Users/Richard/Desktop/Embedded Project/Final Project/Drivers/Eigen/src/Core/CwiseBinaryOp.h:132:23:const Eigen::CwiseBinaryOp<BinaryOp, Lhs, Rhs>::_LhsNested& Eigen::CwiseBinaryOp<BinaryOp, Lhs, Rhs>::lhs() const [with BinaryOp = Eigen::internal::scalar_product_op<double, double>; LhsType = const Eigen::Transpose<const Eigen::Block<const Eigen::Matrix<double, 3, 3>, 1, 3, false> >; RhsType = const Eigen::Block<const Eigen::Matrix<double, 3, 1>, 3, 1, true>]	16	static
C:/Users/Richard/Desktop/Embedded Project/Final Project/Drivers/Eigen/src/Core/CwiseBinaryOp.h:135:23:const Eigen::CwiseBinaryOp<BinaryOp, Lhs, Rhs>::_RhsNested& Eigen::CwiseBinaryOp<BinaryOp, Lhs, Rhs>::rhs() const [with BinaryOp = Eigen::internal::scalar_product_op<double, double>; LhsType = const Eigen::Transpose<const Eigen::Block<const Eigen::Matrix<double, 3, 3>, 1, 3, false> >; RhsType = const Eigen::Block<const Eigen::Matrix<double, 3, 1>, 3, 1, true>]	16	static
C:/Users/Richard/Desktop/Embedded Project/Final Project/Drivers/Eigen/src/Core/CoreEvaluators.h:104:12:Eigen::internal::evaluator<const T>::evaluator(const T&) [with T = Eigen::Transpose<const Eigen::Block<const Eigen::Matrix<double, 3, 3>, 1, 3, false> >]	16	static
C:/Users/Richard/Desktop/Embedded Project/Final Project/Drivers/Eigen/src/Core/CoreEvaluators.h:104:12:Eigen::internal::evaluator<const T>::evaluator(const T&) [with T = Eigen::Block<const Eigen::Matrix<double, 3, 1>, 3, 1, true>]	16	static
C:/Users/Richard/Desktop/Embedded Project/Final Project/Drivers/Eigen/src/Core/CoreEvaluators.h:767:19:Eigen::internal::binary_evaluator<Eigen::CwiseBinaryOp<BinaryOp, Lhs, Rhs>, Eigen::internal::IndexBased, Eigen::internal::IndexBased>::CoeffReturnType Eigen::internal::binary_evaluator<Eigen::CwiseBinaryOp<BinaryOp, Lhs, Rhs>, Eigen::internal::IndexBased, Eigen::internal::IndexBased>::coeff(Eigen::Index, Eigen::Index) const [with BinaryOp = Eigen::internal::scalar_product_op<double, double>; Lhs = const Eigen::Transpose<const Eigen::Block<const Eigen::Matrix<double, 3, 3>, 1, 3, false> >; Rhs = const Eigen::Block<const Eigen::Matrix<double, 3, 1>, 3, 1, true>]	48	static
C:/Users/Richard/Desktop/Embedded Project/Final Project/Drivers/Eigen/src/Core/CoreEvaluators.h:94:12:Eigen::internal::evaluator<T>::evaluator(const T&) [with T = Eigen::Transpose<const Eigen::Block<const Eigen::Matrix<double, 3, 3>, 1, 3, false> >]	16	static
C:/Users/Richard/Desktop/Embedded Project/Final Project/Drivers/Eigen/src/Core/CoreEvaluators.h:1079:12:Eigen::internal::evaluator<Eigen::Block<ArgType, BlockRows, BlockCols, InnerPanel> >::evaluator(const XprType&) [with ArgType = const Eigen::Matrix<double, 3, 1>; int BlockRows = 3; int BlockCols = 1; bool InnerPanel = true]	16	static
C:/Users/Richard/Desktop/Embedded Project/Final Project/Drivers/Eigen/src/Core/CoreEvaluators.h:802:21:const BinaryOp& Eigen::internal::binary_evaluator<Eigen::CwiseBinaryOp<BinaryOp, Lhs, Rhs>, Eigen::internal::IndexBased, Eigen::internal::IndexBased>::Data::func() const [with BinaryOp = Eigen::internal::scalar_product_op<double, double>; Lhs = const Eigen::Transpose<const Eigen::Block<const Eigen::Matrix<double, 3, 3>, 1, 3, false> >; Rhs = const Eigen::Block<const Eigen::Matrix<double, 3, 1>, 3, 1, true>]	16	static
C:/Users/Richard/Desktop/Embedded Project/Final Project/Drivers/Eigen/src/Core/CoreEvaluators.h:323:19:Eigen::internal::unary_evaluator<Eigen::Transpose<Derived>, Eigen::internal::IndexBased>::CoeffReturnType Eigen::internal::unary_evaluator<Eigen::Transpose<Derived>, Eigen::internal::IndexBased>::coeff(Eigen::Index, Eigen::Index) const [with ArgType = const Eigen::Block<const Eigen::Matrix<double, 3, 3>, 1, 3, false>]	24	static
C:/Users/Richard/Desktop/Embedded Project/Final Project/Drivers/Eigen/src/Core/CoreEvaluators.h:909:19:Eigen::internal::mapbase_evaluator<Derived, PlainObjectType>::CoeffReturnType Eigen::internal::mapbase_evaluator<Derived, PlainObjectType>::coeff(Eigen::Index, Eigen::Index) const [with Derived = Eigen::Block<const Eigen::Matrix<double, 3, 1>, 3, 1, true>; PlainObjectType = Eigen::Matrix<double, 3, 1>]	32	static
C:/Users/Richard/Desktop/Embedded Project/Final Project/Drivers/Eigen/src/Core/CoreEvaluators.h:317:12:Eigen::internal::unary_evaluator<Eigen::Transpose<Derived>, Eigen::internal::IndexBased>::unary_evaluator(const XprType&) [with ArgType = const Eigen::Block<const Eigen::Matrix<double, 3, 3>, 1, 3, false>]	24	static
C:/Users/Richard/Desktop/Embedded Project/Final Project/Drivers/Eigen/src/Core/CoreEvaluators.h:1222:12:Eigen::internal::block_evaluator<ArgType, BlockRows, BlockCols, InnerPanel, true>::block_evaluator(const XprType&) [with ArgType = const Eigen::Matrix<double, 3, 1>; int BlockRows = 3; int BlockCols = 1; bool InnerPanel = true]	16	static
C:/Users/Richard/Desktop/Embedded Project/Final Project/Drivers/Eigen/src/Core/CoreEvaluators.h:909:19:Eigen::internal::mapbase_evaluator<Derived, PlainObjectType>::CoeffReturnType Eigen::internal::mapbase_evaluator<Derived, PlainObjectType>::coeff(Eigen::Index, Eigen::Index) const [with Derived = Eigen::Block<const Eigen::Matrix<double, 3, 3>, 1, 3, false>; PlainObjectType = Eigen::Matrix<double, 1, 3>]	32	static
C:/Users/Richard/Desktop/Embedded Project/Final Project/Drivers/Eigen/src/Core/CoreEvaluators.h:967:9:constexpr Eigen::Index Eigen::internal::mapbase_evaluator<Derived, PlainObjectType>::colStride() const [with Derived = Eigen::Block<const Eigen::Matrix<double, 3, 1>, 3, 1, true>; PlainObjectType = Eigen::Matrix<double, 3, 1>]	16	static
C:/Users/Richard/Desktop/Embedded Project/Final Project/Drivers/Eigen/src/Core/CoreEvaluators.h:963:9:constexpr Eigen::Index Eigen::internal::mapbase_evaluator<Derived, PlainObjectType>::rowStride() const [with Derived = Eigen::Block<const Eigen::Matrix<double, 3, 1>, 3, 1, true>; PlainObjectType = Eigen::Matrix<double, 3, 1>]	16	static
C:/Users/Richard/Desktop/Embedded Project/Final Project/Drivers/Eigen/src/Core/Transpose.h:76:5:const typename Eigen::internal::remove_all<typename Eigen::internal::ref_selector<T>::non_const_type>::type& Eigen::Transpose<MatrixType>::nestedExpression() const [with MatrixType = const Eigen::Block<const Eigen::Matrix<double, 3, 3>, 1, 3, false>]	16	static
C:/Users/Richard/Desktop/Embedded Project/Final Project/Drivers/Eigen/src/Core/CoreEvaluators.h:121:41:Eigen::internal::evaluator_base<ExpressionType>::evaluator_base() [with ExpressionType = Eigen::Transpose<const Eigen::Block<const Eigen::Matrix<double, 3, 3>, 1, 3, false> >]	16	static
C:/Users/Richard/Desktop/Embedded Project/Final Project/Drivers/Eigen/src/Core/CoreEvaluators.h:104:12:Eigen::internal::evaluator<const T>::evaluator(const T&) [with T = Eigen::Block<const Eigen::Matrix<double, 3, 3>, 1, 3, false>]	16	static
C:/Users/Richard/Desktop/Embedded Project/Final Project/Drivers/Eigen/src/Core/CoreEvaluators.h:898:12:Eigen::internal::mapbase_evaluator<Derived, PlainObjectType>::mapbase_evaluator(const XprType&) [with Derived = Eigen::Block<const Eigen::Matrix<double, 3, 1>, 3, 1, true>; PlainObjectType = Eigen::Matrix<double, 3, 1>]	24	static
C:/Users/Richard/Desktop/Embedded Project/Final Project/Drivers/Eigen/src/Core/MapBase.h:102:44:const Eigen::MapBase<Derived, 0>::Scalar* Eigen::MapBase<Derived, 0>::data() const [with Derived = Eigen::Block<const Eigen::Matrix<double, 3, 1>, 3, 1, true>]	16	static
C:/Users/Richard/Desktop/Embedded Project/Final Project/Drivers/Eigen/src/Core/CoreEvaluators.h:967:9:constexpr Eigen::Index Eigen::internal::mapbase_evaluator<Derived, PlainObjectType>::colStride() const [with Derived = Eigen::Block<const Eigen::Matrix<double, 3, 3>, 1, 3, false>; PlainObjectType = Eigen::Matrix<double, 1, 3>]	16	static
C:/Users/Richard/Desktop/Embedded Project/Final Project/Drivers/Eigen/src/Core/CoreEvaluators.h:963:9:constexpr Eigen::Index Eigen::internal::mapbase_evaluator<Derived, PlainObjectType>::rowStride() const [with Derived = Eigen::Block<const Eigen::Matrix<double, 3, 3>, 1, 3, false>; PlainObjectType = Eigen::Matrix<double, 1, 3>]	16	static
C:/Users/Richard/Desktop/Embedded Project/Final Project/Drivers/Eigen/src/Core/CoreEvaluators.h:1079:12:Eigen::internal::evaluator<Eigen::Block<ArgType, BlockRows, BlockCols, InnerPanel> >::evaluator(const XprType&) [with ArgType = const Eigen::Matrix<double, 3, 3>; int BlockRows = 1; int BlockCols = 3; bool InnerPanel = false]	16	static
C:/Users/Richard/Desktop/Embedded Project/Final Project/Drivers/Eigen/src/Core/Block.h:391:11:constexpr Eigen::Index Eigen::internal::BlockImpl_dense<XprType, BlockRows, BlockCols, InnerPanel, true>::innerStride() const [with XprType = const Eigen::Matrix<double, 3, 1>; int BlockRows = 3; int BlockCols = 1; bool InnerPanel = true]	16	static
C:/Users/Richard/Desktop/Embedded Project/Final Project/Drivers/Eigen/src/Core/Block.h:400:11:constexpr Eigen::Index Eigen::internal::BlockImpl_dense<XprType, BlockRows, BlockCols, InnerPanel, true>::outerStride() const [with XprType = const Eigen::Matrix<double, 3, 1>; int BlockRows = 3; int BlockCols = 1; bool InnerPanel = true]	16	static
C:/Users/Richard/Desktop/Embedded Project/Final Project/Drivers/Eigen/src/Core/CoreEvaluators.h:121:41:Eigen::internal::evaluator_base<ExpressionType>::evaluator_base() [with ExpressionType = Eigen::Block<const Eigen::Matrix<double, 3, 1>, 3, 1, true>]	16	static
C:/Users/Richard/Desktop/Embedded Project/Final Project/Drivers/Eigen/src/Core/CoreEvaluators.h:1222:12:Eigen::internal::block_evaluator<ArgType, BlockRows, BlockCols, InnerPanel, true>::block_evaluator(const XprType&) [with ArgType = const Eigen::Matrix<double, 3, 3>; int BlockRows = 1; int BlockCols = 3; bool InnerPanel = false]	16	static
C:/Users/Richard/Desktop/Embedded Project/Final Project/Drivers/Eigen/src/Core/CoreEvaluators.h:898:12:Eigen::internal::mapbase_evaluator<Derived, PlainObjectType>::mapbase_evaluator(const XprType&) [with Derived = Eigen::Block<const Eigen::Matrix<double, 3, 3>, 1, 3, false>; PlainObjectType = Eigen::Matrix<double, 1, 3>]	24	static
C:/Users/Richard/Desktop/Embedded Project/Final Project/Drivers/Eigen/src/Core/MapBase.h:102:44:const Eigen::MapBase<Derived, 0>::Scalar* Eigen::MapBase<Derived, 0>::data() const [with Derived = Eigen::Block<const Eigen::Matrix<double, 3, 3>, 1, 3, false>]	16	static
C:/Users/Richard/Desktop/Embedded Project/Final Project/Drivers/Eigen/src/Core/Block.h:391:11:constexpr Eigen::Index Eigen::internal::BlockImpl_dense<XprType, BlockRows, BlockCols, InnerPanel, true>::innerStride() const [with XprType = const Eigen::Matrix<double, 3, 3>; int BlockRows = 1; int BlockCols = 3; bool InnerPanel = false]	16	static
C:/Users/Richard/Desktop/Embedded Project/Final Project/Drivers/Eigen/src/Core/Block.h:400:11:constexpr Eigen::Index Eigen::internal::BlockImpl_dense<XprType, BlockRows, BlockCols, InnerPanel, true>::outerStride() const [with XprType = const Eigen::Matrix<double, 3, 3>; int BlockRows = 1; int BlockCols = 3; bool InnerPanel = false]	16	static
C:/Users/Richard/Desktop/Embedded Project/Final Project/Drivers/Eigen/src/Core/CoreEvaluators.h:121:41:Eigen::internal::evaluator_base<ExpressionType>::evaluator_base() [with ExpressionType = Eigen::Block<const Eigen::Matrix<double, 3, 3>, 1, 3, false>]	16	static
../Core/Src/main.cpp:920:1:void __static_initialization_and_destruction_0()	16	static
../Core/Src/main.cpp:920:1:cpp)	8	static
