C:/Users/Richard/Desktop/Embedded Project/Final Project/Drivers/CMSIS/CMSIS_DSP/Source/SVMFunctions/../../../CMSIS_DSP/Source/SVMFunctions/../../../CMSIS_DSP/Include/dsp/svm_functions.h:63:27:arm_exponent_f32	24	static
C:/Users/Richard/Desktop/Embedded Project/Final Project/Drivers/CMSIS/CMSIS_DSP/Source/SVMFunctions/../../../CMSIS_DSP/Source/SVMFunctions/arm_svm_linear_init_f32.c:71:24:arm_svm_linear_init_f32	32	static
C:/Users/Richard/Desktop/Embedded Project/Final Project/Drivers/CMSIS/CMSIS_DSP/Source/SVMFunctions/../../../CMSIS_DSP/Source/SVMFunctions/arm_svm_linear_predict_f32.c:434:24:arm_svm_linear_predict_f32	48	static
C:/Users/Richard/Desktop/Embedded Project/Final Project/Drivers/CMSIS/CMSIS_DSP/Source/SVMFunctions/../../../CMSIS_DSP/Source/SVMFunctions/arm_svm_polynomial_init_f32.c:69:24:arm_svm_polynomial_init_f32	40	static
C:/Users/Richard/Desktop/Embedded Project/Final Project/Drivers/CMSIS/CMSIS_DSP/Source/SVMFunctions/../../../CMSIS_DSP/Source/SVMFunctions/arm_svm_polynomial_predict_f32.c:461:24:arm_svm_polynomial_predict_f32	56	static
C:/Users/Richard/Desktop/Embedded Project/Final Project/Drivers/CMSIS/CMSIS_DSP/Source/SVMFunctions/../../../CMSIS_DSP/Source/SVMFunctions/arm_svm_rbf_init_f32.c:67:24:arm_svm_rbf_init_f32	32	static
C:/Users/Richard/Desktop/Embedded Project/Final Project/Drivers/CMSIS/CMSIS_DSP/Source/SVMFunctions/../../../CMSIS_DSP/Source/SVMFunctions/arm_svm_rbf_predict_f32.c:494:24:arm_svm_rbf_predict_f32	56	static
C:/Users/Richard/Desktop/Embedded Project/Final Project/Drivers/CMSIS/CMSIS_DSP/Source/SVMFunctions/../../../CMSIS_DSP/Source/SVMFunctions/arm_svm_sigmoid_init_f32.c:67:24:arm_svm_sigmoid_init_f32	40	static
C:/Users/Richard/Desktop/Embedded Project/Final Project/Drivers/CMSIS/CMSIS_DSP/Source/SVMFunctions/../../../CMSIS_DSP/Source/SVMFunctions/arm_svm_sigmoid_predict_f32.c:459:24:arm_svm_sigmoid_predict_f32	56	static
